Component: ARM Compiler 6.16 Tool: armlink [5dfeaa00]

==============================================================================

Section Cross References

    startup_stm32wb55xx_cm4.o(RESET) refers to startup_stm32wb55xx_cm4.o(STACK) for __initial_sp
    startup_stm32wb55xx_cm4.o(RESET) refers to startup_stm32wb55xx_cm4.o(.text) for Reset_Handler
    startup_stm32wb55xx_cm4.o(RESET) refers to stm32wbxx_it.o(.text.NMI_Handler) for NMI_Handler
    startup_stm32wb55xx_cm4.o(RESET) refers to stm32wbxx_it.o(.text.HardFault_Handler) for HardFault_Handler
    startup_stm32wb55xx_cm4.o(RESET) refers to stm32wbxx_it.o(.text.MemManage_Handler) for MemManage_Handler
    startup_stm32wb55xx_cm4.o(RESET) refers to stm32wbxx_it.o(.text.BusFault_Handler) for BusFault_Handler
    startup_stm32wb55xx_cm4.o(RESET) refers to stm32wbxx_it.o(.text.UsageFault_Handler) for UsageFault_Handler
    startup_stm32wb55xx_cm4.o(RESET) refers to stm32wbxx_it.o(.text.SVC_Handler) for SVC_Handler
    startup_stm32wb55xx_cm4.o(RESET) refers to stm32wbxx_it.o(.text.DebugMon_Handler) for DebugMon_Handler
    startup_stm32wb55xx_cm4.o(RESET) refers to stm32wbxx_it.o(.text.PendSV_Handler) for PendSV_Handler
    startup_stm32wb55xx_cm4.o(RESET) refers to stm32wbxx_it.o(.text.SysTick_Handler) for SysTick_Handler
    startup_stm32wb55xx_cm4.o(.text) refers to system_stm32wbxx.o(.text.SystemInit) for SystemInit
    startup_stm32wb55xx_cm4.o(.text) refers to entry.o(.ARM.Collect$$$$00000000) for __main
    main.o(.text.main) refers to main.o(.text.SystemClock_Config) for SystemClock_Config
    main.o(.ARM.exidx.text.main) refers to main.o(.text.main) for [Anonymous Symbol]
    main.o(.text.SystemClock_Config) refers to stm32wbxx_ll_utils.o(.text.LL_Init1msTick) for LL_Init1msTick
    main.o(.text.SystemClock_Config) refers to stm32wbxx_ll_utils.o(.text.LL_SetSystemCoreClock) for LL_SetSystemCoreClock
    main.o(.ARM.exidx.text.SystemClock_Config) refers to main.o(.text.SystemClock_Config) for [Anonymous Symbol]
    main.o(.ARM.exidx.text.PeriphCommonClock_Config) refers to main.o(.text.PeriphCommonClock_Config) for [Anonymous Symbol]
    main.o(.ARM.exidx.text.Error_Handler) refers to main.o(.text.Error_Handler) for [Anonymous Symbol]
    stm32wbxx_it.o(.ARM.exidx.text.NMI_Handler) refers to stm32wbxx_it.o(.text.NMI_Handler) for [Anonymous Symbol]
    stm32wbxx_it.o(.ARM.exidx.text.HardFault_Handler) refers to stm32wbxx_it.o(.text.HardFault_Handler) for [Anonymous Symbol]
    stm32wbxx_it.o(.ARM.exidx.text.MemManage_Handler) refers to stm32wbxx_it.o(.text.MemManage_Handler) for [Anonymous Symbol]
    stm32wbxx_it.o(.ARM.exidx.text.BusFault_Handler) refers to stm32wbxx_it.o(.text.BusFault_Handler) for [Anonymous Symbol]
    stm32wbxx_it.o(.ARM.exidx.text.UsageFault_Handler) refers to stm32wbxx_it.o(.text.UsageFault_Handler) for [Anonymous Symbol]
    stm32wbxx_it.o(.ARM.exidx.text.SVC_Handler) refers to stm32wbxx_it.o(.text.SVC_Handler) for [Anonymous Symbol]
    stm32wbxx_it.o(.ARM.exidx.text.DebugMon_Handler) refers to stm32wbxx_it.o(.text.DebugMon_Handler) for [Anonymous Symbol]
    stm32wbxx_it.o(.ARM.exidx.text.PendSV_Handler) refers to stm32wbxx_it.o(.text.PendSV_Handler) for [Anonymous Symbol]
    stm32wbxx_it.o(.ARM.exidx.text.SysTick_Handler) refers to stm32wbxx_it.o(.text.SysTick_Handler) for [Anonymous Symbol]
    stm32wbxx_ll_utils.o(.ARM.exidx.text.LL_Init1msTick) refers to stm32wbxx_ll_utils.o(.text.LL_Init1msTick) for [Anonymous Symbol]
    stm32wbxx_ll_utils.o(.ARM.exidx.text.LL_mDelay) refers to stm32wbxx_ll_utils.o(.text.LL_mDelay) for [Anonymous Symbol]
    stm32wbxx_ll_utils.o(.text.LL_SetSystemCoreClock) refers to system_stm32wbxx.o(.data.SystemCoreClock) for SystemCoreClock
    stm32wbxx_ll_utils.o(.ARM.exidx.text.LL_SetSystemCoreClock) refers to stm32wbxx_ll_utils.o(.text.LL_SetSystemCoreClock) for [Anonymous Symbol]
    stm32wbxx_ll_utils.o(.ARM.exidx.text.LL_SetFlashLatency) refers to stm32wbxx_ll_utils.o(.text.LL_SetFlashLatency) for [Anonymous Symbol]
    stm32wbxx_ll_utils.o(.text.LL_PLL_ConfigSystemClock_MSI) refers to stm32wbxx_ll_utils.o(.text.UTILS_PLL_IsBusy) for UTILS_PLL_IsBusy
    stm32wbxx_ll_utils.o(.text.LL_PLL_ConfigSystemClock_MSI) refers to stm32wbxx_ll_utils.o(.text.UTILS_GetPLLOutputFrequency) for UTILS_GetPLLOutputFrequency
    stm32wbxx_ll_utils.o(.text.LL_PLL_ConfigSystemClock_MSI) refers to stm32wbxx_ll_utils.o(.text.OUTLINED_FUNCTION_1) for OUTLINED_FUNCTION_1
    stm32wbxx_ll_utils.o(.text.LL_PLL_ConfigSystemClock_MSI) refers to stm32wbxx_ll_utils.o(.text.OUTLINED_FUNCTION_0) for OUTLINED_FUNCTION_0
    stm32wbxx_ll_utils.o(.text.LL_PLL_ConfigSystemClock_MSI) refers to stm32wbxx_ll_utils.o(.text.UTILS_EnablePLLAndSwitchSystem) for UTILS_EnablePLLAndSwitchSystem
    stm32wbxx_ll_utils.o(.text.LL_PLL_ConfigSystemClock_MSI) refers to system_stm32wbxx.o(.rodata.MSIRangeTable) for MSIRangeTable
    stm32wbxx_ll_utils.o(.text.LL_PLL_ConfigSystemClock_MSI) refers to system_stm32wbxx.o(.rodata.AHBPrescTable) for AHBPrescTable
    stm32wbxx_ll_utils.o(.ARM.exidx.text.LL_PLL_ConfigSystemClock_MSI) refers to stm32wbxx_ll_utils.o(.text.LL_PLL_ConfigSystemClock_MSI) for [Anonymous Symbol]
    stm32wbxx_ll_utils.o(.ARM.exidx.text.UTILS_PLL_IsBusy) refers to stm32wbxx_ll_utils.o(.text.UTILS_PLL_IsBusy) for [Anonymous Symbol]
    stm32wbxx_ll_utils.o(.ARM.exidx.text.UTILS_GetPLLOutputFrequency) refers to stm32wbxx_ll_utils.o(.text.UTILS_GetPLLOutputFrequency) for [Anonymous Symbol]
    stm32wbxx_ll_utils.o(.text.UTILS_EnablePLLAndSwitchSystem) refers to stm32wbxx_ll_utils.o(.text.LL_SetFlashLatency) for LL_SetFlashLatency
    stm32wbxx_ll_utils.o(.text.UTILS_EnablePLLAndSwitchSystem) refers to system_stm32wbxx.o(.data.SystemCoreClock) for SystemCoreClock
    stm32wbxx_ll_utils.o(.text.UTILS_EnablePLLAndSwitchSystem) refers to system_stm32wbxx.o(.rodata.AHBPrescTable) for AHBPrescTable
    stm32wbxx_ll_utils.o(.ARM.exidx.text.UTILS_EnablePLLAndSwitchSystem) refers to stm32wbxx_ll_utils.o(.text.UTILS_EnablePLLAndSwitchSystem) for [Anonymous Symbol]
    stm32wbxx_ll_utils.o(.text.LL_PLL_ConfigSystemClock_HSI) refers to stm32wbxx_ll_utils.o(.text.UTILS_PLL_IsBusy) for UTILS_PLL_IsBusy
    stm32wbxx_ll_utils.o(.text.LL_PLL_ConfigSystemClock_HSI) refers to stm32wbxx_ll_utils.o(.text.UTILS_GetPLLOutputFrequency) for UTILS_GetPLLOutputFrequency
    stm32wbxx_ll_utils.o(.text.LL_PLL_ConfigSystemClock_HSI) refers to stm32wbxx_ll_utils.o(.text.OUTLINED_FUNCTION_1) for OUTLINED_FUNCTION_1
    stm32wbxx_ll_utils.o(.text.LL_PLL_ConfigSystemClock_HSI) refers to stm32wbxx_ll_utils.o(.text.OUTLINED_FUNCTION_0) for OUTLINED_FUNCTION_0
    stm32wbxx_ll_utils.o(.text.LL_PLL_ConfigSystemClock_HSI) refers to stm32wbxx_ll_utils.o(.text.UTILS_EnablePLLAndSwitchSystem) for UTILS_EnablePLLAndSwitchSystem
    stm32wbxx_ll_utils.o(.text.LL_PLL_ConfigSystemClock_HSI) refers to system_stm32wbxx.o(.rodata.AHBPrescTable) for AHBPrescTable
    stm32wbxx_ll_utils.o(.ARM.exidx.text.LL_PLL_ConfigSystemClock_HSI) refers to stm32wbxx_ll_utils.o(.text.LL_PLL_ConfigSystemClock_HSI) for [Anonymous Symbol]
    stm32wbxx_ll_utils.o(.text.LL_PLL_ConfigSystemClock_HSE) refers to stm32wbxx_ll_utils.o(.text.UTILS_PLL_IsBusy) for UTILS_PLL_IsBusy
    stm32wbxx_ll_utils.o(.text.LL_PLL_ConfigSystemClock_HSE) refers to stm32wbxx_ll_utils.o(.text.UTILS_GetPLLOutputFrequency) for UTILS_GetPLLOutputFrequency
    stm32wbxx_ll_utils.o(.text.LL_PLL_ConfigSystemClock_HSE) refers to stm32wbxx_ll_utils.o(.text.OUTLINED_FUNCTION_1) for OUTLINED_FUNCTION_1
    stm32wbxx_ll_utils.o(.text.LL_PLL_ConfigSystemClock_HSE) refers to stm32wbxx_ll_utils.o(.text.OUTLINED_FUNCTION_0) for OUTLINED_FUNCTION_0
    stm32wbxx_ll_utils.o(.text.LL_PLL_ConfigSystemClock_HSE) refers to stm32wbxx_ll_utils.o(.text.UTILS_EnablePLLAndSwitchSystem) for UTILS_EnablePLLAndSwitchSystem
    stm32wbxx_ll_utils.o(.text.LL_PLL_ConfigSystemClock_HSE) refers to system_stm32wbxx.o(.rodata.AHBPrescTable) for AHBPrescTable
    stm32wbxx_ll_utils.o(.ARM.exidx.text.LL_PLL_ConfigSystemClock_HSE) refers to stm32wbxx_ll_utils.o(.text.LL_PLL_ConfigSystemClock_HSE) for [Anonymous Symbol]
    stm32wbxx_ll_utils.o(.ARM.exidx.text.OUTLINED_FUNCTION_0) refers to stm32wbxx_ll_utils.o(.text.OUTLINED_FUNCTION_0) for [Anonymous Symbol]
    stm32wbxx_ll_utils.o(.ARM.exidx.text.OUTLINED_FUNCTION_1) refers to stm32wbxx_ll_utils.o(.text.OUTLINED_FUNCTION_1) for [Anonymous Symbol]
    stm32wbxx_ll_exti.o(.ARM.exidx.text.LL_EXTI_DeInit) refers to stm32wbxx_ll_exti.o(.text.LL_EXTI_DeInit) for [Anonymous Symbol]
    stm32wbxx_ll_exti.o(.ARM.exidx.text.LL_EXTI_Init) refers to stm32wbxx_ll_exti.o(.text.LL_EXTI_Init) for [Anonymous Symbol]
    stm32wbxx_ll_exti.o(.ARM.exidx.text.LL_EXTI_StructInit) refers to stm32wbxx_ll_exti.o(.text.LL_EXTI_StructInit) for [Anonymous Symbol]
    stm32wbxx_ll_pwr.o(.ARM.exidx.text.LL_PWR_DeInit) refers to stm32wbxx_ll_pwr.o(.text.LL_PWR_DeInit) for [Anonymous Symbol]
    stm32wbxx_ll_gpio.o(.ARM.exidx.text.LL_GPIO_DeInit) refers to stm32wbxx_ll_gpio.o(.text.LL_GPIO_DeInit) for [Anonymous Symbol]
    stm32wbxx_ll_gpio.o(.ARM.exidx.text.LL_GPIO_Init) refers to stm32wbxx_ll_gpio.o(.text.LL_GPIO_Init) for [Anonymous Symbol]
    stm32wbxx_ll_gpio.o(.ARM.exidx.text.LL_GPIO_StructInit) refers to stm32wbxx_ll_gpio.o(.text.LL_GPIO_StructInit) for [Anonymous Symbol]
    system_stm32wbxx.o(.ARM.exidx.text.SystemInit) refers to system_stm32wbxx.o(.text.SystemInit) for [Anonymous Symbol]
    system_stm32wbxx.o(.text.SystemCoreClockUpdate) refers to system_stm32wbxx.o(.rodata.MSIRangeTable) for MSIRangeTable
    system_stm32wbxx.o(.text.SystemCoreClockUpdate) refers to system_stm32wbxx.o(.data.SystemCoreClock) for SystemCoreClock
    system_stm32wbxx.o(.text.SystemCoreClockUpdate) refers to system_stm32wbxx.o(.rodata.AHBPrescTable) for AHBPrescTable
    system_stm32wbxx.o(.ARM.exidx.text.SystemCoreClockUpdate) refers to system_stm32wbxx.o(.text.SystemCoreClockUpdate) for [Anonymous Symbol]
    entry.o(.ARM.Collect$$$$00000000) refers (Special) to entry10a.o(.ARM.Collect$$$$0000000D) for __rt_final_cpp
    entry.o(.ARM.Collect$$$$00000000) refers (Special) to entry11a.o(.ARM.Collect$$$$0000000F) for __rt_final_exit
    entry.o(.ARM.Collect$$$$00000000) refers (Special) to entry7b.o(.ARM.Collect$$$$00000008) for _main_clock
    entry.o(.ARM.Collect$$$$00000000) refers (Special) to entry8b.o(.ARM.Collect$$$$0000000A) for _main_cpp_init
    entry.o(.ARM.Collect$$$$00000000) refers (Special) to entry9a.o(.ARM.Collect$$$$0000000B) for _main_init
    entry.o(.ARM.Collect$$$$00000000) refers (Special) to entry5.o(.ARM.Collect$$$$00000004) for _main_scatterload
    entry.o(.ARM.Collect$$$$00000000) refers (Special) to entry2.o(.ARM.Collect$$$$00000001) for _main_stk
    entry2.o(.ARM.Collect$$$$00000001) refers to entry2.o(.ARM.Collect$$$$00002712) for __lit__00000000
    entry2.o(.ARM.Collect$$$$00002712) refers to startup_stm32wb55xx_cm4.o(STACK) for __initial_sp
    entry2.o(__vectab_stack_and_reset_area) refers to startup_stm32wb55xx_cm4.o(STACK) for __initial_sp
    entry2.o(__vectab_stack_and_reset_area) refers to entry.o(.ARM.Collect$$$$00000000) for __main
    entry5.o(.ARM.Collect$$$$00000004) refers to init.o(.text) for __scatterload
    entry9a.o(.ARM.Collect$$$$0000000B) refers to main.o(.text.main) for main
    entry9b.o(.ARM.Collect$$$$0000000C) refers to main.o(.text.main) for main
    init.o(.text) refers to entry5.o(.ARM.Collect$$$$00000004) for __main_after_scatterload


==============================================================================

Removing Unused input sections from the image.

    Removing startup_stm32wb55xx_cm4.o(HEAP), (512 bytes).
    Removing main.o(.text), (0 bytes).
    Removing main.o(.ARM.exidx.text.main), (8 bytes).
    Removing main.o(.ARM.exidx.text.SystemClock_Config), (8 bytes).
    Removing main.o(.text.PeriphCommonClock_Config), (2 bytes).
    Removing main.o(.ARM.exidx.text.PeriphCommonClock_Config), (8 bytes).
    Removing main.o(.text.Error_Handler), (2 bytes).
    Removing main.o(.ARM.exidx.text.Error_Handler), (8 bytes).
    Removing main.o(.ARM.use_no_argv), (4 bytes).
    Removing stm32wbxx_it.o(.text), (0 bytes).
    Removing stm32wbxx_it.o(.ARM.exidx.text.NMI_Handler), (8 bytes).
    Removing stm32wbxx_it.o(.ARM.exidx.text.HardFault_Handler), (8 bytes).
    Removing stm32wbxx_it.o(.ARM.exidx.text.MemManage_Handler), (8 bytes).
    Removing stm32wbxx_it.o(.ARM.exidx.text.BusFault_Handler), (8 bytes).
    Removing stm32wbxx_it.o(.ARM.exidx.text.UsageFault_Handler), (8 bytes).
    Removing stm32wbxx_it.o(.ARM.exidx.text.SVC_Handler), (8 bytes).
    Removing stm32wbxx_it.o(.ARM.exidx.text.DebugMon_Handler), (8 bytes).
    Removing stm32wbxx_it.o(.ARM.exidx.text.PendSV_Handler), (8 bytes).
    Removing stm32wbxx_it.o(.ARM.exidx.text.SysTick_Handler), (8 bytes).
    Removing stm32wbxx_ll_utils.o(.text), (0 bytes).
    Removing stm32wbxx_ll_utils.o(.ARM.exidx.text.LL_Init1msTick), (8 bytes).
    Removing stm32wbxx_ll_utils.o(.text.LL_mDelay), (40 bytes).
    Removing stm32wbxx_ll_utils.o(.ARM.exidx.text.LL_mDelay), (8 bytes).
    Removing stm32wbxx_ll_utils.o(.ARM.exidx.text.LL_SetSystemCoreClock), (8 bytes).
    Removing stm32wbxx_ll_utils.o(.text.LL_SetFlashLatency), (180 bytes).
    Removing stm32wbxx_ll_utils.o(.ARM.exidx.text.LL_SetFlashLatency), (8 bytes).
    Removing stm32wbxx_ll_utils.o(.text.LL_PLL_ConfigSystemClock_MSI), (136 bytes).
    Removing stm32wbxx_ll_utils.o(.ARM.exidx.text.LL_PLL_ConfigSystemClock_MSI), (8 bytes).
    Removing stm32wbxx_ll_utils.o(.text.UTILS_PLL_IsBusy), (22 bytes).
    Removing stm32wbxx_ll_utils.o(.ARM.exidx.text.UTILS_PLL_IsBusy), (8 bytes).
    Removing stm32wbxx_ll_utils.o(.text.UTILS_GetPLLOutputFrequency), (34 bytes).
    Removing stm32wbxx_ll_utils.o(.ARM.exidx.text.UTILS_GetPLLOutputFrequency), (8 bytes).
    Removing stm32wbxx_ll_utils.o(.text.UTILS_EnablePLLAndSwitchSystem), (244 bytes).
    Removing stm32wbxx_ll_utils.o(.ARM.exidx.text.UTILS_EnablePLLAndSwitchSystem), (8 bytes).
    Removing stm32wbxx_ll_utils.o(.text.LL_PLL_ConfigSystemClock_HSI), (112 bytes).
    Removing stm32wbxx_ll_utils.o(.ARM.exidx.text.LL_PLL_ConfigSystemClock_HSI), (8 bytes).
    Removing stm32wbxx_ll_utils.o(.text.LL_PLL_ConfigSystemClock_HSE), (112 bytes).
    Removing stm32wbxx_ll_utils.o(.ARM.exidx.text.LL_PLL_ConfigSystemClock_HSE), (8 bytes).
    Removing stm32wbxx_ll_utils.o(.text.OUTLINED_FUNCTION_0), (20 bytes).
    Removing stm32wbxx_ll_utils.o(.ARM.exidx.text.OUTLINED_FUNCTION_0), (8 bytes).
    Removing stm32wbxx_ll_utils.o(.text.OUTLINED_FUNCTION_1), (10 bytes).
    Removing stm32wbxx_ll_utils.o(.ARM.exidx.text.OUTLINED_FUNCTION_1), (8 bytes).
    Removing stm32wbxx_ll_exti.o(.text), (0 bytes).
    Removing stm32wbxx_ll_exti.o(.text.LL_EXTI_DeInit), (64 bytes).
    Removing stm32wbxx_ll_exti.o(.ARM.exidx.text.LL_EXTI_DeInit), (8 bytes).
    Removing stm32wbxx_ll_exti.o(.text.LL_EXTI_Init), (312 bytes).
    Removing stm32wbxx_ll_exti.o(.ARM.exidx.text.LL_EXTI_Init), (8 bytes).
    Removing stm32wbxx_ll_exti.o(.text.LL_EXTI_StructInit), (14 bytes).
    Removing stm32wbxx_ll_exti.o(.ARM.exidx.text.LL_EXTI_StructInit), (8 bytes).
    Removing stm32wbxx_ll_pwr.o(.text), (0 bytes).
    Removing stm32wbxx_ll_pwr.o(.text.LL_PWR_DeInit), (80 bytes).
    Removing stm32wbxx_ll_pwr.o(.ARM.exidx.text.LL_PWR_DeInit), (8 bytes).
    Removing stm32wbxx_ll_gpio.o(.text), (0 bytes).
    Removing stm32wbxx_ll_gpio.o(.text.LL_GPIO_DeInit), (128 bytes).
    Removing stm32wbxx_ll_gpio.o(.ARM.exidx.text.LL_GPIO_DeInit), (8 bytes).
    Removing stm32wbxx_ll_gpio.o(.text.LL_GPIO_Init), (212 bytes).
    Removing stm32wbxx_ll_gpio.o(.ARM.exidx.text.LL_GPIO_Init), (8 bytes).
    Removing stm32wbxx_ll_gpio.o(.text.LL_GPIO_StructInit), (22 bytes).
    Removing stm32wbxx_ll_gpio.o(.ARM.exidx.text.LL_GPIO_StructInit), (8 bytes).
    Removing system_stm32wbxx.o(.text), (0 bytes).
    Removing system_stm32wbxx.o(.ARM.exidx.text.SystemInit), (8 bytes).
    Removing system_stm32wbxx.o(.text.SystemCoreClockUpdate), (144 bytes).
    Removing system_stm32wbxx.o(.ARM.exidx.text.SystemCoreClockUpdate), (8 bytes).
    Removing system_stm32wbxx.o(.rodata.AHBPrescTable), (64 bytes).
    Removing system_stm32wbxx.o(.rodata.APBPrescTable), (32 bytes).
    Removing system_stm32wbxx.o(.rodata.MSIRangeTable), (64 bytes).
    Removing system_stm32wbxx.o(.rodata.SmpsPrescalerTable), (96 bytes).

67 unused section(s) (total 2934 bytes) removed from the image.

==============================================================================

Image Symbol Table

    Local Symbols

    Symbol Name                              Value     Ov Type        Size  Object(Section)

    ../clib/microlib/init/entry.s            0x00000000   Number         0  entry.o ABSOLUTE
    ../clib/microlib/init/entry.s            0x00000000   Number         0  entry2.o ABSOLUTE
    ../clib/microlib/init/entry.s            0x00000000   Number         0  entry5.o ABSOLUTE
    ../clib/microlib/init/entry.s            0x00000000   Number         0  entry7a.o ABSOLUTE
    ../clib/microlib/init/entry.s            0x00000000   Number         0  entry7b.o ABSOLUTE
    ../clib/microlib/init/entry.s            0x00000000   Number         0  entry8a.o ABSOLUTE
    ../clib/microlib/init/entry.s            0x00000000   Number         0  entry8b.o ABSOLUTE
    ../clib/microlib/init/entry.s            0x00000000   Number         0  entry9a.o ABSOLUTE
    ../clib/microlib/init/entry.s            0x00000000   Number         0  entry9b.o ABSOLUTE
    ../clib/microlib/init/entry.s            0x00000000   Number         0  entry10a.o ABSOLUTE
    ../clib/microlib/init/entry.s            0x00000000   Number         0  entry10b.o ABSOLUTE
    ../clib/microlib/init/entry.s            0x00000000   Number         0  entry11a.o ABSOLUTE
    ../clib/microlib/init/entry.s            0x00000000   Number         0  entry11b.o ABSOLUTE
    dc.s                                     0x00000000   Number         0  dc.o ABSOLUTE
    handlers.s                               0x00000000   Number         0  handlers.o ABSOLUTE
    init.s                                   0x00000000   Number         0  init.o ABSOLUTE
    main.c                                   0x00000000   Number         0  main.o ABSOLUTE
    startup_stm32wb55xx_cm4.s                0x00000000   Number         0  startup_stm32wb55xx_cm4.o ABSOLUTE
    stm32wbxx_it.c                           0x00000000   Number         0  stm32wbxx_it.o ABSOLUTE
    stm32wbxx_ll_exti.c                      0x00000000   Number         0  stm32wbxx_ll_exti.o ABSOLUTE
    stm32wbxx_ll_gpio.c                      0x00000000   Number         0  stm32wbxx_ll_gpio.o ABSOLUTE
    stm32wbxx_ll_pwr.c                       0x00000000   Number         0  stm32wbxx_ll_pwr.o ABSOLUTE
    stm32wbxx_ll_utils.c                     0x00000000   Number         0  stm32wbxx_ll_utils.o ABSOLUTE
    system_stm32wbxx.c                       0x00000000   Number         0  system_stm32wbxx.o ABSOLUTE
    RESET                                    0x08000000   Section      316  startup_stm32wb55xx_cm4.o(RESET)
    .ARM.Collect$$$$00000000                 0x0800013c   Section        0  entry.o(.ARM.Collect$$$$00000000)
    .ARM.Collect$$$$00000001                 0x0800013c   Section        4  entry2.o(.ARM.Collect$$$$00000001)
    .ARM.Collect$$$$00000004                 0x08000140   Section        4  entry5.o(.ARM.Collect$$$$00000004)
    .ARM.Collect$$$$00000008                 0x08000144   Section        0  entry7b.o(.ARM.Collect$$$$00000008)
    .ARM.Collect$$$$0000000A                 0x08000144   Section        0  entry8b.o(.ARM.Collect$$$$0000000A)
    .ARM.Collect$$$$0000000B                 0x08000144   Section        8  entry9a.o(.ARM.Collect$$$$0000000B)
    __lit__00000000                          0x0800014c   Data           4  entry2.o(.ARM.Collect$$$$00002712)
    .ARM.Collect$$$$0000000D                 0x0800014c   Section        0  entry10a.o(.ARM.Collect$$$$0000000D)
    .ARM.Collect$$$$0000000F                 0x0800014c   Section        0  entry11a.o(.ARM.Collect$$$$0000000F)
    .ARM.Collect$$$$00002712                 0x0800014c   Section        4  entry2.o(.ARM.Collect$$$$00002712)
    $v0                                      0x08000150   Number         0  startup_stm32wb55xx_cm4.o(.text)
    .text                                    0x08000150   Section       36  startup_stm32wb55xx_cm4.o(.text)
    .text                                    0x08000174   Section       36  init.o(.text)
    [Anonymous Symbol]                       0x08000198   Section        0  stm32wbxx_it.o(.text.BusFault_Handler)
    [Anonymous Symbol]                       0x0800019a   Section        0  stm32wbxx_it.o(.text.DebugMon_Handler)
    [Anonymous Symbol]                       0x0800019c   Section        0  stm32wbxx_it.o(.text.HardFault_Handler)
    [Anonymous Symbol]                       0x080001a0   Section        0  stm32wbxx_ll_utils.o(.text.LL_Init1msTick)
    __arm_cp.0_0                             0x080001b8   Number         4  stm32wbxx_ll_utils.o(.text.LL_Init1msTick)
    [Anonymous Symbol]                       0x080001bc   Section        0  stm32wbxx_ll_utils.o(.text.LL_SetSystemCoreClock)
    __arm_cp.2_0                             0x080001c4   Number         4  stm32wbxx_ll_utils.o(.text.LL_SetSystemCoreClock)
    [Anonymous Symbol]                       0x080001c8   Section        0  stm32wbxx_it.o(.text.MemManage_Handler)
    [Anonymous Symbol]                       0x080001ca   Section        0  stm32wbxx_it.o(.text.NMI_Handler)
    [Anonymous Symbol]                       0x080001cc   Section        0  stm32wbxx_it.o(.text.PendSV_Handler)
    [Anonymous Symbol]                       0x080001ce   Section        0  stm32wbxx_it.o(.text.SVC_Handler)
    [Anonymous Symbol]                       0x080001d0   Section        0  stm32wbxx_it.o(.text.SysTick_Handler)
    [Anonymous Symbol]                       0x080001d4   Section        0  main.o(.text.SystemClock_Config)
    __arm_cp.1_1                             0x08000244   Number         4  main.o(.text.SystemClock_Config)
    [Anonymous Symbol]                       0x08000248   Section        0  system_stm32wbxx.o(.text.SystemInit)
    __arm_cp.0_0                             0x080002a4   Number         4  system_stm32wbxx.o(.text.SystemInit)
    __arm_cp.0_1                             0x080002a8   Number         4  system_stm32wbxx.o(.text.SystemInit)
    __arm_cp.0_2                             0x080002ac   Number         4  system_stm32wbxx.o(.text.SystemInit)
    __arm_cp.0_3                             0x080002b0   Number         4  system_stm32wbxx.o(.text.SystemInit)
    [Anonymous Symbol]                       0x080002b4   Section        0  stm32wbxx_it.o(.text.UsageFault_Handler)
    [Anonymous Symbol]                       0x080002b8   Section        0  main.o(.text.main)
    __arm_cp.0_0                             0x080002d0   Number         4  main.o(.text.main)
    __arm_cp.0_1                             0x080002d4   Number         4  main.o(.text.main)
    i.__scatterload_copy                     0x080002d8   Section       14  handlers.o(i.__scatterload_copy)
    i.__scatterload_null                     0x080002e6   Section        2  handlers.o(i.__scatterload_null)
    i.__scatterload_zeroinit                 0x080002e8   Section       14  handlers.o(i.__scatterload_zeroinit)
    STACK                                    0x20000010   Section     1024  startup_stm32wb55xx_cm4.o(STACK)

    Global Symbols

    Symbol Name                              Value     Ov Type        Size  Object(Section)

    BuildAttributes$$THM_ISAv4$E$P$D$K$B$S$7EM$VFPi3$EXTD16$VFPS$VFMA$PE$A:L22UL41UL21$X:L11$S22US41US21$IEEE1$IW$~IW$USESV6$~STKCKD$USESV7$~SHL$OSPACE$EBA8$MICROLIB$REQ8$PRES8$EABIv2 0x00000000   Number         0  anon$$obj.o ABSOLUTE
    __cpp_initialize__aeabi_                  - Undefined Weak Reference
    __cxa_finalize                            - Undefined Weak Reference
    __decompress                              - Undefined Weak Reference
    _clock_init                               - Undefined Weak Reference
    _microlib_exit                            - Undefined Weak Reference
    __Vectors_Size                           0x0000013c   Number         0  startup_stm32wb55xx_cm4.o ABSOLUTE
    __Vectors                                0x08000000   Data           4  startup_stm32wb55xx_cm4.o(RESET)
    __Vectors_End                            0x0800013c   Data           0  startup_stm32wb55xx_cm4.o(RESET)
    __main                                   0x0800013d   Thumb Code     0  entry.o(.ARM.Collect$$$$00000000)
    _main_stk                                0x0800013d   Thumb Code     0  entry2.o(.ARM.Collect$$$$00000001)
    _main_scatterload                        0x08000141   Thumb Code     0  entry5.o(.ARM.Collect$$$$00000004)
    __main_after_scatterload                 0x08000145   Thumb Code     0  entry5.o(.ARM.Collect$$$$00000004)
    _main_clock                              0x08000145   Thumb Code     0  entry7b.o(.ARM.Collect$$$$00000008)
    _main_cpp_init                           0x08000145   Thumb Code     0  entry8b.o(.ARM.Collect$$$$0000000A)
    _main_init                               0x08000145   Thumb Code     0  entry9a.o(.ARM.Collect$$$$0000000B)
    __rt_final_cpp                           0x0800014d   Thumb Code     0  entry10a.o(.ARM.Collect$$$$0000000D)
    __rt_final_exit                          0x0800014d   Thumb Code     0  entry11a.o(.ARM.Collect$$$$0000000F)
    Reset_Handler                            0x08000151   Thumb Code     8  startup_stm32wb55xx_cm4.o(.text)
    ADC1_IRQHandler                          0x0800016b   Thumb Code     0  startup_stm32wb55xx_cm4.o(.text)
    AES1_IRQHandler                          0x0800016b   Thumb Code     0  startup_stm32wb55xx_cm4.o(.text)
    AES2_IRQHandler                          0x0800016b   Thumb Code     0  startup_stm32wb55xx_cm4.o(.text)
    C2SEV_PWR_C2H_IRQHandler                 0x0800016b   Thumb Code     0  startup_stm32wb55xx_cm4.o(.text)
    COMP_IRQHandler                          0x0800016b   Thumb Code     0  startup_stm32wb55xx_cm4.o(.text)
    CRS_IRQHandler                           0x0800016b   Thumb Code     0  startup_stm32wb55xx_cm4.o(.text)
    DMA1_Channel1_IRQHandler                 0x0800016b   Thumb Code     0  startup_stm32wb55xx_cm4.o(.text)
    DMA1_Channel2_IRQHandler                 0x0800016b   Thumb Code     0  startup_stm32wb55xx_cm4.o(.text)
    DMA1_Channel3_IRQHandler                 0x0800016b   Thumb Code     0  startup_stm32wb55xx_cm4.o(.text)
    DMA1_Channel4_IRQHandler                 0x0800016b   Thumb Code     0  startup_stm32wb55xx_cm4.o(.text)
    DMA1_Channel5_IRQHandler                 0x0800016b   Thumb Code     0  startup_stm32wb55xx_cm4.o(.text)
    DMA1_Channel6_IRQHandler                 0x0800016b   Thumb Code     0  startup_stm32wb55xx_cm4.o(.text)
    DMA1_Channel7_IRQHandler                 0x0800016b   Thumb Code     0  startup_stm32wb55xx_cm4.o(.text)
    DMA2_Channel1_IRQHandler                 0x0800016b   Thumb Code     0  startup_stm32wb55xx_cm4.o(.text)
    DMA2_Channel2_IRQHandler                 0x0800016b   Thumb Code     0  startup_stm32wb55xx_cm4.o(.text)
    DMA2_Channel3_IRQHandler                 0x0800016b   Thumb Code     0  startup_stm32wb55xx_cm4.o(.text)
    DMA2_Channel4_IRQHandler                 0x0800016b   Thumb Code     0  startup_stm32wb55xx_cm4.o(.text)
    DMA2_Channel5_IRQHandler                 0x0800016b   Thumb Code     0  startup_stm32wb55xx_cm4.o(.text)
    DMA2_Channel6_IRQHandler                 0x0800016b   Thumb Code     0  startup_stm32wb55xx_cm4.o(.text)
    DMA2_Channel7_IRQHandler                 0x0800016b   Thumb Code     0  startup_stm32wb55xx_cm4.o(.text)
    DMAMUX1_OVR_IRQHandler                   0x0800016b   Thumb Code     0  startup_stm32wb55xx_cm4.o(.text)
    EXTI0_IRQHandler                         0x0800016b   Thumb Code     0  startup_stm32wb55xx_cm4.o(.text)
    EXTI15_10_IRQHandler                     0x0800016b   Thumb Code     0  startup_stm32wb55xx_cm4.o(.text)
    EXTI1_IRQHandler                         0x0800016b   Thumb Code     0  startup_stm32wb55xx_cm4.o(.text)
    EXTI2_IRQHandler                         0x0800016b   Thumb Code     0  startup_stm32wb55xx_cm4.o(.text)
    EXTI3_IRQHandler                         0x0800016b   Thumb Code     0  startup_stm32wb55xx_cm4.o(.text)
    EXTI4_IRQHandler                         0x0800016b   Thumb Code     0  startup_stm32wb55xx_cm4.o(.text)
    EXTI9_5_IRQHandler                       0x0800016b   Thumb Code     0  startup_stm32wb55xx_cm4.o(.text)
    FLASH_IRQHandler                         0x0800016b   Thumb Code     0  startup_stm32wb55xx_cm4.o(.text)
    FPU_IRQHandler                           0x0800016b   Thumb Code     0  startup_stm32wb55xx_cm4.o(.text)
    HSEM_IRQHandler                          0x0800016b   Thumb Code     0  startup_stm32wb55xx_cm4.o(.text)
    I2C1_ER_IRQHandler                       0x0800016b   Thumb Code     0  startup_stm32wb55xx_cm4.o(.text)
    I2C1_EV_IRQHandler                       0x0800016b   Thumb Code     0  startup_stm32wb55xx_cm4.o(.text)
    I2C3_ER_IRQHandler                       0x0800016b   Thumb Code     0  startup_stm32wb55xx_cm4.o(.text)
    I2C3_EV_IRQHandler                       0x0800016b   Thumb Code     0  startup_stm32wb55xx_cm4.o(.text)
    IPCC_C1_RX_IRQHandler                    0x0800016b   Thumb Code     0  startup_stm32wb55xx_cm4.o(.text)
    IPCC_C1_TX_IRQHandler                    0x0800016b   Thumb Code     0  startup_stm32wb55xx_cm4.o(.text)
    LCD_IRQHandler                           0x0800016b   Thumb Code     0  startup_stm32wb55xx_cm4.o(.text)
    LPTIM1_IRQHandler                        0x0800016b   Thumb Code     0  startup_stm32wb55xx_cm4.o(.text)
    LPTIM2_IRQHandler                        0x0800016b   Thumb Code     0  startup_stm32wb55xx_cm4.o(.text)
    LPUART1_IRQHandler                       0x0800016b   Thumb Code     0  startup_stm32wb55xx_cm4.o(.text)
    PKA_IRQHandler                           0x0800016b   Thumb Code     0  startup_stm32wb55xx_cm4.o(.text)
    PVD_PVM_IRQHandler                       0x0800016b   Thumb Code     0  startup_stm32wb55xx_cm4.o(.text)
    PWR_SOTF_BLEACT_802ACT_RFPHASE_IRQHandler 0x0800016b   Thumb Code     0  startup_stm32wb55xx_cm4.o(.text)
    QUADSPI_IRQHandler                       0x0800016b   Thumb Code     0  startup_stm32wb55xx_cm4.o(.text)
    RCC_IRQHandler                           0x0800016b   Thumb Code     0  startup_stm32wb55xx_cm4.o(.text)
    RNG_IRQHandler                           0x0800016b   Thumb Code     0  startup_stm32wb55xx_cm4.o(.text)
    RTC_Alarm_IRQHandler                     0x0800016b   Thumb Code     0  startup_stm32wb55xx_cm4.o(.text)
    RTC_WKUP_IRQHandler                      0x0800016b   Thumb Code     0  startup_stm32wb55xx_cm4.o(.text)
    SAI1_IRQHandler                          0x0800016b   Thumb Code     0  startup_stm32wb55xx_cm4.o(.text)
    SPI1_IRQHandler                          0x0800016b   Thumb Code     0  startup_stm32wb55xx_cm4.o(.text)
    SPI2_IRQHandler                          0x0800016b   Thumb Code     0  startup_stm32wb55xx_cm4.o(.text)
    TAMP_STAMP_LSECSS_IRQHandler             0x0800016b   Thumb Code     0  startup_stm32wb55xx_cm4.o(.text)
    TIM1_BRK_IRQHandler                      0x0800016b   Thumb Code     0  startup_stm32wb55xx_cm4.o(.text)
    TIM1_CC_IRQHandler                       0x0800016b   Thumb Code     0  startup_stm32wb55xx_cm4.o(.text)
    TIM1_TRG_COM_TIM17_IRQHandler            0x0800016b   Thumb Code     0  startup_stm32wb55xx_cm4.o(.text)
    TIM1_UP_TIM16_IRQHandler                 0x0800016b   Thumb Code     0  startup_stm32wb55xx_cm4.o(.text)
    TIM2_IRQHandler                          0x0800016b   Thumb Code     0  startup_stm32wb55xx_cm4.o(.text)
    TSC_IRQHandler                           0x0800016b   Thumb Code     0  startup_stm32wb55xx_cm4.o(.text)
    USART1_IRQHandler                        0x0800016b   Thumb Code     0  startup_stm32wb55xx_cm4.o(.text)
    USB_HP_IRQHandler                        0x0800016b   Thumb Code     0  startup_stm32wb55xx_cm4.o(.text)
    USB_LP_IRQHandler                        0x0800016b   Thumb Code     0  startup_stm32wb55xx_cm4.o(.text)
    WWDG_IRQHandler                          0x0800016b   Thumb Code     0  startup_stm32wb55xx_cm4.o(.text)
    __scatterload                            0x08000175   Thumb Code    28  init.o(.text)
    __scatterload_rt2                        0x08000175   Thumb Code     0  init.o(.text)
    BusFault_Handler                         0x08000199   Thumb Code     2  stm32wbxx_it.o(.text.BusFault_Handler)
    DebugMon_Handler                         0x0800019b   Thumb Code     2  stm32wbxx_it.o(.text.DebugMon_Handler)
    HardFault_Handler                        0x0800019d   Thumb Code     2  stm32wbxx_it.o(.text.HardFault_Handler)
    LL_Init1msTick                           0x080001a1   Thumb Code    24  stm32wbxx_ll_utils.o(.text.LL_Init1msTick)
    LL_SetSystemCoreClock                    0x080001bd   Thumb Code     8  stm32wbxx_ll_utils.o(.text.LL_SetSystemCoreClock)
    MemManage_Handler                        0x080001c9   Thumb Code     2  stm32wbxx_it.o(.text.MemManage_Handler)
    NMI_Handler                              0x080001cb   Thumb Code     2  stm32wbxx_it.o(.text.NMI_Handler)
    PendSV_Handler                           0x080001cd   Thumb Code     2  stm32wbxx_it.o(.text.PendSV_Handler)
    SVC_Handler                              0x080001cf   Thumb Code     2  stm32wbxx_it.o(.text.SVC_Handler)
    SysTick_Handler                          0x080001d1   Thumb Code     2  stm32wbxx_it.o(.text.SysTick_Handler)
    SystemClock_Config                       0x080001d5   Thumb Code   112  main.o(.text.SystemClock_Config)
    SystemInit                               0x08000249   Thumb Code    92  system_stm32wbxx.o(.text.SystemInit)
    UsageFault_Handler                       0x080002b5   Thumb Code     2  stm32wbxx_it.o(.text.UsageFault_Handler)
    main                                     0x080002b9   Thumb Code    24  main.o(.text.main)
    __scatterload_copy                       0x080002d9   Thumb Code    14  handlers.o(i.__scatterload_copy)
    __scatterload_null                       0x080002e7   Thumb Code     2  handlers.o(i.__scatterload_null)
    __scatterload_zeroinit                   0x080002e9   Thumb Code    14  handlers.o(i.__scatterload_zeroinit)
    Region$$Table$$Base                      0x080002f8   Number         0  anon$$obj.o(Region$$Table)
    Region$$Table$$Limit                     0x08000318   Number         0  anon$$obj.o(Region$$Table)
    SystemCoreClock                          0x20000008   Data           4  system_stm32wbxx.o(.data.SystemCoreClock)
    __initial_sp                             0x20000410   Data           0  startup_stm32wb55xx_cm4.o(STACK)



==============================================================================

Memory Map of the image

  Image Entry point : 0x0800013d

  Load Region LR_IROM1 (Base: 0x08000000, Size: 0x00000320, Max: 0x00080000, ABSOLUTE)

    Execution Region ER_IROM1 (Exec base: 0x08000000, Load base: 0x08000000, Size: 0x00000318, Max: 0x00080000, ABSOLUTE)

    Exec Addr    Load Addr    Size         Type   Attr      Idx    E Section Name        Object

    0x08000000   0x08000000   0x0000013c   Data   RO            3    RESET               startup_stm32wb55xx_cm4.o
    0x0800013c   0x0800013c   0x00000000   Code   RO          137  * .ARM.Collect$$$$00000000  mc_w.l(entry.o)
    0x0800013c   0x0800013c   0x00000004   Code   RO          140    .ARM.Collect$$$$00000001  mc_w.l(entry2.o)
    0x08000140   0x08000140   0x00000004   Code   RO          143    .ARM.Collect$$$$00000004  mc_w.l(entry5.o)
    0x08000144   0x08000144   0x00000000   Code   RO          145    .ARM.Collect$$$$00000008  mc_w.l(entry7b.o)
    0x08000144   0x08000144   0x00000000   Code   RO          147    .ARM.Collect$$$$0000000A  mc_w.l(entry8b.o)
    0x08000144   0x08000144   0x00000008   Code   RO          148    .ARM.Collect$$$$0000000B  mc_w.l(entry9a.o)
    0x0800014c   0x0800014c   0x00000000   Code   RO          150    .ARM.Collect$$$$0000000D  mc_w.l(entry10a.o)
    0x0800014c   0x0800014c   0x00000000   Code   RO          152    .ARM.Collect$$$$0000000F  mc_w.l(entry11a.o)
    0x0800014c   0x0800014c   0x00000004   Code   RO          141    .ARM.Collect$$$$00002712  mc_w.l(entry2.o)
    0x08000150   0x08000150   0x00000024   Code   RO            4    .text               startup_stm32wb55xx_cm4.o
    0x08000174   0x08000174   0x00000024   Code   RO          154    .text               mc_w.l(init.o)
    0x08000198   0x08000198   0x00000002   Code   RO           34    .text.BusFault_Handler  stm32wbxx_it.o
    0x0800019a   0x0800019a   0x00000002   Code   RO           40    .text.DebugMon_Handler  stm32wbxx_it.o
    0x0800019c   0x0800019c   0x00000002   Code   RO           30    .text.HardFault_Handler  stm32wbxx_it.o
    0x0800019e   0x0800019e   0x00000002   PAD
    0x080001a0   0x080001a0   0x0000001c   Code   RO           53    .text.LL_Init1msTick  stm32wbxx_ll_utils.o
    0x080001bc   0x080001bc   0x0000000c   Code   RO           57    .text.LL_SetSystemCoreClock  stm32wbxx_ll_utils.o
    0x080001c8   0x080001c8   0x00000002   Code   RO           32    .text.MemManage_Handler  stm32wbxx_it.o
    0x080001ca   0x080001ca   0x00000002   Code   RO           28    .text.NMI_Handler   stm32wbxx_it.o
    0x080001cc   0x080001cc   0x00000002   Code   RO           42    .text.PendSV_Handler  stm32wbxx_it.o
    0x080001ce   0x080001ce   0x00000002   Code   RO           38    .text.SVC_Handler   stm32wbxx_it.o
    0x080001d0   0x080001d0   0x00000002   Code   RO           44    .text.SysTick_Handler  stm32wbxx_it.o
    0x080001d2   0x080001d2   0x00000002   PAD
    0x080001d4   0x080001d4   0x00000074   Code   RO           13    .text.SystemClock_Config  main.o
    0x08000248   0x08000248   0x0000006c   Code   RO          121    .text.SystemInit    system_stm32wbxx.o
    0x080002b4   0x080002b4   0x00000002   Code   RO           36    .text.UsageFault_Handler  stm32wbxx_it.o
    0x080002b6   0x080002b6   0x00000002   PAD
    0x080002b8   0x080002b8   0x00000020   Code   RO           11    .text.main          main.o
    0x080002d8   0x080002d8   0x0000000e   Code   RO          158    i.__scatterload_copy  mc_w.l(handlers.o)
    0x080002e6   0x080002e6   0x00000002   Code   RO          159    i.__scatterload_null  mc_w.l(handlers.o)
    0x080002e8   0x080002e8   0x0000000e   Code   RO          160    i.__scatterload_zeroinit  mc_w.l(handlers.o)
    0x080002f6   0x080002f6   0x00000002   PAD
    0x080002f8   0x080002f8   0x00000020   Data   RO          157    Region$$Table       anon$$obj.o


    Execution Region RW_IRAM1 (Exec base: 0x20000008, Load base: 0x08000318, Size: 0x00000408, Max: 0x0002fff8, ABSOLUTE)

    Exec Addr    Load Addr    Size         Type   Attr      Idx    E Section Name        Object

    0x20000008   0x08000318   0x00000004   Data   RW          125    .data.SystemCoreClock  system_stm32wbxx.o
    0x2000000c   0x0800031c   0x00000004   PAD
    0x20000010        -       0x00000400   Zero   RW            1    STACK               startup_stm32wb55xx_cm4.o


    Execution Region RW_RAM_SHARED (Exec base: 0x20030000, Load base: 0x08000320, Size: 0x00000000, Max: 0x00002800, ABSOLUTE)

    **** No section assigned to this execution region ****


==============================================================================

Image component sizes


      Code (inc. data)   RO Data    RW Data    ZI Data      Debug   Object Name

       148         12          0          0          0       4179   main.o
        36          8        316          0       1024        892   startup_stm32wb55xx_cm4.o
        18          0          0          0          0       1047   stm32wbxx_it.o
        40          8          0          0          0      10443   stm32wbxx_ll_utils.o
       108         16          0          4          0       3586   system_stm32wbxx.o

    ----------------------------------------------------------------------
       356         44        348          4       1028      20147   Object Totals
         0          0         32          0          0          0   (incl. Generated)
         6          0          0          0          4          0   (incl. Padding)

    ----------------------------------------------------------------------

      Code (inc. data)   RO Data    RW Data    ZI Data      Debug   Library Member Name

         0          0          0          0          0          0   entry.o
         0          0          0          0          0          0   entry10a.o
         0          0          0          0          0          0   entry11a.o
         8          4          0          0          0          0   entry2.o
         4          0          0          0          0          0   entry5.o
         0          0          0          0          0          0   entry7b.o
         0          0          0          0          0          0   entry8b.o
         8          4          0          0          0          0   entry9a.o
        30          0          0          0          0          0   handlers.o
        36          8          0          0          0         68   init.o

    ----------------------------------------------------------------------
        88         16          0          0          0         68   Library Totals
         2          0          0          0          0          0   (incl. Padding)

    ----------------------------------------------------------------------

      Code (inc. data)   RO Data    RW Data    ZI Data      Debug   Library Name

        86         16          0          0          0         68   mc_w.l

    ----------------------------------------------------------------------
        88         16          0          0          0         68   Library Totals

    ----------------------------------------------------------------------

==============================================================================


      Code (inc. data)   RO Data    RW Data    ZI Data      Debug   

       444         60        348          4       1028      20359   Grand Totals
       444         60        348          4       1028      20359   ELF Image Totals
       444         60        348          4          0          0   ROM Totals

==============================================================================

    Total RO  Size (Code + RO Data)                  792 (   0.77kB)
    Total RW  Size (RW Data + ZI Data)              1032 (   1.01kB)
    Total ROM Size (Code + RO Data + RW Data)        796 (   0.78kB)

==============================================================================

