<html>
<body>
<pre>
<h1>µVision Build Log</h1>
<h2>Tool Versions:</h2>
IDE-Version: µVision V5.36.0.0
Copyright (C) 2021 ARM Ltd and ARM Germany GmbH. All rights reserved.
License Information: Annabella Macaluso, University of California San Diego, LIC=----
 
Tool Versions:
Toolchain:       MDK-Lite  Version: 5.36.0.0
Toolchain Path:  C:\Keil_v5\ARM\ARMCC\Bin
C Compiler:      Armcc.exe V5.06 update 7 (build 960)
Assembler:       Armasm.exe V5.06 update 7 (build 960)
Linker/Locator:  ArmLink.exe V5.06 update 7 (build 960)
Library Manager: ArmAr.exe V5.06 update 7 (build 960)
Hex Converter:   FromElf.exe V5.06 update 7 (build 960)
CPU DLL:         SARMCM3.DLL V5.36.0.0
Dialog DLL:      DCM.DLL V1.17.3.0
Target DLL:      STLink\ST-LINKIII-KEIL_SWO.dll V3.0.9.0
Dialog DLL:      TCM.DLL V1.53.0.0
 
<h2>Project:</h2>
C:\Users\kolik\STM32Cube\Repository\STM32Cube_FW_WB_V1.13.3\Projects\P-NUCLEO-WB55.Nucleo\Examples\UART\UART_TwoBoards_ComIT\MDK-ARM\UART_TwoBoards_ComIT.uvprojx
Project File Date:  07/29/2022

<h2>Output:</h2>
*** Using Compiler 'V5.06 update 7 (build 960)', folder: 'C:\Keil_v5\ARM\ARMCC\Bin'
Rebuild target 'UART_TwoBoards_ComIT'
assembling startup_stm32wb55xx_cm4.s...
compiling stm32wbxx_it.c...
compiling stm32wbxx_hal_msp.c...
compiling main.c...
compiling stm32wbxx_nucleo.c...
compiling stm32wbxx_hal_gpio.c...
compiling stm32wbxx_hal_uart.c...
compiling stm32wbxx_hal_uart_ex.c...
compiling stm32wbxx_hal_rcc.c...
compiling stm32wbxx_hal_rcc_ex.c...
compiling stm32wbxx_hal_flash.c...
compiling stm32wbxx_hal_hsem.c...
compiling stm32wbxx_hal_flash_ex.c...
compiling stm32wbxx_hal_pwr.c...
compiling stm32wbxx_hal_dma_ex.c...
compiling stm32wbxx_hal_dma.c...
compiling stm32wbxx_hal.c...
compiling stm32wbxx_hal_cortex.c...
compiling stm32wbxx_hal_pwr_ex.c...
compiling system_stm32wbxx.c...
linking...
Program Size: Code=9292 RO-data=608 RW-data=140 ZI-data=1260  
FromELF: creating hex file...
"UART_TwoBoards_ComIT\Exe\UART_TwoBoards_ComIT.axf" - 0 Error(s), 0 Warning(s).

<h2>Software Packages used:</h2>

Package Vendor: ARM
                http://www.keil.com/pack/ARM.CMSIS.5.9.0.pack
                ARM.CMSIS.5.9.0
                CMSIS (Common Microcontroller Software Interface Standard)
   * Component: CORE Version: 5.6.0

Package Vendor: Keil
                http://www.keil.com/pack/Keil.STM32WBxx_DFP.1.2.0.pack
                Keil.STM32WBxx_DFP.1.2.0
                STMicroelectronics STM32WB Series Device Support

<h2>Collection of Component include folders:</h2>
  .\RTE\_UART_TwoBoards_ComIT
  C:\Users\kolik\AppData\Local\Arm\Packs\ARM\CMSIS\5.9.0\CMSIS\Core\Include
  C:\Users\kolik\AppData\Local\Arm\Packs\Keil\STM32WBxx_DFP\1.2.0\Drivers\CMSIS\Device\ST\STM32WBxx\Include

<h2>Collection of Component Files used:</h2>

   * Component: ARM::CMSIS:CORE:5.6.0
Build Time Elapsed:  00:00:50
</pre>
</body>
</html>
