C:/Users/kolik/STM32Cube/Repository/STM32Cube_FW_WB_V1.13.3/Middlewares/ST/STM32_WPAN/interface/patterns/ble_thread/tl/tl_mbox.c:82:6:TL_Enable	8	static
C:/Users/kolik/STM32Cube/Repository/STM32Cube_FW_WB_V1.13.3/Middlewares/ST/STM32_WPAN/interface/patterns/ble_thread/tl/tl_mbox.c:90:6:TL_Init	8	static
C:/Users/kolik/STM32Cube/Repository/STM32Cube_FW_WB_V1.13.3/Middlewares/ST/STM32_WPAN/interface/patterns/ble_thread/tl/tl_mbox.c:110:9:TL_BLE_Init	24	static
C:/Users/kolik/STM32Cube/Repository/STM32Cube_FW_WB_V1.13.3/Middlewares/ST/STM32_WPAN/interface/patterns/ble_thread/tl/tl_mbox.c:133:9:TL_BLE_SendCmd	16	static
C:/Users/kolik/STM32Cube/Repository/STM32Cube_FW_WB_V1.13.3/Middlewares/ST/STM32_WPAN/interface/patterns/ble_thread/tl/tl_mbox.c:147:6:HW_IPCC_BLE_RxEvtNot	16	static
C:/Users/kolik/STM32Cube/Repository/STM32Cube_FW_WB_V1.13.3/Middlewares/ST/STM32_WPAN/interface/patterns/ble_thread/tl/tl_mbox.c:170:9:TL_BLE_SendAclData	16	static
C:/Users/kolik/STM32Cube/Repository/STM32Cube_FW_WB_V1.13.3/Middlewares/ST/STM32_WPAN/interface/patterns/ble_thread/tl/tl_mbox.c:182:6:HW_IPCC_BLE_AclDataAckNot	8	static
C:/Users/kolik/STM32Cube/Repository/STM32Cube_FW_WB_V1.13.3/Middlewares/ST/STM32_WPAN/interface/patterns/ble_thread/tl/tl_mbox.c:192:9:TL_SYS_Init	24	static
C:/Users/kolik/STM32Cube/Repository/STM32Cube_FW_WB_V1.13.3/Middlewares/ST/STM32_WPAN/interface/patterns/ble_thread/tl/tl_mbox.c:211:9:TL_SYS_SendCmd	16	static
C:/Users/kolik/STM32Cube/Repository/STM32Cube_FW_WB_V1.13.3/Middlewares/ST/STM32_WPAN/interface/patterns/ble_thread/tl/tl_mbox.c:225:6:HW_IPCC_SYS_CmdEvtNot	8	static
C:/Users/kolik/STM32Cube/Repository/STM32Cube_FW_WB_V1.13.3/Middlewares/ST/STM32_WPAN/interface/patterns/ble_thread/tl/tl_mbox.c:234:6:HW_IPCC_SYS_EvtNot	16	static
C:/Users/kolik/STM32Cube/Repository/STM32Cube_FW_WB_V1.13.3/Middlewares/ST/STM32_WPAN/interface/patterns/ble_thread/tl/tl_mbox.c:336:6:TL_LLDTESTS_Init	24	static
C:/Users/kolik/STM32Cube/Repository/STM32Cube_FW_WB_V1.13.3/Middlewares/ST/STM32_WPAN/interface/patterns/ble_thread/tl/tl_mbox.c:347:6:TL_LLDTESTS_SendCliCmd	8	static
C:/Users/kolik/STM32Cube/Repository/STM32Cube_FW_WB_V1.13.3/Middlewares/ST/STM32_WPAN/interface/patterns/ble_thread/tl/tl_mbox.c:354:6:HW_IPCC_LLDTESTS_ReceiveCliRsp	8	static
C:/Users/kolik/STM32Cube/Repository/STM32Cube_FW_WB_V1.13.3/Middlewares/ST/STM32_WPAN/interface/patterns/ble_thread/tl/tl_mbox.c:360:6:TL_LLDTESTS_SendCliRspAck	8	static
C:/Users/kolik/STM32Cube/Repository/STM32Cube_FW_WB_V1.13.3/Middlewares/ST/STM32_WPAN/interface/patterns/ble_thread/tl/tl_mbox.c:366:6:HW_IPCC_LLDTESTS_ReceiveM0Cmd	8	static
C:/Users/kolik/STM32Cube/Repository/STM32Cube_FW_WB_V1.13.3/Middlewares/ST/STM32_WPAN/interface/patterns/ble_thread/tl/tl_mbox.c:373:6:TL_LLDTESTS_SendM0CmdAck	8	static
C:/Users/kolik/STM32Cube/Repository/STM32Cube_FW_WB_V1.13.3/Middlewares/ST/STM32_WPAN/interface/patterns/ble_thread/tl/tl_mbox.c:379:13:TL_LLDTESTS_ReceiveCliRsp	16	static
C:/Users/kolik/STM32Cube/Repository/STM32Cube_FW_WB_V1.13.3/Middlewares/ST/STM32_WPAN/interface/patterns/ble_thread/tl/tl_mbox.c:380:13:TL_LLDTESTS_ReceiveM0Cmd	16	static
C:/Users/kolik/STM32Cube/Repository/STM32Cube_FW_WB_V1.13.3/Middlewares/ST/STM32_WPAN/interface/patterns/ble_thread/tl/tl_mbox.c:590:6:TL_MM_Init	16	static
C:/Users/kolik/STM32Cube/Repository/STM32Cube_FW_WB_V1.13.3/Middlewares/ST/STM32_WPAN/interface/patterns/ble_thread/tl/tl_mbox.c:610:6:TL_MM_EvtDone	16	static
C:/Users/kolik/STM32Cube/Repository/STM32Cube_FW_WB_V1.13.3/Middlewares/ST/STM32_WPAN/interface/patterns/ble_thread/tl/tl_mbox.c:621:13:SendFreeBuf	16	static
C:/Users/kolik/STM32Cube/Repository/STM32Cube_FW_WB_V1.13.3/Middlewares/ST/STM32_WPAN/interface/patterns/ble_thread/tl/tl_mbox.c:637:6:TL_TRACES_Init	8	static
C:/Users/kolik/STM32Cube/Repository/STM32Cube_FW_WB_V1.13.3/Middlewares/ST/STM32_WPAN/interface/patterns/ble_thread/tl/tl_mbox.c:648:6:HW_IPCC_TRACES_EvtNot	16	static
C:/Users/kolik/STM32Cube/Repository/STM32Cube_FW_WB_V1.13.3/Middlewares/ST/STM32_WPAN/interface/patterns/ble_thread/tl/tl_mbox.c:661:13:TL_TRACES_EvtReceived	16	static
C:/Users/kolik/STM32Cube/Repository/STM32Cube_FW_WB_V1.13.3/Middlewares/ST/STM32_WPAN/interface/patterns/ble_thread/tl/tl_mbox.c:669:13:OutputDbgTrace	24	static
