../../../../../../../Drivers/STM32WBxx_HAL_Driver/Inc/stm32wbxx_ll_bus.h:364:22:LL_AHB1_GRP1_EnableClock	24	static
../../../../../../../Drivers/STM32WBxx_HAL_Driver/Inc/stm32wbxx_ll_bus.h:539:22:LL_AHB2_GRP1_EnableClock	24	static
C:/STM32Cube_FW_WB_V1.13.3/Projects/P-NUCLEO-WB55.Nucleo/Examples/UART/UART_HyperTerminal_DMA/Src/main.c:76:5:main	8	static
C:/STM32Cube_FW_WB_V1.13.3/Projects/P-NUCLEO-WB55.Nucleo/Examples/UART/UART_HyperTerminal_DMA/Src/main.c:195:6:SystemClock_Config	112	static
C:/STM32Cube_FW_WB_V1.13.3/Projects/P-NUCLEO-WB55.Nucleo/Examples/UART/UART_HyperTerminal_DMA/Src/main.c:244:13:MX_USART1_UART_Init	8	static
C:/STM32Cube_FW_WB_V1.13.3/Projects/P-NUCLEO-WB55.Nucleo/Examples/UART/UART_HyperTerminal_DMA/Src/main.c:290:13:MX_DMA_Init	8	static
C:/STM32Cube_FW_WB_V1.13.3/Projects/P-NUCLEO-WB55.Nucleo/Examples/UART/UART_HyperTerminal_DMA/Src/main.c:312:13:MX_GPIO_Init	8	static
C:/STM32Cube_FW_WB_V1.13.3/Projects/P-NUCLEO-WB55.Nucleo/Examples/UART/UART_HyperTerminal_DMA/Src/main.c:329:6:HAL_UART_TxCpltCallback	16	static
C:/STM32Cube_FW_WB_V1.13.3/Projects/P-NUCLEO-WB55.Nucleo/Examples/UART/UART_HyperTerminal_DMA/Src/main.c:340:6:HAL_UART_RxCpltCallback	16	static
C:/STM32Cube_FW_WB_V1.13.3/Projects/P-NUCLEO-WB55.Nucleo/Examples/UART/UART_HyperTerminal_DMA/Src/main.c:351:6:HAL_UART_ErrorCallback	16	static
C:/STM32Cube_FW_WB_V1.13.3/Projects/P-NUCLEO-WB55.Nucleo/Examples/UART/UART_HyperTerminal_DMA/Src/main.c:363:6:Error_Handler	8	static
