C:/STM32Cube_FW_WB_V1.13.3/Projects/P-NUCLEO-WB55.Nucleo/Examples/UART/UART_HyperTerminal_DMA/Src/stm32wbxx_it.c:75:6:SVC_Handler	4	static
C:/STM32Cube_FW_WB_V1.13.3/Projects/P-NUCLEO-WB55.Nucleo/Examples/UART/UART_HyperTerminal_DMA/Src/stm32wbxx_it.c:88:6:PendSV_Handler	4	static
C:/STM32Cube_FW_WB_V1.13.3/Projects/P-NUCLEO-WB55.Nucleo/Examples/UART/UART_HyperTerminal_DMA/Src/stm32wbxx_it.c:101:6:SysTick_Handler	8	static
C:/STM32Cube_FW_WB_V1.13.3/Projects/P-NUCLEO-WB55.Nucleo/Examples/UART/UART_HyperTerminal_DMA/Src/stm32wbxx_it.c:122:6:DMA1_Channel1_IRQHandler	8	static
C:/STM32Cube_FW_WB_V1.13.3/Projects/P-NUCLEO-WB55.Nucleo/Examples/UART/UART_HyperTerminal_DMA/Src/stm32wbxx_it.c:136:6:DMA1_Channel2_IRQHandler	8	static
C:/STM32Cube_FW_WB_V1.13.3/Projects/P-NUCLEO-WB55.Nucleo/Examples/UART/UART_HyperTerminal_DMA/Src/stm32wbxx_it.c:150:6:USART1_IRQHandler	8	static
