Component: ARM Compiler 5.06 update 7 (build 960) Tool: armlink [4d3601]

==============================================================================

Section Cross References

    startup_stm32wb55xx_cm4.o(RESET) refers to startup_stm32wb55xx_cm4.o(STACK) for __initial_sp
    startup_stm32wb55xx_cm4.o(RESET) refers to startup_stm32wb55xx_cm4.o(.text) for Reset_Handler
    startup_stm32wb55xx_cm4.o(RESET) refers to stm32wbxx_it.o(i.NMI_Handler) for NMI_Handler
    startup_stm32wb55xx_cm4.o(RESET) refers to stm32wbxx_it.o(i.HardFault_Handler) for HardFault_Handler
    startup_stm32wb55xx_cm4.o(RESET) refers to stm32wbxx_it.o(i.MemManage_Handler) for MemManage_Handler
    startup_stm32wb55xx_cm4.o(RESET) refers to stm32wbxx_it.o(i.BusFault_Handler) for BusFault_Handler
    startup_stm32wb55xx_cm4.o(RESET) refers to stm32wbxx_it.o(i.UsageFault_Handler) for UsageFault_Handler
    startup_stm32wb55xx_cm4.o(RESET) refers to stm32wbxx_it.o(i.SVC_Handler) for SVC_Handler
    startup_stm32wb55xx_cm4.o(RESET) refers to stm32wbxx_it.o(i.DebugMon_Handler) for DebugMon_Handler
    startup_stm32wb55xx_cm4.o(RESET) refers to stm32wbxx_it.o(i.PendSV_Handler) for PendSV_Handler
    startup_stm32wb55xx_cm4.o(RESET) refers to stm32wbxx_it.o(i.SysTick_Handler) for SysTick_Handler
    startup_stm32wb55xx_cm4.o(RESET) refers to stm32wbxx_it.o(i.EXTI4_IRQHandler) for EXTI4_IRQHandler
    startup_stm32wb55xx_cm4.o(RESET) refers to stm32wbxx_it.o(i.SPI1_IRQHandler) for SPI1_IRQHandler
    startup_stm32wb55xx_cm4.o(.text) refers to system_stm32wbxx.o(i.SystemInit) for SystemInit
    startup_stm32wb55xx_cm4.o(.text) refers to entry.o(.ARM.Collect$$$$00000000) for __main
    main.o(i.LED_Blinking) refers to stm32wbxx_ll_utils.o(i.LL_mDelay) for LL_mDelay
    main.o(i.MX_GPIO_Init) refers to memseta.o(.text) for __aeabi_memclr4
    main.o(i.MX_GPIO_Init) refers to main.o(i.LL_AHB2_GRP1_EnableClock) for LL_AHB2_GRP1_EnableClock
    main.o(i.MX_GPIO_Init) refers to stm32wbxx_ll_exti.o(i.LL_EXTI_Init) for LL_EXTI_Init
    main.o(i.MX_GPIO_Init) refers to stm32wbxx_ll_gpio.o(i.LL_GPIO_Init) for LL_GPIO_Init
    main.o(i.MX_GPIO_Init) refers to main.o(i.NVIC_EncodePriority) for NVIC_EncodePriority
    main.o(i.MX_GPIO_Init) refers to main.o(i.__NVIC_SetPriority) for __NVIC_SetPriority
    main.o(i.MX_GPIO_Init) refers to main.o(i.__NVIC_EnableIRQ) for __NVIC_EnableIRQ
    main.o(i.MX_SPI1_Init) refers to memseta.o(.text) for __aeabi_memclr4
    main.o(i.MX_SPI1_Init) refers to main.o(i.LL_AHB2_GRP1_EnableClock) for LL_AHB2_GRP1_EnableClock
    main.o(i.MX_SPI1_Init) refers to stm32wbxx_ll_gpio.o(i.LL_GPIO_Init) for LL_GPIO_Init
    main.o(i.MX_SPI1_Init) refers to main.o(i.NVIC_EncodePriority) for NVIC_EncodePriority
    main.o(i.MX_SPI1_Init) refers to main.o(i.__NVIC_SetPriority) for __NVIC_SetPriority
    main.o(i.MX_SPI1_Init) refers to main.o(i.__NVIC_EnableIRQ) for __NVIC_EnableIRQ
    main.o(i.MX_SPI1_Init) refers to stm32wbxx_ll_spi.o(i.LL_SPI_Init) for LL_SPI_Init
    main.o(i.SPI1_Rx_Callback) refers to main.o(.data) for .data
    main.o(i.SPI1_Rx_Callback) refers to main.o(.bss) for .bss
    main.o(i.SPI1_TransferError_Callback) refers to main.o(i.LED_Blinking) for LED_Blinking
    main.o(i.SPI1_Tx_Callback) refers to main.o(.data) for .data
    main.o(i.SystemClock_Config) refers to stm32wbxx_ll_utils.o(i.LL_Init1msTick) for LL_Init1msTick
    main.o(i.SystemClock_Config) refers to stm32wbxx_ll_utils.o(i.LL_SetSystemCoreClock) for LL_SetSystemCoreClock
    main.o(i.UserButton_Callback) refers to main.o(.data) for .data
    main.o(i.WaitAndCheckEndOfTransfer) refers to main.o(i.Buffercmp8) for Buffercmp8
    main.o(i.WaitAndCheckEndOfTransfer) refers to main.o(i.LED_Blinking) for LED_Blinking
    main.o(i.WaitAndCheckEndOfTransfer) refers to main.o(.data) for .data
    main.o(i.WaitAndCheckEndOfTransfer) refers to main.o(.bss) for .bss
    main.o(i.WaitForUserButtonPress) refers to stm32wbxx_ll_utils.o(i.LL_mDelay) for LL_mDelay
    main.o(i.WaitForUserButtonPress) refers to main.o(.data) for .data
    main.o(i.main) refers to main.o(i.SystemClock_Config) for SystemClock_Config
    main.o(i.main) refers to main.o(i.MX_GPIO_Init) for MX_GPIO_Init
    main.o(i.main) refers to main.o(i.MX_SPI1_Init) for MX_SPI1_Init
    main.o(i.main) refers to main.o(i.WaitForUserButtonPress) for WaitForUserButtonPress
    main.o(i.main) refers to main.o(i.Activate_SPI) for Activate_SPI
    main.o(i.main) refers to main.o(i.WaitAndCheckEndOfTransfer) for WaitAndCheckEndOfTransfer
    stm32wbxx_it.o(i.EXTI4_IRQHandler) refers to main.o(i.UserButton_Callback) for UserButton_Callback
    stm32wbxx_it.o(i.SPI1_IRQHandler) refers to main.o(i.SPI1_Rx_Callback) for SPI1_Rx_Callback
    stm32wbxx_it.o(i.SPI1_IRQHandler) refers to main.o(i.SPI1_Tx_Callback) for SPI1_Tx_Callback
    stm32wbxx_it.o(i.SPI1_IRQHandler) refers to main.o(i.SPI1_TransferError_Callback) for SPI1_TransferError_Callback
    stm32wbxx_ll_utils.o(i.LL_PLL_ConfigSystemClock_HSE) refers to stm32wbxx_ll_utils.o(i.UTILS_PLL_IsBusy) for UTILS_PLL_IsBusy
    stm32wbxx_ll_utils.o(i.LL_PLL_ConfigSystemClock_HSE) refers to stm32wbxx_ll_utils.o(i.UTILS_GetPLLOutputFrequency) for UTILS_GetPLLOutputFrequency
    stm32wbxx_ll_utils.o(i.LL_PLL_ConfigSystemClock_HSE) refers to stm32wbxx_ll_utils.o(i.LL_RCC_PLL_ConfigDomain_SYS) for LL_RCC_PLL_ConfigDomain_SYS
    stm32wbxx_ll_utils.o(i.LL_PLL_ConfigSystemClock_HSE) refers to stm32wbxx_ll_utils.o(i.UTILS_EnablePLLAndSwitchSystem) for UTILS_EnablePLLAndSwitchSystem
    stm32wbxx_ll_utils.o(i.LL_PLL_ConfigSystemClock_HSE) refers to system_stm32wbxx.o(.constdata) for AHBPrescTable
    stm32wbxx_ll_utils.o(i.LL_PLL_ConfigSystemClock_HSI) refers to stm32wbxx_ll_utils.o(i.UTILS_PLL_IsBusy) for UTILS_PLL_IsBusy
    stm32wbxx_ll_utils.o(i.LL_PLL_ConfigSystemClock_HSI) refers to stm32wbxx_ll_utils.o(i.UTILS_GetPLLOutputFrequency) for UTILS_GetPLLOutputFrequency
    stm32wbxx_ll_utils.o(i.LL_PLL_ConfigSystemClock_HSI) refers to stm32wbxx_ll_utils.o(i.LL_RCC_PLL_ConfigDomain_SYS) for LL_RCC_PLL_ConfigDomain_SYS
    stm32wbxx_ll_utils.o(i.LL_PLL_ConfigSystemClock_HSI) refers to stm32wbxx_ll_utils.o(i.UTILS_EnablePLLAndSwitchSystem) for UTILS_EnablePLLAndSwitchSystem
    stm32wbxx_ll_utils.o(i.LL_PLL_ConfigSystemClock_HSI) refers to system_stm32wbxx.o(.constdata) for AHBPrescTable
    stm32wbxx_ll_utils.o(i.LL_PLL_ConfigSystemClock_MSI) refers to stm32wbxx_ll_utils.o(i.UTILS_PLL_IsBusy) for UTILS_PLL_IsBusy
    stm32wbxx_ll_utils.o(i.LL_PLL_ConfigSystemClock_MSI) refers to stm32wbxx_ll_utils.o(i.UTILS_GetPLLOutputFrequency) for UTILS_GetPLLOutputFrequency
    stm32wbxx_ll_utils.o(i.LL_PLL_ConfigSystemClock_MSI) refers to stm32wbxx_ll_utils.o(i.LL_RCC_PLL_ConfigDomain_SYS) for LL_RCC_PLL_ConfigDomain_SYS
    stm32wbxx_ll_utils.o(i.LL_PLL_ConfigSystemClock_MSI) refers to stm32wbxx_ll_utils.o(i.UTILS_EnablePLLAndSwitchSystem) for UTILS_EnablePLLAndSwitchSystem
    stm32wbxx_ll_utils.o(i.LL_PLL_ConfigSystemClock_MSI) refers to system_stm32wbxx.o(.constdata) for MSIRangeTable
    stm32wbxx_ll_utils.o(i.LL_SetFlashLatency) refers to stm32wbxx_ll_utils.o(.constdata) for .constdata
    stm32wbxx_ll_utils.o(i.LL_SetSystemCoreClock) refers to system_stm32wbxx.o(.data) for SystemCoreClock
    stm32wbxx_ll_utils.o(i.UTILS_EnablePLLAndSwitchSystem) refers to stm32wbxx_ll_utils.o(i.LL_SetFlashLatency) for LL_SetFlashLatency
    stm32wbxx_ll_utils.o(i.UTILS_EnablePLLAndSwitchSystem) refers to system_stm32wbxx.o(.constdata) for AHBPrescTable
    stm32wbxx_ll_utils.o(i.UTILS_EnablePLLAndSwitchSystem) refers to system_stm32wbxx.o(.data) for SystemCoreClock
    stm32wbxx_ll_gpio.o(i.LL_GPIO_DeInit) refers to stm32wbxx_ll_gpio.o(i.LL_AHB2_GRP1_ForceReset) for LL_AHB2_GRP1_ForceReset
    stm32wbxx_ll_gpio.o(i.LL_GPIO_DeInit) refers to stm32wbxx_ll_gpio.o(i.LL_AHB2_GRP1_ReleaseReset) for LL_AHB2_GRP1_ReleaseReset
    stm32wbxx_ll_dma.o(i.LL_DMA_DeInit) refers to stm32wbxx_ll_dma.o(i.LL_DMA_SetPeriphRequest) for LL_DMA_SetPeriphRequest
    stm32wbxx_ll_dma.o(i.LL_DMA_Init) refers to stm32wbxx_ll_dma.o(i.LL_DMA_SetPeriphRequest) for LL_DMA_SetPeriphRequest
    system_stm32wbxx.o(i.SystemCoreClockUpdate) refers to system_stm32wbxx.o(.constdata) for .constdata
    system_stm32wbxx.o(i.SystemCoreClockUpdate) refers to system_stm32wbxx.o(.data) for .data
    entry.o(.ARM.Collect$$$$00000000) refers (Special) to entry10a.o(.ARM.Collect$$$$0000000F) for __rt_final_cpp
    entry.o(.ARM.Collect$$$$00000000) refers (Special) to entry11a.o(.ARM.Collect$$$$00000011) for __rt_final_exit
    entry.o(.ARM.Collect$$$$00000000) refers (Special) to entry12b.o(.ARM.Collect$$$$0000000E) for __rt_lib_shutdown_fini
    entry.o(.ARM.Collect$$$$00000000) refers (Special) to entry7b.o(.ARM.Collect$$$$00000008) for _main_clock
    entry.o(.ARM.Collect$$$$00000000) refers (Special) to entry8b.o(.ARM.Collect$$$$0000000A) for _main_cpp_init
    entry.o(.ARM.Collect$$$$00000000) refers (Special) to entry9a.o(.ARM.Collect$$$$0000000B) for _main_init
    entry.o(.ARM.Collect$$$$00000000) refers (Special) to entry5.o(.ARM.Collect$$$$00000004) for _main_scatterload
    entry.o(.ARM.Collect$$$$00000000) refers (Special) to entry2.o(.ARM.Collect$$$$00000001) for _main_stk
    entry2.o(.ARM.Collect$$$$00000001) refers to entry2.o(.ARM.Collect$$$$00002712) for __lit__00000000
    entry2.o(.ARM.Collect$$$$00002712) refers to startup_stm32wb55xx_cm4.o(STACK) for __initial_sp
    entry2.o(__vectab_stack_and_reset_area) refers to startup_stm32wb55xx_cm4.o(STACK) for __initial_sp
    entry2.o(__vectab_stack_and_reset_area) refers to entry.o(.ARM.Collect$$$$00000000) for __main
    entry5.o(.ARM.Collect$$$$00000004) refers to init.o(.text) for __scatterload
    entry9a.o(.ARM.Collect$$$$0000000B) refers to main.o(i.main) for main
    entry9b.o(.ARM.Collect$$$$0000000C) refers to main.o(i.main) for main
    init.o(.text) refers to entry5.o(.ARM.Collect$$$$00000004) for __main_after_scatterload


==============================================================================

Removing Unused input sections from the image.

    Removing startup_stm32wb55xx_cm4.o(HEAP), (512 bytes).
    Removing main.o(.rev16_text), (4 bytes).
    Removing main.o(.revsh_text), (4 bytes).
    Removing main.o(.rrx_text), (6 bytes).
    Removing main.o(i.Error_Handler), (2 bytes).
    Removing main.o(i.LED_Off), (12 bytes).
    Removing main.o(i.LED_On), (12 bytes).
    Removing main.o(i.PeriphCommonClock_Config), (2 bytes).
    Removing stm32wbxx_it.o(.rev16_text), (4 bytes).
    Removing stm32wbxx_it.o(.revsh_text), (4 bytes).
    Removing stm32wbxx_it.o(.rrx_text), (6 bytes).
    Removing stm32wbxx_ll_utils.o(.rev16_text), (4 bytes).
    Removing stm32wbxx_ll_utils.o(.revsh_text), (4 bytes).
    Removing stm32wbxx_ll_utils.o(.rrx_text), (6 bytes).
    Removing stm32wbxx_ll_utils.o(i.LL_PLL_ConfigSystemClock_HSE), (112 bytes).
    Removing stm32wbxx_ll_utils.o(i.LL_PLL_ConfigSystemClock_HSI), (112 bytes).
    Removing stm32wbxx_ll_utils.o(i.LL_PLL_ConfigSystemClock_MSI), (148 bytes).
    Removing stm32wbxx_ll_utils.o(i.LL_RCC_PLL_ConfigDomain_SYS), (28 bytes).
    Removing stm32wbxx_ll_utils.o(i.LL_SetFlashLatency), (196 bytes).
    Removing stm32wbxx_ll_utils.o(i.UTILS_EnablePLLAndSwitchSystem), (260 bytes).
    Removing stm32wbxx_ll_utils.o(i.UTILS_GetPLLOutputFrequency), (32 bytes).
    Removing stm32wbxx_ll_utils.o(i.UTILS_PLL_IsBusy), (30 bytes).
    Removing stm32wbxx_ll_utils.o(.constdata), (44 bytes).
    Removing stm32wbxx_ll_exti.o(.rev16_text), (4 bytes).
    Removing stm32wbxx_ll_exti.o(.revsh_text), (4 bytes).
    Removing stm32wbxx_ll_exti.o(.rrx_text), (6 bytes).
    Removing stm32wbxx_ll_exti.o(i.LL_EXTI_DeInit), (96 bytes).
    Removing stm32wbxx_ll_exti.o(i.LL_EXTI_StructInit), (16 bytes).
    Removing stm32wbxx_ll_gpio.o(.rev16_text), (4 bytes).
    Removing stm32wbxx_ll_gpio.o(.revsh_text), (4 bytes).
    Removing stm32wbxx_ll_gpio.o(.rrx_text), (6 bytes).
    Removing stm32wbxx_ll_gpio.o(i.LL_AHB2_GRP1_ForceReset), (12 bytes).
    Removing stm32wbxx_ll_gpio.o(i.LL_AHB2_GRP1_ReleaseReset), (12 bytes).
    Removing stm32wbxx_ll_gpio.o(i.LL_GPIO_DeInit), (132 bytes).
    Removing stm32wbxx_ll_gpio.o(i.LL_GPIO_StructInit), (22 bytes).
    Removing stm32wbxx_ll_spi.o(.rev16_text), (4 bytes).
    Removing stm32wbxx_ll_spi.o(.revsh_text), (4 bytes).
    Removing stm32wbxx_ll_spi.o(.rrx_text), (6 bytes).
    Removing stm32wbxx_ll_spi.o(i.LL_SPI_DeInit), (68 bytes).
    Removing stm32wbxx_ll_spi.o(i.LL_SPI_StructInit), (30 bytes).
    Removing stm32wbxx_ll_dma.o(.rev16_text), (4 bytes).
    Removing stm32wbxx_ll_dma.o(.revsh_text), (4 bytes).
    Removing stm32wbxx_ll_dma.o(.rrx_text), (6 bytes).
    Removing stm32wbxx_ll_dma.o(i.LL_DMA_DeInit), (312 bytes).
    Removing stm32wbxx_ll_dma.o(i.LL_DMA_Init), (156 bytes).
    Removing stm32wbxx_ll_dma.o(i.LL_DMA_SetPeriphRequest), (56 bytes).
    Removing stm32wbxx_ll_dma.o(i.LL_DMA_StructInit), (26 bytes).
    Removing stm32wbxx_ll_pwr.o(.rev16_text), (4 bytes).
    Removing stm32wbxx_ll_pwr.o(.revsh_text), (4 bytes).
    Removing stm32wbxx_ll_pwr.o(.rrx_text), (6 bytes).
    Removing stm32wbxx_ll_pwr.o(i.LL_PWR_DeInit), (124 bytes).
    Removing system_stm32wbxx.o(.rev16_text), (4 bytes).
    Removing system_stm32wbxx.o(.revsh_text), (4 bytes).
    Removing system_stm32wbxx.o(.rrx_text), (6 bytes).
    Removing system_stm32wbxx.o(i.SystemCoreClockUpdate), (156 bytes).
    Removing system_stm32wbxx.o(.constdata), (128 bytes).
    Removing system_stm32wbxx.o(.constdata), (32 bytes).
    Removing system_stm32wbxx.o(.constdata), (96 bytes).

58 unused section(s) (total 3102 bytes) removed from the image.

==============================================================================

Image Symbol Table

    Local Symbols

    Symbol Name                              Value     Ov Type        Size  Object(Section)

    ../../../../../../Drivers/STM32WBxx_HAL_Driver/Src/stm32wbxx_ll_dma.c 0x00000000   Number         0  stm32wbxx_ll_dma.o ABSOLUTE
    ../../../../../../Drivers/STM32WBxx_HAL_Driver/Src/stm32wbxx_ll_exti.c 0x00000000   Number         0  stm32wbxx_ll_exti.o ABSOLUTE
    ../../../../../../Drivers/STM32WBxx_HAL_Driver/Src/stm32wbxx_ll_gpio.c 0x00000000   Number         0  stm32wbxx_ll_gpio.o ABSOLUTE
    ../../../../../../Drivers/STM32WBxx_HAL_Driver/Src/stm32wbxx_ll_pwr.c 0x00000000   Number         0  stm32wbxx_ll_pwr.o ABSOLUTE
    ../../../../../../Drivers/STM32WBxx_HAL_Driver/Src/stm32wbxx_ll_spi.c 0x00000000   Number         0  stm32wbxx_ll_spi.o ABSOLUTE
    ../../../../../../Drivers/STM32WBxx_HAL_Driver/Src/stm32wbxx_ll_utils.c 0x00000000   Number         0  stm32wbxx_ll_utils.o ABSOLUTE
    ../Src/main.c                            0x00000000   Number         0  main.o ABSOLUTE
    ../Src/stm32wbxx_it.c                    0x00000000   Number         0  stm32wbxx_it.o ABSOLUTE
    ../Src/system_stm32wbxx.c                0x00000000   Number         0  system_stm32wbxx.o ABSOLUTE
    ../clib/microlib/init/entry.s            0x00000000   Number         0  entry8b.o ABSOLUTE
    ../clib/microlib/init/entry.s            0x00000000   Number         0  entry8a.o ABSOLUTE
    ../clib/microlib/init/entry.s            0x00000000   Number         0  entry7b.o ABSOLUTE
    ../clib/microlib/init/entry.s            0x00000000   Number         0  entry7a.o ABSOLUTE
    ../clib/microlib/init/entry.s            0x00000000   Number         0  entry10b.o ABSOLUTE
    ../clib/microlib/init/entry.s            0x00000000   Number         0  entry5.o ABSOLUTE
    ../clib/microlib/init/entry.s            0x00000000   Number         0  entry2.o ABSOLUTE
    ../clib/microlib/init/entry.s            0x00000000   Number         0  entry.o ABSOLUTE
    ../clib/microlib/init/entry.s            0x00000000   Number         0  entry12b.o ABSOLUTE
    ../clib/microlib/init/entry.s            0x00000000   Number         0  entry12a.o ABSOLUTE
    ../clib/microlib/init/entry.s            0x00000000   Number         0  entry11b.o ABSOLUTE
    ../clib/microlib/init/entry.s            0x00000000   Number         0  entry11a.o ABSOLUTE
    ../clib/microlib/init/entry.s            0x00000000   Number         0  entry10a.o ABSOLUTE
    ../clib/microlib/init/entry.s            0x00000000   Number         0  entry9b.o ABSOLUTE
    ../clib/microlib/init/entry.s            0x00000000   Number         0  entry9a.o ABSOLUTE
    ../clib/microlib/string/memset.c         0x00000000   Number         0  memseta.o ABSOLUTE
    ..\..\..\..\..\..\Drivers\STM32WBxx_HAL_Driver\Src\stm32wbxx_ll_dma.c 0x00000000   Number         0  stm32wbxx_ll_dma.o ABSOLUTE
    ..\..\..\..\..\..\Drivers\STM32WBxx_HAL_Driver\Src\stm32wbxx_ll_exti.c 0x00000000   Number         0  stm32wbxx_ll_exti.o ABSOLUTE
    ..\..\..\..\..\..\Drivers\STM32WBxx_HAL_Driver\Src\stm32wbxx_ll_gpio.c 0x00000000   Number         0  stm32wbxx_ll_gpio.o ABSOLUTE
    ..\..\..\..\..\..\Drivers\STM32WBxx_HAL_Driver\Src\stm32wbxx_ll_pwr.c 0x00000000   Number         0  stm32wbxx_ll_pwr.o ABSOLUTE
    ..\..\..\..\..\..\Drivers\STM32WBxx_HAL_Driver\Src\stm32wbxx_ll_spi.c 0x00000000   Number         0  stm32wbxx_ll_spi.o ABSOLUTE
    ..\..\..\..\..\..\Drivers\STM32WBxx_HAL_Driver\Src\stm32wbxx_ll_utils.c 0x00000000   Number         0  stm32wbxx_ll_utils.o ABSOLUTE
    ..\Src\main.c                            0x00000000   Number         0  main.o ABSOLUTE
    ..\Src\stm32wbxx_it.c                    0x00000000   Number         0  stm32wbxx_it.o ABSOLUTE
    ..\Src\system_stm32wbxx.c                0x00000000   Number         0  system_stm32wbxx.o ABSOLUTE
    dc.s                                     0x00000000   Number         0  dc.o ABSOLUTE
    handlers.s                               0x00000000   Number         0  handlers.o ABSOLUTE
    init.s                                   0x00000000   Number         0  init.o ABSOLUTE
    startup_stm32wb55xx_cm4.s                0x00000000   Number         0  startup_stm32wb55xx_cm4.o ABSOLUTE
    RESET                                    0x08000000   Section      316  startup_stm32wb55xx_cm4.o(RESET)
    .ARM.Collect$$$$00000000                 0x0800013c   Section        0  entry.o(.ARM.Collect$$$$00000000)
    .ARM.Collect$$$$00000001                 0x0800013c   Section        4  entry2.o(.ARM.Collect$$$$00000001)
    .ARM.Collect$$$$00000004                 0x08000140   Section        4  entry5.o(.ARM.Collect$$$$00000004)
    .ARM.Collect$$$$00000008                 0x08000144   Section        0  entry7b.o(.ARM.Collect$$$$00000008)
    .ARM.Collect$$$$0000000A                 0x08000144   Section        0  entry8b.o(.ARM.Collect$$$$0000000A)
    .ARM.Collect$$$$0000000B                 0x08000144   Section        8  entry9a.o(.ARM.Collect$$$$0000000B)
    .ARM.Collect$$$$0000000E                 0x0800014c   Section        4  entry12b.o(.ARM.Collect$$$$0000000E)
    .ARM.Collect$$$$0000000F                 0x08000150   Section        0  entry10a.o(.ARM.Collect$$$$0000000F)
    .ARM.Collect$$$$00000011                 0x08000150   Section        0  entry11a.o(.ARM.Collect$$$$00000011)
    .ARM.Collect$$$$00002712                 0x08000150   Section        4  entry2.o(.ARM.Collect$$$$00002712)
    __lit__00000000                          0x08000150   Data           4  entry2.o(.ARM.Collect$$$$00002712)
    .text                                    0x08000154   Section       36  startup_stm32wb55xx_cm4.o(.text)
    $v0                                      0x08000154   Number         0  startup_stm32wb55xx_cm4.o(.text)
    .text                                    0x08000178   Section        0  memseta.o(.text)
    .text                                    0x0800019c   Section       36  init.o(.text)
    i.Activate_SPI                           0x080001c0   Section        0  main.o(i.Activate_SPI)
    i.Buffercmp8                             0x080001d0   Section        0  main.o(i.Buffercmp8)
    i.BusFault_Handler                       0x080001ee   Section        0  stm32wbxx_it.o(i.BusFault_Handler)
    i.DebugMon_Handler                       0x080001f0   Section        0  stm32wbxx_it.o(i.DebugMon_Handler)
    i.EXTI4_IRQHandler                       0x080001f4   Section        0  stm32wbxx_it.o(i.EXTI4_IRQHandler)
    i.HardFault_Handler                      0x0800020c   Section        0  stm32wbxx_it.o(i.HardFault_Handler)
    i.LED_Blinking                           0x08000210   Section        0  main.o(i.LED_Blinking)
    i.LL_AHB2_GRP1_EnableClock               0x08000230   Section        0  main.o(i.LL_AHB2_GRP1_EnableClock)
    LL_AHB2_GRP1_EnableClock                 0x08000231   Thumb Code    20  main.o(i.LL_AHB2_GRP1_EnableClock)
    i.LL_EXTI_Init                           0x08000244   Section        0  stm32wbxx_ll_exti.o(i.LL_EXTI_Init)
    i.LL_GPIO_Init                           0x08000380   Section        0  stm32wbxx_ll_gpio.o(i.LL_GPIO_Init)
    i.LL_Init1msTick                         0x080004b6   Section        0  stm32wbxx_ll_utils.o(i.LL_Init1msTick)
    i.LL_SPI_Init                            0x080004d0   Section        0  stm32wbxx_ll_spi.o(i.LL_SPI_Init)
    i.LL_SetSystemCoreClock                  0x08000540   Section        0  stm32wbxx_ll_utils.o(i.LL_SetSystemCoreClock)
    i.LL_mDelay                              0x0800054c   Section        0  stm32wbxx_ll_utils.o(i.LL_mDelay)
    i.MX_GPIO_Init                           0x0800056c   Section        0  main.o(i.MX_GPIO_Init)
    MX_GPIO_Init                             0x0800056d   Thumb Code   228  main.o(i.MX_GPIO_Init)
    i.MX_SPI1_Init                           0x08000660   Section        0  main.o(i.MX_SPI1_Init)
    MX_SPI1_Init                             0x08000661   Thumb Code   172  main.o(i.MX_SPI1_Init)
    i.MemManage_Handler                      0x08000714   Section        0  stm32wbxx_it.o(i.MemManage_Handler)
    i.NMI_Handler                            0x08000716   Section        0  stm32wbxx_it.o(i.NMI_Handler)
    i.NVIC_EncodePriority                    0x08000718   Section        0  main.o(i.NVIC_EncodePriority)
    NVIC_EncodePriority                      0x08000719   Thumb Code    50  main.o(i.NVIC_EncodePriority)
    i.PendSV_Handler                         0x0800074a   Section        0  stm32wbxx_it.o(i.PendSV_Handler)
    i.SPI1_IRQHandler                        0x0800074c   Section        0  stm32wbxx_it.o(i.SPI1_IRQHandler)
    i.SPI1_Rx_Callback                       0x0800077c   Section        0  main.o(i.SPI1_Rx_Callback)
    i.SPI1_TransferError_Callback            0x0800079c   Section        0  main.o(i.SPI1_TransferError_Callback)
    i.SPI1_Tx_Callback                       0x080007bc   Section        0  main.o(i.SPI1_Tx_Callback)
    i.SVC_Handler                            0x080007d8   Section        0  stm32wbxx_it.o(i.SVC_Handler)
    i.SysTick_Handler                        0x080007da   Section        0  stm32wbxx_it.o(i.SysTick_Handler)
    i.SystemClock_Config                     0x080007dc   Section        0  main.o(i.SystemClock_Config)
    i.SystemInit                             0x08000890   Section        0  system_stm32wbxx.o(i.SystemInit)
    i.UsageFault_Handler                     0x080008f4   Section        0  stm32wbxx_it.o(i.UsageFault_Handler)
    i.UserButton_Callback                    0x080008f8   Section        0  main.o(i.UserButton_Callback)
    i.WaitAndCheckEndOfTransfer              0x08000904   Section        0  main.o(i.WaitAndCheckEndOfTransfer)
    i.WaitForUserButtonPress                 0x08000958   Section        0  main.o(i.WaitForUserButtonPress)
    i.__NVIC_EnableIRQ                       0x0800098c   Section        0  main.o(i.__NVIC_EnableIRQ)
    __NVIC_EnableIRQ                         0x0800098d   Thumb Code    26  main.o(i.__NVIC_EnableIRQ)
    i.__NVIC_SetPriority                     0x080009a6   Section        0  main.o(i.__NVIC_SetPriority)
    __NVIC_SetPriority                       0x080009a7   Thumb Code    32  main.o(i.__NVIC_SetPriority)
    i.__scatterload_copy                     0x080009c6   Section       14  handlers.o(i.__scatterload_copy)
    i.__scatterload_null                     0x080009d4   Section        2  handlers.o(i.__scatterload_null)
    i.__scatterload_zeroinit                 0x080009d6   Section       14  handlers.o(i.__scatterload_zeroinit)
    i.main                                   0x080009e4   Section        0  main.o(i.main)
    .data                                    0x20000008   Section      151  main.o(.data)
    .data                                    0x200000a0   Section        4  system_stm32wbxx.o(.data)
    .bss                                     0x200000a4   Section      146  main.o(.bss)
    STACK                                    0x20000138   Section     1024  startup_stm32wb55xx_cm4.o(STACK)

    Global Symbols

    Symbol Name                              Value     Ov Type        Size  Object(Section)

    BuildAttributes$$THM_ISAv4$E$P$D$K$B$S$7EM$VFPi3$EXTD16$VFPS$VFMA$PE$A:L22UL41UL21$X:L11$S22US41US21$IEEE1$IW$USESV6$~STKCKD$USESV7$~SHL$OSPACE$EBA8$MICROLIB$REQ8$PRES8$EABIv2 0x00000000   Number         0  anon$$obj.o ABSOLUTE
    __ARM_use_no_argv                        0x00000000   Number         0  main.o ABSOLUTE
    __arm_fini_                               - Undefined Weak Reference
    __cpp_initialize__aeabi_                  - Undefined Weak Reference
    __cxa_finalize                            - Undefined Weak Reference
    __decompress                              - Undefined Weak Reference
    _clock_init                               - Undefined Weak Reference
    _microlib_exit                            - Undefined Weak Reference
    __Vectors_Size                           0x0000013c   Number         0  startup_stm32wb55xx_cm4.o ABSOLUTE
    __Vectors                                0x08000000   Data           4  startup_stm32wb55xx_cm4.o(RESET)
    __Vectors_End                            0x0800013c   Data           0  startup_stm32wb55xx_cm4.o(RESET)
    __main                                   0x0800013d   Thumb Code     0  entry.o(.ARM.Collect$$$$00000000)
    _main_stk                                0x0800013d   Thumb Code     0  entry2.o(.ARM.Collect$$$$00000001)
    _main_scatterload                        0x08000141   Thumb Code     0  entry5.o(.ARM.Collect$$$$00000004)
    __main_after_scatterload                 0x08000145   Thumb Code     0  entry5.o(.ARM.Collect$$$$00000004)
    _main_clock                              0x08000145   Thumb Code     0  entry7b.o(.ARM.Collect$$$$00000008)
    _main_cpp_init                           0x08000145   Thumb Code     0  entry8b.o(.ARM.Collect$$$$0000000A)
    _main_init                               0x08000145   Thumb Code     0  entry9a.o(.ARM.Collect$$$$0000000B)
    __rt_lib_shutdown_fini                   0x0800014d   Thumb Code     0  entry12b.o(.ARM.Collect$$$$0000000E)
    __rt_final_cpp                           0x08000151   Thumb Code     0  entry10a.o(.ARM.Collect$$$$0000000F)
    __rt_final_exit                          0x08000151   Thumb Code     0  entry11a.o(.ARM.Collect$$$$00000011)
    Reset_Handler                            0x08000155   Thumb Code     8  startup_stm32wb55xx_cm4.o(.text)
    ADC1_IRQHandler                          0x0800016f   Thumb Code     0  startup_stm32wb55xx_cm4.o(.text)
    AES1_IRQHandler                          0x0800016f   Thumb Code     0  startup_stm32wb55xx_cm4.o(.text)
    AES2_IRQHandler                          0x0800016f   Thumb Code     0  startup_stm32wb55xx_cm4.o(.text)
    C2SEV_PWR_C2H_IRQHandler                 0x0800016f   Thumb Code     0  startup_stm32wb55xx_cm4.o(.text)
    COMP_IRQHandler                          0x0800016f   Thumb Code     0  startup_stm32wb55xx_cm4.o(.text)
    CRS_IRQHandler                           0x0800016f   Thumb Code     0  startup_stm32wb55xx_cm4.o(.text)
    DMA1_Channel1_IRQHandler                 0x0800016f   Thumb Code     0  startup_stm32wb55xx_cm4.o(.text)
    DMA1_Channel2_IRQHandler                 0x0800016f   Thumb Code     0  startup_stm32wb55xx_cm4.o(.text)
    DMA1_Channel3_IRQHandler                 0x0800016f   Thumb Code     0  startup_stm32wb55xx_cm4.o(.text)
    DMA1_Channel4_IRQHandler                 0x0800016f   Thumb Code     0  startup_stm32wb55xx_cm4.o(.text)
    DMA1_Channel5_IRQHandler                 0x0800016f   Thumb Code     0  startup_stm32wb55xx_cm4.o(.text)
    DMA1_Channel6_IRQHandler                 0x0800016f   Thumb Code     0  startup_stm32wb55xx_cm4.o(.text)
    DMA1_Channel7_IRQHandler                 0x0800016f   Thumb Code     0  startup_stm32wb55xx_cm4.o(.text)
    DMA2_Channel1_IRQHandler                 0x0800016f   Thumb Code     0  startup_stm32wb55xx_cm4.o(.text)
    DMA2_Channel2_IRQHandler                 0x0800016f   Thumb Code     0  startup_stm32wb55xx_cm4.o(.text)
    DMA2_Channel3_IRQHandler                 0x0800016f   Thumb Code     0  startup_stm32wb55xx_cm4.o(.text)
    DMA2_Channel4_IRQHandler                 0x0800016f   Thumb Code     0  startup_stm32wb55xx_cm4.o(.text)
    DMA2_Channel5_IRQHandler                 0x0800016f   Thumb Code     0  startup_stm32wb55xx_cm4.o(.text)
    DMA2_Channel6_IRQHandler                 0x0800016f   Thumb Code     0  startup_stm32wb55xx_cm4.o(.text)
    DMA2_Channel7_IRQHandler                 0x0800016f   Thumb Code     0  startup_stm32wb55xx_cm4.o(.text)
    DMAMUX1_OVR_IRQHandler                   0x0800016f   Thumb Code     0  startup_stm32wb55xx_cm4.o(.text)
    EXTI0_IRQHandler                         0x0800016f   Thumb Code     0  startup_stm32wb55xx_cm4.o(.text)
    EXTI15_10_IRQHandler                     0x0800016f   Thumb Code     0  startup_stm32wb55xx_cm4.o(.text)
    EXTI1_IRQHandler                         0x0800016f   Thumb Code     0  startup_stm32wb55xx_cm4.o(.text)
    EXTI2_IRQHandler                         0x0800016f   Thumb Code     0  startup_stm32wb55xx_cm4.o(.text)
    EXTI3_IRQHandler                         0x0800016f   Thumb Code     0  startup_stm32wb55xx_cm4.o(.text)
    EXTI9_5_IRQHandler                       0x0800016f   Thumb Code     0  startup_stm32wb55xx_cm4.o(.text)
    FLASH_IRQHandler                         0x0800016f   Thumb Code     0  startup_stm32wb55xx_cm4.o(.text)
    FPU_IRQHandler                           0x0800016f   Thumb Code     0  startup_stm32wb55xx_cm4.o(.text)
    HSEM_IRQHandler                          0x0800016f   Thumb Code     0  startup_stm32wb55xx_cm4.o(.text)
    I2C1_ER_IRQHandler                       0x0800016f   Thumb Code     0  startup_stm32wb55xx_cm4.o(.text)
    I2C1_EV_IRQHandler                       0x0800016f   Thumb Code     0  startup_stm32wb55xx_cm4.o(.text)
    I2C3_ER_IRQHandler                       0x0800016f   Thumb Code     0  startup_stm32wb55xx_cm4.o(.text)
    I2C3_EV_IRQHandler                       0x0800016f   Thumb Code     0  startup_stm32wb55xx_cm4.o(.text)
    IPCC_C1_RX_IRQHandler                    0x0800016f   Thumb Code     0  startup_stm32wb55xx_cm4.o(.text)
    IPCC_C1_TX_IRQHandler                    0x0800016f   Thumb Code     0  startup_stm32wb55xx_cm4.o(.text)
    LCD_IRQHandler                           0x0800016f   Thumb Code     0  startup_stm32wb55xx_cm4.o(.text)
    LPTIM1_IRQHandler                        0x0800016f   Thumb Code     0  startup_stm32wb55xx_cm4.o(.text)
    LPTIM2_IRQHandler                        0x0800016f   Thumb Code     0  startup_stm32wb55xx_cm4.o(.text)
    LPUART1_IRQHandler                       0x0800016f   Thumb Code     0  startup_stm32wb55xx_cm4.o(.text)
    PKA_IRQHandler                           0x0800016f   Thumb Code     0  startup_stm32wb55xx_cm4.o(.text)
    PVD_PVM_IRQHandler                       0x0800016f   Thumb Code     0  startup_stm32wb55xx_cm4.o(.text)
    PWR_SOTF_BLEACT_802ACT_RFPHASE_IRQHandler 0x0800016f   Thumb Code     0  startup_stm32wb55xx_cm4.o(.text)
    QUADSPI_IRQHandler                       0x0800016f   Thumb Code     0  startup_stm32wb55xx_cm4.o(.text)
    RCC_IRQHandler                           0x0800016f   Thumb Code     0  startup_stm32wb55xx_cm4.o(.text)
    RNG_IRQHandler                           0x0800016f   Thumb Code     0  startup_stm32wb55xx_cm4.o(.text)
    RTC_Alarm_IRQHandler                     0x0800016f   Thumb Code     0  startup_stm32wb55xx_cm4.o(.text)
    RTC_WKUP_IRQHandler                      0x0800016f   Thumb Code     0  startup_stm32wb55xx_cm4.o(.text)
    SAI1_IRQHandler                          0x0800016f   Thumb Code     0  startup_stm32wb55xx_cm4.o(.text)
    SPI2_IRQHandler                          0x0800016f   Thumb Code     0  startup_stm32wb55xx_cm4.o(.text)
    TAMP_STAMP_LSECSS_IRQHandler             0x0800016f   Thumb Code     0  startup_stm32wb55xx_cm4.o(.text)
    TIM1_BRK_IRQHandler                      0x0800016f   Thumb Code     0  startup_stm32wb55xx_cm4.o(.text)
    TIM1_CC_IRQHandler                       0x0800016f   Thumb Code     0  startup_stm32wb55xx_cm4.o(.text)
    TIM1_TRG_COM_TIM17_IRQHandler            0x0800016f   Thumb Code     0  startup_stm32wb55xx_cm4.o(.text)
    TIM1_UP_TIM16_IRQHandler                 0x0800016f   Thumb Code     0  startup_stm32wb55xx_cm4.o(.text)
    TIM2_IRQHandler                          0x0800016f   Thumb Code     0  startup_stm32wb55xx_cm4.o(.text)
    TSC_IRQHandler                           0x0800016f   Thumb Code     0  startup_stm32wb55xx_cm4.o(.text)
    USART1_IRQHandler                        0x0800016f   Thumb Code     0  startup_stm32wb55xx_cm4.o(.text)
    USB_HP_IRQHandler                        0x0800016f   Thumb Code     0  startup_stm32wb55xx_cm4.o(.text)
    USB_LP_IRQHandler                        0x0800016f   Thumb Code     0  startup_stm32wb55xx_cm4.o(.text)
    WWDG_IRQHandler                          0x0800016f   Thumb Code     0  startup_stm32wb55xx_cm4.o(.text)
    __aeabi_memset                           0x08000179   Thumb Code    14  memseta.o(.text)
    __aeabi_memset4                          0x08000179   Thumb Code     0  memseta.o(.text)
    __aeabi_memset8                          0x08000179   Thumb Code     0  memseta.o(.text)
    __aeabi_memclr                           0x08000187   Thumb Code     4  memseta.o(.text)
    __aeabi_memclr4                          0x08000187   Thumb Code     0  memseta.o(.text)
    __aeabi_memclr8                          0x08000187   Thumb Code     0  memseta.o(.text)
    _memset$wrapper                          0x0800018b   Thumb Code    18  memseta.o(.text)
    __scatterload                            0x0800019d   Thumb Code    28  init.o(.text)
    __scatterload_rt2                        0x0800019d   Thumb Code     0  init.o(.text)
    Activate_SPI                             0x080001c1   Thumb Code    12  main.o(i.Activate_SPI)
    Buffercmp8                               0x080001d1   Thumb Code    30  main.o(i.Buffercmp8)
    BusFault_Handler                         0x080001ef   Thumb Code     2  stm32wbxx_it.o(i.BusFault_Handler)
    DebugMon_Handler                         0x080001f1   Thumb Code     2  stm32wbxx_it.o(i.DebugMon_Handler)
    EXTI4_IRQHandler                         0x080001f5   Thumb Code    20  stm32wbxx_it.o(i.EXTI4_IRQHandler)
    HardFault_Handler                        0x0800020d   Thumb Code     2  stm32wbxx_it.o(i.HardFault_Handler)
    LED_Blinking                             0x08000211   Thumb Code    28  main.o(i.LED_Blinking)
    LL_EXTI_Init                             0x08000245   Thumb Code   310  stm32wbxx_ll_exti.o(i.LL_EXTI_Init)
    LL_GPIO_Init                             0x08000381   Thumb Code   310  stm32wbxx_ll_gpio.o(i.LL_GPIO_Init)
    LL_Init1msTick                           0x080004b7   Thumb Code    26  stm32wbxx_ll_utils.o(i.LL_Init1msTick)
    LL_SPI_Init                              0x080004d1   Thumb Code   110  stm32wbxx_ll_spi.o(i.LL_SPI_Init)
    LL_SetSystemCoreClock                    0x08000541   Thumb Code     6  stm32wbxx_ll_utils.o(i.LL_SetSystemCoreClock)
    LL_mDelay                                0x0800054d   Thumb Code    30  stm32wbxx_ll_utils.o(i.LL_mDelay)
    MemManage_Handler                        0x08000715   Thumb Code     2  stm32wbxx_it.o(i.MemManage_Handler)
    NMI_Handler                              0x08000717   Thumb Code     2  stm32wbxx_it.o(i.NMI_Handler)
    PendSV_Handler                           0x0800074b   Thumb Code     2  stm32wbxx_it.o(i.PendSV_Handler)
    SPI1_IRQHandler                          0x0800074d   Thumb Code    42  stm32wbxx_it.o(i.SPI1_IRQHandler)
    SPI1_Rx_Callback                         0x0800077d   Thumb Code    20  main.o(i.SPI1_Rx_Callback)
    SPI1_TransferError_Callback              0x0800079d   Thumb Code    26  main.o(i.SPI1_TransferError_Callback)
    SPI1_Tx_Callback                         0x080007bd   Thumb Code    20  main.o(i.SPI1_Tx_Callback)
    SVC_Handler                              0x080007d9   Thumb Code     2  stm32wbxx_it.o(i.SVC_Handler)
    SysTick_Handler                          0x080007db   Thumb Code     2  stm32wbxx_it.o(i.SysTick_Handler)
    SystemClock_Config                       0x080007dd   Thumb Code   164  main.o(i.SystemClock_Config)
    SystemInit                               0x08000891   Thumb Code    86  system_stm32wbxx.o(i.SystemInit)
    UsageFault_Handler                       0x080008f5   Thumb Code     2  stm32wbxx_it.o(i.UsageFault_Handler)
    UserButton_Callback                      0x080008f9   Thumb Code     8  main.o(i.UserButton_Callback)
    WaitAndCheckEndOfTransfer                0x08000905   Thumb Code    66  main.o(i.WaitAndCheckEndOfTransfer)
    WaitForUserButtonPress                   0x08000959   Thumb Code    42  main.o(i.WaitForUserButtonPress)
    __scatterload_copy                       0x080009c7   Thumb Code    14  handlers.o(i.__scatterload_copy)
    __scatterload_null                       0x080009d5   Thumb Code     2  handlers.o(i.__scatterload_null)
    __scatterload_zeroinit                   0x080009d7   Thumb Code    14  handlers.o(i.__scatterload_zeroinit)
    main                                     0x080009e5   Thumb Code    80  main.o(i.main)
    Region$$Table$$Base                      0x08000a40   Number         0  anon$$obj.o(Region$$Table)
    Region$$Table$$Limit                     0x08000a60   Number         0  anon$$obj.o(Region$$Table)
    ubButtonPress                            0x20000008   Data           1  main.o(.data)
    ubNbDataToTransmit                       0x20000009   Data           1  main.o(.data)
    ubTransmitIndex                          0x2000000a   Data           1  main.o(.data)
    ubNbDataToReceive                        0x2000000b   Data           1  main.o(.data)
    ubReceiveIndex                           0x2000000c   Data           1  main.o(.data)
    aTxBuffer                                0x2000000d   Data         146  main.o(.data)
    SystemCoreClock                          0x200000a0   Data           4  system_stm32wbxx.o(.data)
    aRxBuffer                                0x200000a4   Data         146  main.o(.bss)
    __initial_sp                             0x20000538   Data           0  startup_stm32wb55xx_cm4.o(STACK)



==============================================================================

Memory Map of the image

  Image Entry point : 0x0800013d

  Load Region LR_IROM1 (Base: 0x08000000, Size: 0x00000afc, Max: 0x00080000, ABSOLUTE)

    Execution Region ER_IROM1 (Exec base: 0x08000000, Load base: 0x08000000, Size: 0x00000a60, Max: 0x00080000, ABSOLUTE)

    Exec Addr    Load Addr    Size         Type   Attr      Idx    E Section Name        Object

    0x08000000   0x08000000   0x0000013c   Data   RO            3    RESET               startup_stm32wb55xx_cm4.o
    0x0800013c   0x0800013c   0x00000000   Code   RO          660  * .ARM.Collect$$$$00000000  mc_w.l(entry.o)
    0x0800013c   0x0800013c   0x00000004   Code   RO          665    .ARM.Collect$$$$00000001  mc_w.l(entry2.o)
    0x08000140   0x08000140   0x00000004   Code   RO          668    .ARM.Collect$$$$00000004  mc_w.l(entry5.o)
    0x08000144   0x08000144   0x00000000   Code   RO          670    .ARM.Collect$$$$00000008  mc_w.l(entry7b.o)
    0x08000144   0x08000144   0x00000000   Code   RO          672    .ARM.Collect$$$$0000000A  mc_w.l(entry8b.o)
    0x08000144   0x08000144   0x00000008   Code   RO          673    .ARM.Collect$$$$0000000B  mc_w.l(entry9a.o)
    0x0800014c   0x0800014c   0x00000004   Code   RO          680    .ARM.Collect$$$$0000000E  mc_w.l(entry12b.o)
    0x08000150   0x08000150   0x00000000   Code   RO          675    .ARM.Collect$$$$0000000F  mc_w.l(entry10a.o)
    0x08000150   0x08000150   0x00000000   Code   RO          677    .ARM.Collect$$$$00000011  mc_w.l(entry11a.o)
    0x08000150   0x08000150   0x00000004   Code   RO          666    .ARM.Collect$$$$00002712  mc_w.l(entry2.o)
    0x08000154   0x08000154   0x00000024   Code   RO            4    .text               startup_stm32wb55xx_cm4.o
    0x08000178   0x08000178   0x00000024   Code   RO          663    .text               mc_w.l(memseta.o)
    0x0800019c   0x0800019c   0x00000024   Code   RO          681    .text               mc_w.l(init.o)
    0x080001c0   0x080001c0   0x00000010   Code   RO           13    i.Activate_SPI      main.o
    0x080001d0   0x080001d0   0x0000001e   Code   RO           14    i.Buffercmp8        main.o
    0x080001ee   0x080001ee   0x00000002   Code   RO          218    i.BusFault_Handler  stm32wbxx_it.o
    0x080001f0   0x080001f0   0x00000002   Code   RO          219    i.DebugMon_Handler  stm32wbxx_it.o
    0x080001f2   0x080001f2   0x00000002   PAD
    0x080001f4   0x080001f4   0x00000018   Code   RO          220    i.EXTI4_IRQHandler  stm32wbxx_it.o
    0x0800020c   0x0800020c   0x00000002   Code   RO          221    i.HardFault_Handler  stm32wbxx_it.o
    0x0800020e   0x0800020e   0x00000002   PAD
    0x08000210   0x08000210   0x00000020   Code   RO           16    i.LED_Blinking      main.o
    0x08000230   0x08000230   0x00000014   Code   RO           19    i.LL_AHB2_GRP1_EnableClock  main.o
    0x08000244   0x08000244   0x0000013c   Code   RO          421    i.LL_EXTI_Init      stm32wbxx_ll_exti.o
    0x08000380   0x08000380   0x00000136   Code   RO          462    i.LL_GPIO_Init      stm32wbxx_ll_gpio.o
    0x080004b6   0x080004b6   0x0000001a   Code   RO          327    i.LL_Init1msTick    stm32wbxx_ll_utils.o
    0x080004d0   0x080004d0   0x0000006e   Code   RO          512    i.LL_SPI_Init       stm32wbxx_ll_spi.o
    0x0800053e   0x0800053e   0x00000002   PAD
    0x08000540   0x08000540   0x0000000c   Code   RO          333    i.LL_SetSystemCoreClock  stm32wbxx_ll_utils.o
    0x0800054c   0x0800054c   0x0000001e   Code   RO          334    i.LL_mDelay         stm32wbxx_ll_utils.o
    0x0800056a   0x0800056a   0x00000002   PAD
    0x0800056c   0x0800056c   0x000000f4   Code   RO           20    i.MX_GPIO_Init      main.o
    0x08000660   0x08000660   0x000000b4   Code   RO           21    i.MX_SPI1_Init      main.o
    0x08000714   0x08000714   0x00000002   Code   RO          222    i.MemManage_Handler  stm32wbxx_it.o
    0x08000716   0x08000716   0x00000002   Code   RO          223    i.NMI_Handler       stm32wbxx_it.o
    0x08000718   0x08000718   0x00000032   Code   RO           22    i.NVIC_EncodePriority  main.o
    0x0800074a   0x0800074a   0x00000002   Code   RO          224    i.PendSV_Handler    stm32wbxx_it.o
    0x0800074c   0x0800074c   0x00000030   Code   RO          225    i.SPI1_IRQHandler   stm32wbxx_it.o
    0x0800077c   0x0800077c   0x00000020   Code   RO           24    i.SPI1_Rx_Callback  main.o
    0x0800079c   0x0800079c   0x00000020   Code   RO           25    i.SPI1_TransferError_Callback  main.o
    0x080007bc   0x080007bc   0x0000001c   Code   RO           26    i.SPI1_Tx_Callback  main.o
    0x080007d8   0x080007d8   0x00000002   Code   RO          226    i.SVC_Handler       stm32wbxx_it.o
    0x080007da   0x080007da   0x00000002   Code   RO          227    i.SysTick_Handler   stm32wbxx_it.o
    0x080007dc   0x080007dc   0x000000b4   Code   RO           27    i.SystemClock_Config  main.o
    0x08000890   0x08000890   0x00000064   Code   RO          625    i.SystemInit        system_stm32wbxx.o
    0x080008f4   0x080008f4   0x00000002   Code   RO          228    i.UsageFault_Handler  stm32wbxx_it.o
    0x080008f6   0x080008f6   0x00000002   PAD
    0x080008f8   0x080008f8   0x0000000c   Code   RO           28    i.UserButton_Callback  main.o
    0x08000904   0x08000904   0x00000054   Code   RO           29    i.WaitAndCheckEndOfTransfer  main.o
    0x08000958   0x08000958   0x00000034   Code   RO           30    i.WaitForUserButtonPress  main.o
    0x0800098c   0x0800098c   0x0000001a   Code   RO           31    i.__NVIC_EnableIRQ  main.o
    0x080009a6   0x080009a6   0x00000020   Code   RO           32    i.__NVIC_SetPriority  main.o
    0x080009c6   0x080009c6   0x0000000e   Code   RO          685    i.__scatterload_copy  mc_w.l(handlers.o)
    0x080009d4   0x080009d4   0x00000002   Code   RO          686    i.__scatterload_null  mc_w.l(handlers.o)
    0x080009d6   0x080009d6   0x0000000e   Code   RO          687    i.__scatterload_zeroinit  mc_w.l(handlers.o)
    0x080009e4   0x080009e4   0x0000005c   Code   RO           33    i.main              main.o
    0x08000a40   0x08000a40   0x00000020   Data   RO          683    Region$$Table       anon$$obj.o


    Execution Region RW_IRAM1 (Exec base: 0x20000008, Load base: 0x08000a60, Size: 0x00000530, Max: 0x0002fff8, ABSOLUTE)

    Exec Addr    Load Addr    Size         Type   Attr      Idx    E Section Name        Object

    0x20000008   0x08000a60   0x00000097   Data   RW           35    .data               main.o
    0x2000009f   0x08000af7   0x00000001   PAD
    0x200000a0   0x08000af8   0x00000004   Data   RW          629    .data               system_stm32wbxx.o
    0x200000a4        -       0x00000092   Zero   RW           34    .bss                main.o
    0x20000136   0x08000afc   0x00000002   PAD
    0x20000138        -       0x00000400   Zero   RW            1    STACK               startup_stm32wb55xx_cm4.o


    Execution Region RW_RAM_SHARED (Exec base: 0x20030000, Load base: 0x08000afc, Size: 0x00000000, Max: 0x00002800, ABSOLUTE)

    **** No section assigned to this execution region ****


==============================================================================

Image component sizes


      Code (inc. data)   RO Data    RW Data    ZI Data      Debug   Object Name

      1142        118          0        151        146     610715   main.o
        36          8        316          0       1024        952   startup_stm32wb55xx_cm4.o
        90         10          0          0          0      20495   stm32wbxx_it.o
       316          6          0          0          0       9363   stm32wbxx_ll_exti.o
       310          0          0          0          0       7583   stm32wbxx_ll_gpio.o
       110          0          0          0          0      11734   stm32wbxx_ll_spi.o
        68          6          0          0          0       7237   stm32wbxx_ll_utils.o
       100         14          0          4          0       1696   system_stm32wbxx.o

    ----------------------------------------------------------------------
      2182        162        348        156       1172     669775   Object Totals
         0          0         32          0          0          0   (incl. Generated)
        10          0          0          1          2          0   (incl. Padding)

    ----------------------------------------------------------------------

      Code (inc. data)   RO Data    RW Data    ZI Data      Debug   Library Member Name

         0          0          0          0          0          0   entry.o
         0          0          0          0          0          0   entry10a.o
         0          0          0          0          0          0   entry11a.o
         4          0          0          0          0          0   entry12b.o
         8          4          0          0          0          0   entry2.o
         4          0          0          0          0          0   entry5.o
         0          0          0          0          0          0   entry7b.o
         0          0          0          0          0          0   entry8b.o
         8          4          0          0          0          0   entry9a.o
        30          0          0          0          0          0   handlers.o
        36          8          0          0          0         68   init.o
        36          0          0          0          0        108   memseta.o

    ----------------------------------------------------------------------
       126         16          0          0          0        176   Library Totals
         0          0          0          0          0          0   (incl. Padding)

    ----------------------------------------------------------------------

      Code (inc. data)   RO Data    RW Data    ZI Data      Debug   Library Name

       126         16          0          0          0        176   mc_w.l

    ----------------------------------------------------------------------
       126         16          0          0          0        176   Library Totals

    ----------------------------------------------------------------------

==============================================================================


      Code (inc. data)   RO Data    RW Data    ZI Data      Debug   

      2308        178        348        156       1172     667155   Grand Totals
      2308        178        348        156       1172     667155   ELF Image Totals
      2308        178        348        156          0          0   ROM Totals

==============================================================================

    Total RO  Size (Code + RO Data)                 2656 (   2.59kB)
    Total RW  Size (RW Data + ZI Data)              1328 (   1.30kB)
    Total ROM Size (Code + RO Data + RW Data)       2812 (   2.75kB)

==============================================================================

