Component: ARM Compiler 5.06 update 7 (build 960) Tool: armlink [4d3601]

==============================================================================

Section Cross References

    startup_stm32wb55xx_cm4.o(RESET) refers to startup_stm32wb55xx_cm4.o(STACK) for __initial_sp
    startup_stm32wb55xx_cm4.o(RESET) refers to startup_stm32wb55xx_cm4.o(.text) for Reset_Handler
    startup_stm32wb55xx_cm4.o(RESET) refers to stm32wbxx_it.o(i.NMI_Handler) for NMI_Handler
    startup_stm32wb55xx_cm4.o(RESET) refers to stm32wbxx_it.o(i.HardFault_Handler) for HardFault_Handler
    startup_stm32wb55xx_cm4.o(RESET) refers to stm32wbxx_it.o(i.MemManage_Handler) for MemManage_Handler
    startup_stm32wb55xx_cm4.o(RESET) refers to stm32wbxx_it.o(i.BusFault_Handler) for BusFault_Handler
    startup_stm32wb55xx_cm4.o(RESET) refers to stm32wbxx_it.o(i.UsageFault_Handler) for UsageFault_Handler
    startup_stm32wb55xx_cm4.o(RESET) refers to stm32wbxx_it.o(i.SVC_Handler) for SVC_Handler
    startup_stm32wb55xx_cm4.o(RESET) refers to stm32wbxx_it.o(i.DebugMon_Handler) for DebugMon_Handler
    startup_stm32wb55xx_cm4.o(RESET) refers to stm32wbxx_it.o(i.PendSV_Handler) for PendSV_Handler
    startup_stm32wb55xx_cm4.o(RESET) refers to stm32wbxx_it.o(i.SysTick_Handler) for SysTick_Handler
    startup_stm32wb55xx_cm4.o(RESET) refers to stm32wbxx_it.o(i.EXTI4_IRQHandler) for EXTI4_IRQHandler
    startup_stm32wb55xx_cm4.o(RESET) refers to stm32wbxx_it.o(i.USART1_IRQHandler) for USART1_IRQHandler
    startup_stm32wb55xx_cm4.o(.text) refers to system_stm32wbxx.o(i.SystemInit) for SystemInit
    startup_stm32wb55xx_cm4.o(.text) refers to entry.o(.ARM.Collect$$$$00000000) for __main
    main.o(i.Error_Callback) refers to main.o(i.LED_Blinking) for LED_Blinking
    main.o(i.HandleContinuousReception) refers to main.o(i.UserDataTreatment) for UserDataTreatment
    main.o(i.HandleContinuousReception) refers to main.o(.data) for .data
    main.o(i.LED_Blinking) refers to stm32wbxx_ll_utils.o(i.LL_mDelay) for LL_mDelay
    main.o(i.MX_GPIO_Init) refers to memseta.o(.text) for __aeabi_memclr4
    main.o(i.MX_GPIO_Init) refers to main.o(i.LL_AHB2_GRP1_EnableClock) for LL_AHB2_GRP1_EnableClock
    main.o(i.MX_GPIO_Init) refers to stm32wbxx_ll_exti.o(i.LL_EXTI_Init) for LL_EXTI_Init
    main.o(i.MX_GPIO_Init) refers to stm32wbxx_ll_gpio.o(i.LL_GPIO_Init) for LL_GPIO_Init
    main.o(i.MX_GPIO_Init) refers to main.o(i.NVIC_EncodePriority) for NVIC_EncodePriority
    main.o(i.MX_GPIO_Init) refers to main.o(i.__NVIC_SetPriority) for __NVIC_SetPriority
    main.o(i.MX_GPIO_Init) refers to main.o(i.__NVIC_EnableIRQ) for __NVIC_EnableIRQ
    main.o(i.MX_USART1_UART_Init) refers to memseta.o(.text) for __aeabi_memclr4
    main.o(i.MX_USART1_UART_Init) refers to main.o(i.LL_AHB2_GRP1_EnableClock) for LL_AHB2_GRP1_EnableClock
    main.o(i.MX_USART1_UART_Init) refers to stm32wbxx_ll_gpio.o(i.LL_GPIO_Init) for LL_GPIO_Init
    main.o(i.MX_USART1_UART_Init) refers to main.o(i.NVIC_EncodePriority) for NVIC_EncodePriority
    main.o(i.MX_USART1_UART_Init) refers to main.o(i.__NVIC_SetPriority) for __NVIC_SetPriority
    main.o(i.MX_USART1_UART_Init) refers to main.o(i.__NVIC_EnableIRQ) for __NVIC_EnableIRQ
    main.o(i.MX_USART1_UART_Init) refers to stm32wbxx_ll_usart.o(i.LL_USART_Init) for LL_USART_Init
    main.o(i.StartReception) refers to main.o(i.PrintInfo) for PrintInfo
    main.o(i.StartReception) refers to main.o(.bss) for .bss
    main.o(i.StartReception) refers to main.o(.data) for .data
    main.o(i.SystemClock_Config) refers to stm32wbxx_ll_utils.o(i.LL_Init1msTick) for LL_Init1msTick
    main.o(i.SystemClock_Config) refers to stm32wbxx_ll_utils.o(i.LL_SetSystemCoreClock) for LL_SetSystemCoreClock
    main.o(i.USART_CharReception_Callback) refers to main.o(.data) for .data
    main.o(i.UserButton_Callback) refers to main.o(.data) for .data
    main.o(i.UserDataTreatment) refers to main.o(i.PrintInfo) for PrintInfo
    main.o(i.UserDataTreatment) refers to main.o(.data) for .data
    main.o(i.WaitForUserButtonPress) refers to stm32wbxx_ll_utils.o(i.LL_mDelay) for LL_mDelay
    main.o(i.WaitForUserButtonPress) refers to main.o(.data) for .data
    main.o(i.main) refers to main.o(i.SystemClock_Config) for SystemClock_Config
    main.o(i.main) refers to main.o(i.MX_GPIO_Init) for MX_GPIO_Init
    main.o(i.main) refers to main.o(i.MX_USART1_UART_Init) for MX_USART1_UART_Init
    main.o(i.main) refers to main.o(i.WaitForUserButtonPress) for WaitForUserButtonPress
    main.o(i.main) refers to main.o(i.StartReception) for StartReception
    main.o(i.main) refers to main.o(i.HandleContinuousReception) for HandleContinuousReception
    stm32wbxx_it.o(i.EXTI4_IRQHandler) refers to main.o(i.UserButton_Callback) for UserButton_Callback
    stm32wbxx_it.o(i.USART1_IRQHandler) refers to main.o(i.USART_CharReception_Callback) for USART_CharReception_Callback
    stm32wbxx_it.o(i.USART1_IRQHandler) refers to main.o(i.Error_Callback) for Error_Callback
    stm32wbxx_ll_utils.o(i.LL_PLL_ConfigSystemClock_HSE) refers to stm32wbxx_ll_utils.o(i.UTILS_PLL_IsBusy) for UTILS_PLL_IsBusy
    stm32wbxx_ll_utils.o(i.LL_PLL_ConfigSystemClock_HSE) refers to stm32wbxx_ll_utils.o(i.UTILS_GetPLLOutputFrequency) for UTILS_GetPLLOutputFrequency
    stm32wbxx_ll_utils.o(i.LL_PLL_ConfigSystemClock_HSE) refers to stm32wbxx_ll_utils.o(i.LL_RCC_PLL_ConfigDomain_SYS) for LL_RCC_PLL_ConfigDomain_SYS
    stm32wbxx_ll_utils.o(i.LL_PLL_ConfigSystemClock_HSE) refers to stm32wbxx_ll_utils.o(i.UTILS_EnablePLLAndSwitchSystem) for UTILS_EnablePLLAndSwitchSystem
    stm32wbxx_ll_utils.o(i.LL_PLL_ConfigSystemClock_HSE) refers to system_stm32wbxx.o(.constdata) for AHBPrescTable
    stm32wbxx_ll_utils.o(i.LL_PLL_ConfigSystemClock_HSI) refers to stm32wbxx_ll_utils.o(i.UTILS_PLL_IsBusy) for UTILS_PLL_IsBusy
    stm32wbxx_ll_utils.o(i.LL_PLL_ConfigSystemClock_HSI) refers to stm32wbxx_ll_utils.o(i.UTILS_GetPLLOutputFrequency) for UTILS_GetPLLOutputFrequency
    stm32wbxx_ll_utils.o(i.LL_PLL_ConfigSystemClock_HSI) refers to stm32wbxx_ll_utils.o(i.LL_RCC_PLL_ConfigDomain_SYS) for LL_RCC_PLL_ConfigDomain_SYS
    stm32wbxx_ll_utils.o(i.LL_PLL_ConfigSystemClock_HSI) refers to stm32wbxx_ll_utils.o(i.UTILS_EnablePLLAndSwitchSystem) for UTILS_EnablePLLAndSwitchSystem
    stm32wbxx_ll_utils.o(i.LL_PLL_ConfigSystemClock_HSI) refers to system_stm32wbxx.o(.constdata) for AHBPrescTable
    stm32wbxx_ll_utils.o(i.LL_PLL_ConfigSystemClock_MSI) refers to stm32wbxx_ll_utils.o(i.UTILS_PLL_IsBusy) for UTILS_PLL_IsBusy
    stm32wbxx_ll_utils.o(i.LL_PLL_ConfigSystemClock_MSI) refers to stm32wbxx_ll_utils.o(i.UTILS_GetPLLOutputFrequency) for UTILS_GetPLLOutputFrequency
    stm32wbxx_ll_utils.o(i.LL_PLL_ConfigSystemClock_MSI) refers to stm32wbxx_ll_utils.o(i.LL_RCC_PLL_ConfigDomain_SYS) for LL_RCC_PLL_ConfigDomain_SYS
    stm32wbxx_ll_utils.o(i.LL_PLL_ConfigSystemClock_MSI) refers to stm32wbxx_ll_utils.o(i.UTILS_EnablePLLAndSwitchSystem) for UTILS_EnablePLLAndSwitchSystem
    stm32wbxx_ll_utils.o(i.LL_PLL_ConfigSystemClock_MSI) refers to system_stm32wbxx.o(.constdata) for MSIRangeTable
    stm32wbxx_ll_utils.o(i.LL_SetFlashLatency) refers to stm32wbxx_ll_utils.o(.constdata) for .constdata
    stm32wbxx_ll_utils.o(i.LL_SetSystemCoreClock) refers to system_stm32wbxx.o(.data) for SystemCoreClock
    stm32wbxx_ll_utils.o(i.UTILS_EnablePLLAndSwitchSystem) refers to stm32wbxx_ll_utils.o(i.LL_SetFlashLatency) for LL_SetFlashLatency
    stm32wbxx_ll_utils.o(i.UTILS_EnablePLLAndSwitchSystem) refers to system_stm32wbxx.o(.constdata) for AHBPrescTable
    stm32wbxx_ll_utils.o(i.UTILS_EnablePLLAndSwitchSystem) refers to system_stm32wbxx.o(.data) for SystemCoreClock
    stm32wbxx_ll_gpio.o(i.LL_GPIO_DeInit) refers to stm32wbxx_ll_gpio.o(i.LL_AHB2_GRP1_ForceReset) for LL_AHB2_GRP1_ForceReset
    stm32wbxx_ll_gpio.o(i.LL_GPIO_DeInit) refers to stm32wbxx_ll_gpio.o(i.LL_AHB2_GRP1_ReleaseReset) for LL_AHB2_GRP1_ReleaseReset
    stm32wbxx_ll_usart.o(i.LL_USART_Init) refers to stm32wbxx_ll_rcc.o(i.LL_RCC_GetUSARTClockFreq) for LL_RCC_GetUSARTClockFreq
    stm32wbxx_ll_usart.o(i.LL_USART_Init) refers to stm32wbxx_ll_usart.o(.constdata) for .constdata
    stm32wbxx_ll_rcc.o(i.LL_RCC_DeInit) refers to stm32wbxx_ll_rcc.o(i.LL_RCC_PLL_IsReady) for LL_RCC_PLL_IsReady
    stm32wbxx_ll_rcc.o(i.LL_RCC_DeInit) refers to stm32wbxx_ll_rcc.o(i.LL_RCC_PLLSAI1_IsReady) for LL_RCC_PLLSAI1_IsReady
    stm32wbxx_ll_rcc.o(i.LL_RCC_GetADCClockFreq) refers to stm32wbxx_ll_rcc.o(i.LL_RCC_PLLSAI1_IsReady) for LL_RCC_PLLSAI1_IsReady
    stm32wbxx_ll_rcc.o(i.LL_RCC_GetADCClockFreq) refers to stm32wbxx_ll_rcc.o(i.RCC_PLLSAI1_GetFreqDomain_ADC) for RCC_PLLSAI1_GetFreqDomain_ADC
    stm32wbxx_ll_rcc.o(i.LL_RCC_GetADCClockFreq) refers to stm32wbxx_ll_rcc.o(i.RCC_GetSystemClockFreq) for RCC_GetSystemClockFreq
    stm32wbxx_ll_rcc.o(i.LL_RCC_GetADCClockFreq) refers to stm32wbxx_ll_rcc.o(i.LL_RCC_PLL_IsReady) for LL_RCC_PLL_IsReady
    stm32wbxx_ll_rcc.o(i.LL_RCC_GetADCClockFreq) refers to stm32wbxx_ll_rcc.o(i.RCC_PLL_GetFreqDomain_ADC) for RCC_PLL_GetFreqDomain_ADC
    stm32wbxx_ll_rcc.o(i.LL_RCC_GetCLK48ClockFreq) refers to stm32wbxx_ll_rcc.o(i.LL_RCC_PLLSAI1_IsReady) for LL_RCC_PLLSAI1_IsReady
    stm32wbxx_ll_rcc.o(i.LL_RCC_GetCLK48ClockFreq) refers to stm32wbxx_ll_rcc.o(i.RCC_PLLSAI1_GetFreqDomain_48M) for RCC_PLLSAI1_GetFreqDomain_48M
    stm32wbxx_ll_rcc.o(i.LL_RCC_GetCLK48ClockFreq) refers to stm32wbxx_ll_rcc.o(i.LL_RCC_PLL_IsReady) for LL_RCC_PLL_IsReady
    stm32wbxx_ll_rcc.o(i.LL_RCC_GetCLK48ClockFreq) refers to stm32wbxx_ll_rcc.o(i.RCC_PLL_GetFreqDomain_48M) for RCC_PLL_GetFreqDomain_48M
    stm32wbxx_ll_rcc.o(i.LL_RCC_GetCLK48ClockFreq) refers to stm32wbxx_ll_rcc.o(i.LL_RCC_MSI_GetRange) for LL_RCC_MSI_GetRange
    stm32wbxx_ll_rcc.o(i.LL_RCC_GetCLK48ClockFreq) refers to system_stm32wbxx.o(.constdata) for MSIRangeTable
    stm32wbxx_ll_rcc.o(i.LL_RCC_GetI2CClockFreq) refers to stm32wbxx_ll_rcc.o(i.LL_RCC_GetI2CClockSource) for LL_RCC_GetI2CClockSource
    stm32wbxx_ll_rcc.o(i.LL_RCC_GetI2CClockFreq) refers to stm32wbxx_ll_rcc.o(i.RCC_GetSystemClockFreq) for RCC_GetSystemClockFreq
    stm32wbxx_ll_rcc.o(i.LL_RCC_GetI2CClockFreq) refers to stm32wbxx_ll_rcc.o(i.RCC_GetHCLK1ClockFreq) for RCC_GetHCLK1ClockFreq
    stm32wbxx_ll_rcc.o(i.LL_RCC_GetI2CClockFreq) refers to stm32wbxx_ll_rcc.o(i.RCC_GetPCLK1ClockFreq) for RCC_GetPCLK1ClockFreq
    stm32wbxx_ll_rcc.o(i.LL_RCC_GetI2CClockFreq) refers to stm32wbxx_ll_rcc.o(i.LL_RCC_HSI_IsReady) for LL_RCC_HSI_IsReady
    stm32wbxx_ll_rcc.o(i.LL_RCC_GetLPTIMClockFreq) refers to stm32wbxx_ll_rcc.o(i.RCC_GetSystemClockFreq) for RCC_GetSystemClockFreq
    stm32wbxx_ll_rcc.o(i.LL_RCC_GetLPTIMClockFreq) refers to stm32wbxx_ll_rcc.o(i.RCC_GetHCLK1ClockFreq) for RCC_GetHCLK1ClockFreq
    stm32wbxx_ll_rcc.o(i.LL_RCC_GetLPTIMClockFreq) refers to stm32wbxx_ll_rcc.o(i.RCC_GetPCLK1ClockFreq) for RCC_GetPCLK1ClockFreq
    stm32wbxx_ll_rcc.o(i.LL_RCC_GetLPTIMClockFreq) refers to stm32wbxx_ll_rcc.o(i.LL_RCC_LSI1_IsReady) for LL_RCC_LSI1_IsReady
    stm32wbxx_ll_rcc.o(i.LL_RCC_GetLPTIMClockFreq) refers to stm32wbxx_ll_rcc.o(i.LL_RCC_HSI_IsReady) for LL_RCC_HSI_IsReady
    stm32wbxx_ll_rcc.o(i.LL_RCC_GetLPTIMClockFreq) refers to stm32wbxx_ll_rcc.o(i.LL_RCC_LSE_IsReady) for LL_RCC_LSE_IsReady
    stm32wbxx_ll_rcc.o(i.LL_RCC_GetLPUARTClockFreq) refers to stm32wbxx_ll_rcc.o(i.RCC_GetSystemClockFreq) for RCC_GetSystemClockFreq
    stm32wbxx_ll_rcc.o(i.LL_RCC_GetLPUARTClockFreq) refers to stm32wbxx_ll_rcc.o(i.RCC_GetHCLK1ClockFreq) for RCC_GetHCLK1ClockFreq
    stm32wbxx_ll_rcc.o(i.LL_RCC_GetLPUARTClockFreq) refers to stm32wbxx_ll_rcc.o(i.RCC_GetPCLK1ClockFreq) for RCC_GetPCLK1ClockFreq
    stm32wbxx_ll_rcc.o(i.LL_RCC_GetLPUARTClockFreq) refers to stm32wbxx_ll_rcc.o(i.LL_RCC_HSI_IsReady) for LL_RCC_HSI_IsReady
    stm32wbxx_ll_rcc.o(i.LL_RCC_GetLPUARTClockFreq) refers to stm32wbxx_ll_rcc.o(i.LL_RCC_LSE_IsReady) for LL_RCC_LSE_IsReady
    stm32wbxx_ll_rcc.o(i.LL_RCC_GetRFWKPClockFreq) refers to stm32wbxx_ll_rcc.o(i.LL_RCC_LSE_IsReady) for LL_RCC_LSE_IsReady
    stm32wbxx_ll_rcc.o(i.LL_RCC_GetRNGClockFreq) refers to stm32wbxx_ll_rcc.o(i.LL_RCC_GetCLK48ClockFreq) for LL_RCC_GetCLK48ClockFreq
    stm32wbxx_ll_rcc.o(i.LL_RCC_GetRNGClockFreq) refers to stm32wbxx_ll_rcc.o(i.LL_RCC_LSI1_IsReady) for LL_RCC_LSI1_IsReady
    stm32wbxx_ll_rcc.o(i.LL_RCC_GetRNGClockFreq) refers to stm32wbxx_ll_rcc.o(i.LL_RCC_LSE_IsReady) for LL_RCC_LSE_IsReady
    stm32wbxx_ll_rcc.o(i.LL_RCC_GetRTCClockFreq) refers to stm32wbxx_ll_rcc.o(i.LL_RCC_LSE_IsReady) for LL_RCC_LSE_IsReady
    stm32wbxx_ll_rcc.o(i.LL_RCC_GetRTCClockFreq) refers to stm32wbxx_ll_rcc.o(i.LL_RCC_LSI1_IsReady) for LL_RCC_LSI1_IsReady
    stm32wbxx_ll_rcc.o(i.LL_RCC_GetSAIClockFreq) refers to stm32wbxx_ll_rcc.o(i.LL_RCC_HSI_IsReady) for LL_RCC_HSI_IsReady
    stm32wbxx_ll_rcc.o(i.LL_RCC_GetSAIClockFreq) refers to stm32wbxx_ll_rcc.o(i.LL_RCC_PLLSAI1_IsReady) for LL_RCC_PLLSAI1_IsReady
    stm32wbxx_ll_rcc.o(i.LL_RCC_GetSAIClockFreq) refers to stm32wbxx_ll_rcc.o(i.RCC_PLLSAI1_GetFreqDomain_SAI) for RCC_PLLSAI1_GetFreqDomain_SAI
    stm32wbxx_ll_rcc.o(i.LL_RCC_GetSAIClockFreq) refers to stm32wbxx_ll_rcc.o(i.LL_RCC_PLL_IsReady) for LL_RCC_PLL_IsReady
    stm32wbxx_ll_rcc.o(i.LL_RCC_GetSAIClockFreq) refers to stm32wbxx_ll_rcc.o(i.RCC_PLL_GetFreqDomain_SAI) for RCC_PLL_GetFreqDomain_SAI
    stm32wbxx_ll_rcc.o(i.LL_RCC_GetSMPSClockFreq) refers to stm32wbxx_ll_rcc.o(i.LL_RCC_HSI_IsReady) for LL_RCC_HSI_IsReady
    stm32wbxx_ll_rcc.o(i.LL_RCC_GetSMPSClockFreq) refers to stm32wbxx_ll_rcc.o(i.LL_RCC_MSI_GetRange) for LL_RCC_MSI_GetRange
    stm32wbxx_ll_rcc.o(i.LL_RCC_GetSMPSClockFreq) refers to system_stm32wbxx.o(.constdata) for SmpsPrescalerTable
    stm32wbxx_ll_rcc.o(i.LL_RCC_GetSMPSClockFreq) refers to system_stm32wbxx.o(.constdata) for MSIRangeTable
    stm32wbxx_ll_rcc.o(i.LL_RCC_GetSystemClocksFreq) refers to stm32wbxx_ll_rcc.o(i.RCC_GetSystemClockFreq) for RCC_GetSystemClockFreq
    stm32wbxx_ll_rcc.o(i.LL_RCC_GetSystemClocksFreq) refers to stm32wbxx_ll_rcc.o(i.RCC_GetHCLK1ClockFreq) for RCC_GetHCLK1ClockFreq
    stm32wbxx_ll_rcc.o(i.LL_RCC_GetSystemClocksFreq) refers to stm32wbxx_ll_rcc.o(i.RCC_GetPCLK1ClockFreq) for RCC_GetPCLK1ClockFreq
    stm32wbxx_ll_rcc.o(i.LL_RCC_GetSystemClocksFreq) refers to stm32wbxx_ll_rcc.o(i.RCC_GetPCLK2ClockFreq) for RCC_GetPCLK2ClockFreq
    stm32wbxx_ll_rcc.o(i.LL_RCC_GetSystemClocksFreq) refers to system_stm32wbxx.o(.constdata) for AHBPrescTable
    stm32wbxx_ll_rcc.o(i.LL_RCC_GetUSARTClockFreq) refers to stm32wbxx_ll_rcc.o(i.RCC_GetSystemClockFreq) for RCC_GetSystemClockFreq
    stm32wbxx_ll_rcc.o(i.LL_RCC_GetUSARTClockFreq) refers to stm32wbxx_ll_rcc.o(i.RCC_GetHCLK1ClockFreq) for RCC_GetHCLK1ClockFreq
    stm32wbxx_ll_rcc.o(i.LL_RCC_GetUSARTClockFreq) refers to stm32wbxx_ll_rcc.o(i.RCC_GetPCLK2ClockFreq) for RCC_GetPCLK2ClockFreq
    stm32wbxx_ll_rcc.o(i.LL_RCC_GetUSARTClockFreq) refers to stm32wbxx_ll_rcc.o(i.LL_RCC_HSI_IsReady) for LL_RCC_HSI_IsReady
    stm32wbxx_ll_rcc.o(i.LL_RCC_GetUSARTClockFreq) refers to stm32wbxx_ll_rcc.o(i.LL_RCC_LSE_IsReady) for LL_RCC_LSE_IsReady
    stm32wbxx_ll_rcc.o(i.LL_RCC_GetUSBClockFreq) refers to stm32wbxx_ll_rcc.o(i.LL_RCC_GetCLK48ClockFreq) for LL_RCC_GetCLK48ClockFreq
    stm32wbxx_ll_rcc.o(i.RCC_GetHCLK1ClockFreq) refers to system_stm32wbxx.o(.constdata) for AHBPrescTable
    stm32wbxx_ll_rcc.o(i.RCC_GetPCLK1ClockFreq) refers to system_stm32wbxx.o(.constdata) for APBPrescTable
    stm32wbxx_ll_rcc.o(i.RCC_GetPCLK2ClockFreq) refers to system_stm32wbxx.o(.constdata) for APBPrescTable
    stm32wbxx_ll_rcc.o(i.RCC_GetSystemClockFreq) refers to stm32wbxx_ll_rcc.o(i.LL_RCC_MSI_GetRange) for LL_RCC_MSI_GetRange
    stm32wbxx_ll_rcc.o(i.RCC_GetSystemClockFreq) refers to stm32wbxx_ll_rcc.o(i.LL_RCC_HSE_IsEnabledDiv2) for LL_RCC_HSE_IsEnabledDiv2
    stm32wbxx_ll_rcc.o(i.RCC_GetSystemClockFreq) refers to stm32wbxx_ll_rcc.o(i.RCC_PLL_GetFreqDomain_SYS) for RCC_PLL_GetFreqDomain_SYS
    stm32wbxx_ll_rcc.o(i.RCC_GetSystemClockFreq) refers to system_stm32wbxx.o(.constdata) for MSIRangeTable
    stm32wbxx_ll_rcc.o(i.RCC_PLLSAI1_GetFreqDomain_48M) refers to stm32wbxx_ll_rcc.o(i.LL_RCC_PLL_GetMainSource) for LL_RCC_PLL_GetMainSource
    stm32wbxx_ll_rcc.o(i.RCC_PLLSAI1_GetFreqDomain_48M) refers to stm32wbxx_ll_rcc.o(i.LL_RCC_MSI_GetRange) for LL_RCC_MSI_GetRange
    stm32wbxx_ll_rcc.o(i.RCC_PLLSAI1_GetFreqDomain_48M) refers to stm32wbxx_ll_rcc.o(i.LL_RCC_PLL_GetDivider) for LL_RCC_PLL_GetDivider
    stm32wbxx_ll_rcc.o(i.RCC_PLLSAI1_GetFreqDomain_48M) refers to stm32wbxx_ll_rcc.o(i.LL_RCC_HSE_IsEnabledDiv2) for LL_RCC_HSE_IsEnabledDiv2
    stm32wbxx_ll_rcc.o(i.RCC_PLLSAI1_GetFreqDomain_48M) refers to system_stm32wbxx.o(.constdata) for MSIRangeTable
    stm32wbxx_ll_rcc.o(i.RCC_PLLSAI1_GetFreqDomain_ADC) refers to stm32wbxx_ll_rcc.o(i.LL_RCC_PLL_GetMainSource) for LL_RCC_PLL_GetMainSource
    stm32wbxx_ll_rcc.o(i.RCC_PLLSAI1_GetFreqDomain_ADC) refers to stm32wbxx_ll_rcc.o(i.LL_RCC_MSI_GetRange) for LL_RCC_MSI_GetRange
    stm32wbxx_ll_rcc.o(i.RCC_PLLSAI1_GetFreqDomain_ADC) refers to stm32wbxx_ll_rcc.o(i.LL_RCC_PLL_GetDivider) for LL_RCC_PLL_GetDivider
    stm32wbxx_ll_rcc.o(i.RCC_PLLSAI1_GetFreqDomain_ADC) refers to stm32wbxx_ll_rcc.o(i.LL_RCC_HSE_IsEnabledDiv2) for LL_RCC_HSE_IsEnabledDiv2
    stm32wbxx_ll_rcc.o(i.RCC_PLLSAI1_GetFreqDomain_ADC) refers to system_stm32wbxx.o(.constdata) for MSIRangeTable
    stm32wbxx_ll_rcc.o(i.RCC_PLLSAI1_GetFreqDomain_SAI) refers to stm32wbxx_ll_rcc.o(i.LL_RCC_PLL_GetMainSource) for LL_RCC_PLL_GetMainSource
    stm32wbxx_ll_rcc.o(i.RCC_PLLSAI1_GetFreqDomain_SAI) refers to stm32wbxx_ll_rcc.o(i.LL_RCC_MSI_GetRange) for LL_RCC_MSI_GetRange
    stm32wbxx_ll_rcc.o(i.RCC_PLLSAI1_GetFreqDomain_SAI) refers to stm32wbxx_ll_rcc.o(i.LL_RCC_PLL_GetDivider) for LL_RCC_PLL_GetDivider
    stm32wbxx_ll_rcc.o(i.RCC_PLLSAI1_GetFreqDomain_SAI) refers to stm32wbxx_ll_rcc.o(i.LL_RCC_HSE_IsEnabledDiv2) for LL_RCC_HSE_IsEnabledDiv2
    stm32wbxx_ll_rcc.o(i.RCC_PLLSAI1_GetFreqDomain_SAI) refers to system_stm32wbxx.o(.constdata) for MSIRangeTable
    stm32wbxx_ll_rcc.o(i.RCC_PLL_GetFreqDomain_48M) refers to stm32wbxx_ll_rcc.o(i.LL_RCC_PLL_GetMainSource) for LL_RCC_PLL_GetMainSource
    stm32wbxx_ll_rcc.o(i.RCC_PLL_GetFreqDomain_48M) refers to stm32wbxx_ll_rcc.o(i.LL_RCC_MSI_GetRange) for LL_RCC_MSI_GetRange
    stm32wbxx_ll_rcc.o(i.RCC_PLL_GetFreqDomain_48M) refers to stm32wbxx_ll_rcc.o(i.LL_RCC_PLL_GetN) for LL_RCC_PLL_GetN
    stm32wbxx_ll_rcc.o(i.RCC_PLL_GetFreqDomain_48M) refers to stm32wbxx_ll_rcc.o(i.LL_RCC_PLL_GetDivider) for LL_RCC_PLL_GetDivider
    stm32wbxx_ll_rcc.o(i.RCC_PLL_GetFreqDomain_48M) refers to stm32wbxx_ll_rcc.o(i.LL_RCC_HSE_IsEnabledDiv2) for LL_RCC_HSE_IsEnabledDiv2
    stm32wbxx_ll_rcc.o(i.RCC_PLL_GetFreqDomain_48M) refers to system_stm32wbxx.o(.constdata) for MSIRangeTable
    stm32wbxx_ll_rcc.o(i.RCC_PLL_GetFreqDomain_ADC) refers to stm32wbxx_ll_rcc.o(i.LL_RCC_PLL_GetMainSource) for LL_RCC_PLL_GetMainSource
    stm32wbxx_ll_rcc.o(i.RCC_PLL_GetFreqDomain_ADC) refers to stm32wbxx_ll_rcc.o(i.LL_RCC_MSI_GetRange) for LL_RCC_MSI_GetRange
    stm32wbxx_ll_rcc.o(i.RCC_PLL_GetFreqDomain_ADC) refers to stm32wbxx_ll_rcc.o(i.LL_RCC_PLL_GetN) for LL_RCC_PLL_GetN
    stm32wbxx_ll_rcc.o(i.RCC_PLL_GetFreqDomain_ADC) refers to stm32wbxx_ll_rcc.o(i.LL_RCC_PLL_GetDivider) for LL_RCC_PLL_GetDivider
    stm32wbxx_ll_rcc.o(i.RCC_PLL_GetFreqDomain_ADC) refers to stm32wbxx_ll_rcc.o(i.LL_RCC_HSE_IsEnabledDiv2) for LL_RCC_HSE_IsEnabledDiv2
    stm32wbxx_ll_rcc.o(i.RCC_PLL_GetFreqDomain_ADC) refers to system_stm32wbxx.o(.constdata) for MSIRangeTable
    stm32wbxx_ll_rcc.o(i.RCC_PLL_GetFreqDomain_SAI) refers to stm32wbxx_ll_rcc.o(i.LL_RCC_PLL_GetMainSource) for LL_RCC_PLL_GetMainSource
    stm32wbxx_ll_rcc.o(i.RCC_PLL_GetFreqDomain_SAI) refers to stm32wbxx_ll_rcc.o(i.LL_RCC_MSI_GetRange) for LL_RCC_MSI_GetRange
    stm32wbxx_ll_rcc.o(i.RCC_PLL_GetFreqDomain_SAI) refers to stm32wbxx_ll_rcc.o(i.LL_RCC_PLL_GetN) for LL_RCC_PLL_GetN
    stm32wbxx_ll_rcc.o(i.RCC_PLL_GetFreqDomain_SAI) refers to stm32wbxx_ll_rcc.o(i.LL_RCC_PLL_GetDivider) for LL_RCC_PLL_GetDivider
    stm32wbxx_ll_rcc.o(i.RCC_PLL_GetFreqDomain_SAI) refers to stm32wbxx_ll_rcc.o(i.LL_RCC_HSE_IsEnabledDiv2) for LL_RCC_HSE_IsEnabledDiv2
    stm32wbxx_ll_rcc.o(i.RCC_PLL_GetFreqDomain_SAI) refers to system_stm32wbxx.o(.constdata) for MSIRangeTable
    stm32wbxx_ll_rcc.o(i.RCC_PLL_GetFreqDomain_SYS) refers to stm32wbxx_ll_rcc.o(i.LL_RCC_PLL_GetMainSource) for LL_RCC_PLL_GetMainSource
    stm32wbxx_ll_rcc.o(i.RCC_PLL_GetFreqDomain_SYS) refers to stm32wbxx_ll_rcc.o(i.LL_RCC_MSI_GetRange) for LL_RCC_MSI_GetRange
    stm32wbxx_ll_rcc.o(i.RCC_PLL_GetFreqDomain_SYS) refers to stm32wbxx_ll_rcc.o(i.LL_RCC_PLL_GetN) for LL_RCC_PLL_GetN
    stm32wbxx_ll_rcc.o(i.RCC_PLL_GetFreqDomain_SYS) refers to stm32wbxx_ll_rcc.o(i.LL_RCC_PLL_GetDivider) for LL_RCC_PLL_GetDivider
    stm32wbxx_ll_rcc.o(i.RCC_PLL_GetFreqDomain_SYS) refers to stm32wbxx_ll_rcc.o(i.LL_RCC_HSE_IsEnabledDiv2) for LL_RCC_HSE_IsEnabledDiv2
    stm32wbxx_ll_rcc.o(i.RCC_PLL_GetFreqDomain_SYS) refers to system_stm32wbxx.o(.constdata) for MSIRangeTable
    stm32wbxx_ll_dma.o(i.LL_DMA_DeInit) refers to stm32wbxx_ll_dma.o(i.LL_DMA_SetPeriphRequest) for LL_DMA_SetPeriphRequest
    stm32wbxx_ll_dma.o(i.LL_DMA_Init) refers to stm32wbxx_ll_dma.o(i.LL_DMA_SetPeriphRequest) for LL_DMA_SetPeriphRequest
    system_stm32wbxx.o(i.SystemCoreClockUpdate) refers to system_stm32wbxx.o(.constdata) for .constdata
    system_stm32wbxx.o(i.SystemCoreClockUpdate) refers to system_stm32wbxx.o(.data) for .data
    entry.o(.ARM.Collect$$$$00000000) refers (Special) to entry10a.o(.ARM.Collect$$$$0000000F) for __rt_final_cpp
    entry.o(.ARM.Collect$$$$00000000) refers (Special) to entry11a.o(.ARM.Collect$$$$00000011) for __rt_final_exit
    entry.o(.ARM.Collect$$$$00000000) refers (Special) to entry12b.o(.ARM.Collect$$$$0000000E) for __rt_lib_shutdown_fini
    entry.o(.ARM.Collect$$$$00000000) refers (Special) to entry7b.o(.ARM.Collect$$$$00000008) for _main_clock
    entry.o(.ARM.Collect$$$$00000000) refers (Special) to entry8b.o(.ARM.Collect$$$$0000000A) for _main_cpp_init
    entry.o(.ARM.Collect$$$$00000000) refers (Special) to entry9a.o(.ARM.Collect$$$$0000000B) for _main_init
    entry.o(.ARM.Collect$$$$00000000) refers (Special) to entry5.o(.ARM.Collect$$$$00000004) for _main_scatterload
    entry.o(.ARM.Collect$$$$00000000) refers (Special) to entry2.o(.ARM.Collect$$$$00000001) for _main_stk
    entry2.o(.ARM.Collect$$$$00000001) refers to entry2.o(.ARM.Collect$$$$00002712) for __lit__00000000
    entry2.o(.ARM.Collect$$$$00002712) refers to startup_stm32wb55xx_cm4.o(STACK) for __initial_sp
    entry2.o(__vectab_stack_and_reset_area) refers to startup_stm32wb55xx_cm4.o(STACK) for __initial_sp
    entry2.o(__vectab_stack_and_reset_area) refers to entry.o(.ARM.Collect$$$$00000000) for __main
    entry5.o(.ARM.Collect$$$$00000004) refers to init.o(.text) for __scatterload
    entry9a.o(.ARM.Collect$$$$0000000B) refers to main.o(i.main) for main
    entry9b.o(.ARM.Collect$$$$0000000C) refers to main.o(i.main) for main
    init.o(.text) refers to entry5.o(.ARM.Collect$$$$00000004) for __main_after_scatterload


==============================================================================

Removing Unused input sections from the image.

    Removing startup_stm32wb55xx_cm4.o(HEAP), (512 bytes).
    Removing main.o(.rev16_text), (4 bytes).
    Removing main.o(.revsh_text), (4 bytes).
    Removing main.o(.rrx_text), (6 bytes).
    Removing main.o(i.Error_Handler), (2 bytes).
    Removing main.o(i.LED_Off), (12 bytes).
    Removing main.o(i.PeriphCommonClock_Config), (2 bytes).
    Removing stm32wbxx_it.o(.rev16_text), (4 bytes).
    Removing stm32wbxx_it.o(.revsh_text), (4 bytes).
    Removing stm32wbxx_it.o(.rrx_text), (6 bytes).
    Removing stm32wbxx_ll_utils.o(.rev16_text), (4 bytes).
    Removing stm32wbxx_ll_utils.o(.revsh_text), (4 bytes).
    Removing stm32wbxx_ll_utils.o(.rrx_text), (6 bytes).
    Removing stm32wbxx_ll_utils.o(i.LL_PLL_ConfigSystemClock_HSE), (112 bytes).
    Removing stm32wbxx_ll_utils.o(i.LL_PLL_ConfigSystemClock_HSI), (112 bytes).
    Removing stm32wbxx_ll_utils.o(i.LL_PLL_ConfigSystemClock_MSI), (148 bytes).
    Removing stm32wbxx_ll_utils.o(i.LL_RCC_PLL_ConfigDomain_SYS), (28 bytes).
    Removing stm32wbxx_ll_utils.o(i.LL_SetFlashLatency), (196 bytes).
    Removing stm32wbxx_ll_utils.o(i.UTILS_EnablePLLAndSwitchSystem), (260 bytes).
    Removing stm32wbxx_ll_utils.o(i.UTILS_GetPLLOutputFrequency), (32 bytes).
    Removing stm32wbxx_ll_utils.o(i.UTILS_PLL_IsBusy), (30 bytes).
    Removing stm32wbxx_ll_utils.o(.constdata), (44 bytes).
    Removing stm32wbxx_ll_exti.o(.rev16_text), (4 bytes).
    Removing stm32wbxx_ll_exti.o(.revsh_text), (4 bytes).
    Removing stm32wbxx_ll_exti.o(.rrx_text), (6 bytes).
    Removing stm32wbxx_ll_exti.o(i.LL_EXTI_DeInit), (96 bytes).
    Removing stm32wbxx_ll_exti.o(i.LL_EXTI_StructInit), (16 bytes).
    Removing stm32wbxx_ll_gpio.o(.rev16_text), (4 bytes).
    Removing stm32wbxx_ll_gpio.o(.revsh_text), (4 bytes).
    Removing stm32wbxx_ll_gpio.o(.rrx_text), (6 bytes).
    Removing stm32wbxx_ll_gpio.o(i.LL_AHB2_GRP1_ForceReset), (12 bytes).
    Removing stm32wbxx_ll_gpio.o(i.LL_AHB2_GRP1_ReleaseReset), (12 bytes).
    Removing stm32wbxx_ll_gpio.o(i.LL_GPIO_DeInit), (132 bytes).
    Removing stm32wbxx_ll_gpio.o(i.LL_GPIO_StructInit), (22 bytes).
    Removing stm32wbxx_ll_pwr.o(.rev16_text), (4 bytes).
    Removing stm32wbxx_ll_pwr.o(.revsh_text), (4 bytes).
    Removing stm32wbxx_ll_pwr.o(.rrx_text), (6 bytes).
    Removing stm32wbxx_ll_pwr.o(i.LL_PWR_DeInit), (124 bytes).
    Removing stm32wbxx_ll_usart.o(.rev16_text), (4 bytes).
    Removing stm32wbxx_ll_usart.o(.revsh_text), (4 bytes).
    Removing stm32wbxx_ll_usart.o(.rrx_text), (6 bytes).
    Removing stm32wbxx_ll_usart.o(i.LL_USART_ClockInit), (44 bytes).
    Removing stm32wbxx_ll_usart.o(i.LL_USART_ClockStructInit), (12 bytes).
    Removing stm32wbxx_ll_usart.o(i.LL_USART_DeInit), (40 bytes).
    Removing stm32wbxx_ll_usart.o(i.LL_USART_StructInit), (26 bytes).
    Removing stm32wbxx_ll_rcc.o(.rev16_text), (4 bytes).
    Removing stm32wbxx_ll_rcc.o(.revsh_text), (4 bytes).
    Removing stm32wbxx_ll_rcc.o(.rrx_text), (6 bytes).
    Removing stm32wbxx_ll_rcc.o(i.LL_RCC_DeInit), (164 bytes).
    Removing stm32wbxx_ll_rcc.o(i.LL_RCC_GetADCClockFreq), (94 bytes).
    Removing stm32wbxx_ll_rcc.o(i.LL_RCC_GetCLK48ClockFreq), (136 bytes).
    Removing stm32wbxx_ll_rcc.o(i.LL_RCC_GetI2CClockFreq), (96 bytes).
    Removing stm32wbxx_ll_rcc.o(i.LL_RCC_GetI2CClockSource), (18 bytes).
    Removing stm32wbxx_ll_rcc.o(i.LL_RCC_GetLPTIMClockFreq), (152 bytes).
    Removing stm32wbxx_ll_rcc.o(i.LL_RCC_GetLPUARTClockFreq), (84 bytes).
    Removing stm32wbxx_ll_rcc.o(i.LL_RCC_GetRFWKPClockFreq), (52 bytes).
    Removing stm32wbxx_ll_rcc.o(i.LL_RCC_GetRNGClockFreq), (84 bytes).
    Removing stm32wbxx_ll_rcc.o(i.LL_RCC_GetRTCClockFreq), (88 bytes).
    Removing stm32wbxx_ll_rcc.o(i.LL_RCC_GetSAIClockFreq), (100 bytes).
    Removing stm32wbxx_ll_rcc.o(i.LL_RCC_GetSMPSClockFreq), (196 bytes).
    Removing stm32wbxx_ll_rcc.o(i.LL_RCC_GetSystemClocksFreq), (112 bytes).
    Removing stm32wbxx_ll_rcc.o(i.LL_RCC_GetUSBClockFreq), (4 bytes).
    Removing stm32wbxx_ll_rcc.o(i.LL_RCC_LSI1_IsReady), (14 bytes).
    Removing stm32wbxx_ll_rcc.o(i.LL_RCC_PLLSAI1_IsReady), (12 bytes).
    Removing stm32wbxx_ll_rcc.o(i.LL_RCC_PLL_IsReady), (12 bytes).
    Removing stm32wbxx_ll_rcc.o(i.RCC_GetPCLK1ClockFreq), (32 bytes).
    Removing stm32wbxx_ll_rcc.o(i.RCC_PLLSAI1_GetFreqDomain_48M), (116 bytes).
    Removing stm32wbxx_ll_rcc.o(i.RCC_PLLSAI1_GetFreqDomain_ADC), (112 bytes).
    Removing stm32wbxx_ll_rcc.o(i.RCC_PLLSAI1_GetFreqDomain_SAI), (116 bytes).
    Removing stm32wbxx_ll_rcc.o(i.RCC_PLL_GetFreqDomain_48M), (112 bytes).
    Removing stm32wbxx_ll_rcc.o(i.RCC_PLL_GetFreqDomain_ADC), (112 bytes).
    Removing stm32wbxx_ll_rcc.o(i.RCC_PLL_GetFreqDomain_SAI), (112 bytes).
    Removing stm32wbxx_ll_dma.o(.rev16_text), (4 bytes).
    Removing stm32wbxx_ll_dma.o(.revsh_text), (4 bytes).
    Removing stm32wbxx_ll_dma.o(.rrx_text), (6 bytes).
    Removing stm32wbxx_ll_dma.o(i.LL_DMA_DeInit), (312 bytes).
    Removing stm32wbxx_ll_dma.o(i.LL_DMA_Init), (156 bytes).
    Removing stm32wbxx_ll_dma.o(i.LL_DMA_SetPeriphRequest), (56 bytes).
    Removing stm32wbxx_ll_dma.o(i.LL_DMA_StructInit), (26 bytes).
    Removing system_stm32wbxx.o(.rev16_text), (4 bytes).
    Removing system_stm32wbxx.o(.revsh_text), (4 bytes).
    Removing system_stm32wbxx.o(.rrx_text), (6 bytes).
    Removing system_stm32wbxx.o(i.SystemCoreClockUpdate), (156 bytes).
    Removing system_stm32wbxx.o(.constdata), (96 bytes).

84 unused section(s) (total 5098 bytes) removed from the image.

==============================================================================

Image Symbol Table

    Local Symbols

    Symbol Name                              Value     Ov Type        Size  Object(Section)

    ../../../../../../Drivers/STM32WBxx_HAL_Driver/Src/stm32wbxx_ll_dma.c 0x00000000   Number         0  stm32wbxx_ll_dma.o ABSOLUTE
    ../../../../../../Drivers/STM32WBxx_HAL_Driver/Src/stm32wbxx_ll_exti.c 0x00000000   Number         0  stm32wbxx_ll_exti.o ABSOLUTE
    ../../../../../../Drivers/STM32WBxx_HAL_Driver/Src/stm32wbxx_ll_gpio.c 0x00000000   Number         0  stm32wbxx_ll_gpio.o ABSOLUTE
    ../../../../../../Drivers/STM32WBxx_HAL_Driver/Src/stm32wbxx_ll_pwr.c 0x00000000   Number         0  stm32wbxx_ll_pwr.o ABSOLUTE
    ../../../../../../Drivers/STM32WBxx_HAL_Driver/Src/stm32wbxx_ll_rcc.c 0x00000000   Number         0  stm32wbxx_ll_rcc.o ABSOLUTE
    ../../../../../../Drivers/STM32WBxx_HAL_Driver/Src/stm32wbxx_ll_usart.c 0x00000000   Number         0  stm32wbxx_ll_usart.o ABSOLUTE
    ../../../../../../Drivers/STM32WBxx_HAL_Driver/Src/stm32wbxx_ll_utils.c 0x00000000   Number         0  stm32wbxx_ll_utils.o ABSOLUTE
    ../Src/main.c                            0x00000000   Number         0  main.o ABSOLUTE
    ../Src/stm32wbxx_it.c                    0x00000000   Number         0  stm32wbxx_it.o ABSOLUTE
    ../Src/system_stm32wbxx.c                0x00000000   Number         0  system_stm32wbxx.o ABSOLUTE
    ../clib/microlib/init/entry.s            0x00000000   Number         0  entry.o ABSOLUTE
    ../clib/microlib/init/entry.s            0x00000000   Number         0  entry10a.o ABSOLUTE
    ../clib/microlib/init/entry.s            0x00000000   Number         0  entry10b.o ABSOLUTE
    ../clib/microlib/init/entry.s            0x00000000   Number         0  entry11a.o ABSOLUTE
    ../clib/microlib/init/entry.s            0x00000000   Number         0  entry11b.o ABSOLUTE
    ../clib/microlib/init/entry.s            0x00000000   Number         0  entry12a.o ABSOLUTE
    ../clib/microlib/init/entry.s            0x00000000   Number         0  entry12b.o ABSOLUTE
    ../clib/microlib/init/entry.s            0x00000000   Number         0  entry9b.o ABSOLUTE
    ../clib/microlib/init/entry.s            0x00000000   Number         0  entry9a.o ABSOLUTE
    ../clib/microlib/init/entry.s            0x00000000   Number         0  entry7a.o ABSOLUTE
    ../clib/microlib/init/entry.s            0x00000000   Number         0  entry8b.o ABSOLUTE
    ../clib/microlib/init/entry.s            0x00000000   Number         0  entry8a.o ABSOLUTE
    ../clib/microlib/init/entry.s            0x00000000   Number         0  entry7b.o ABSOLUTE
    ../clib/microlib/init/entry.s            0x00000000   Number         0  entry5.o ABSOLUTE
    ../clib/microlib/init/entry.s            0x00000000   Number         0  entry2.o ABSOLUTE
    ../clib/microlib/string/memset.c         0x00000000   Number         0  memseta.o ABSOLUTE
    ..\..\..\..\..\..\Drivers\STM32WBxx_HAL_Driver\Src\stm32wbxx_ll_dma.c 0x00000000   Number         0  stm32wbxx_ll_dma.o ABSOLUTE
    ..\..\..\..\..\..\Drivers\STM32WBxx_HAL_Driver\Src\stm32wbxx_ll_exti.c 0x00000000   Number         0  stm32wbxx_ll_exti.o ABSOLUTE
    ..\..\..\..\..\..\Drivers\STM32WBxx_HAL_Driver\Src\stm32wbxx_ll_gpio.c 0x00000000   Number         0  stm32wbxx_ll_gpio.o ABSOLUTE
    ..\..\..\..\..\..\Drivers\STM32WBxx_HAL_Driver\Src\stm32wbxx_ll_pwr.c 0x00000000   Number         0  stm32wbxx_ll_pwr.o ABSOLUTE
    ..\..\..\..\..\..\Drivers\STM32WBxx_HAL_Driver\Src\stm32wbxx_ll_rcc.c 0x00000000   Number         0  stm32wbxx_ll_rcc.o ABSOLUTE
    ..\..\..\..\..\..\Drivers\STM32WBxx_HAL_Driver\Src\stm32wbxx_ll_usart.c 0x00000000   Number         0  stm32wbxx_ll_usart.o ABSOLUTE
    ..\..\..\..\..\..\Drivers\STM32WBxx_HAL_Driver\Src\stm32wbxx_ll_utils.c 0x00000000   Number         0  stm32wbxx_ll_utils.o ABSOLUTE
    ..\Src\main.c                            0x00000000   Number         0  main.o ABSOLUTE
    ..\Src\stm32wbxx_it.c                    0x00000000   Number         0  stm32wbxx_it.o ABSOLUTE
    ..\Src\system_stm32wbxx.c                0x00000000   Number         0  system_stm32wbxx.o ABSOLUTE
    dc.s                                     0x00000000   Number         0  dc.o ABSOLUTE
    handlers.s                               0x00000000   Number         0  handlers.o ABSOLUTE
    init.s                                   0x00000000   Number         0  init.o ABSOLUTE
    startup_stm32wb55xx_cm4.s                0x00000000   Number         0  startup_stm32wb55xx_cm4.o ABSOLUTE
    RESET                                    0x08000000   Section      316  startup_stm32wb55xx_cm4.o(RESET)
    .ARM.Collect$$$$00000000                 0x0800013c   Section        0  entry.o(.ARM.Collect$$$$00000000)
    .ARM.Collect$$$$00000001                 0x0800013c   Section        4  entry2.o(.ARM.Collect$$$$00000001)
    .ARM.Collect$$$$00000004                 0x08000140   Section        4  entry5.o(.ARM.Collect$$$$00000004)
    .ARM.Collect$$$$00000008                 0x08000144   Section        0  entry7b.o(.ARM.Collect$$$$00000008)
    .ARM.Collect$$$$0000000A                 0x08000144   Section        0  entry8b.o(.ARM.Collect$$$$0000000A)
    .ARM.Collect$$$$0000000B                 0x08000144   Section        8  entry9a.o(.ARM.Collect$$$$0000000B)
    .ARM.Collect$$$$0000000E                 0x0800014c   Section        4  entry12b.o(.ARM.Collect$$$$0000000E)
    .ARM.Collect$$$$0000000F                 0x08000150   Section        0  entry10a.o(.ARM.Collect$$$$0000000F)
    .ARM.Collect$$$$00000011                 0x08000150   Section        0  entry11a.o(.ARM.Collect$$$$00000011)
    .ARM.Collect$$$$00002712                 0x08000150   Section        4  entry2.o(.ARM.Collect$$$$00002712)
    __lit__00000000                          0x08000150   Data           4  entry2.o(.ARM.Collect$$$$00002712)
    .text                                    0x08000154   Section       36  startup_stm32wb55xx_cm4.o(.text)
    $v0                                      0x08000154   Number         0  startup_stm32wb55xx_cm4.o(.text)
    .text                                    0x08000178   Section        0  memseta.o(.text)
    .text                                    0x0800019c   Section       36  init.o(.text)
    i.BusFault_Handler                       0x080001c0   Section        0  stm32wbxx_it.o(i.BusFault_Handler)
    i.DebugMon_Handler                       0x080001c2   Section        0  stm32wbxx_it.o(i.DebugMon_Handler)
    i.EXTI4_IRQHandler                       0x080001c4   Section        0  stm32wbxx_it.o(i.EXTI4_IRQHandler)
    i.Error_Callback                         0x080001dc   Section        0  main.o(i.Error_Callback)
    i.HandleContinuousReception              0x08000214   Section        0  main.o(i.HandleContinuousReception)
    i.HardFault_Handler                      0x08000230   Section        0  stm32wbxx_it.o(i.HardFault_Handler)
    i.LED_Blinking                           0x08000234   Section        0  main.o(i.LED_Blinking)
    i.LL_AHB2_GRP1_EnableClock               0x08000254   Section        0  main.o(i.LL_AHB2_GRP1_EnableClock)
    LL_AHB2_GRP1_EnableClock                 0x08000255   Thumb Code    20  main.o(i.LL_AHB2_GRP1_EnableClock)
    i.LL_EXTI_Init                           0x08000268   Section        0  stm32wbxx_ll_exti.o(i.LL_EXTI_Init)
    i.LL_GPIO_Init                           0x080003a4   Section        0  stm32wbxx_ll_gpio.o(i.LL_GPIO_Init)
    i.LL_Init1msTick                         0x080004da   Section        0  stm32wbxx_ll_utils.o(i.LL_Init1msTick)
    i.LL_RCC_GetUSARTClockFreq               0x080004f4   Section        0  stm32wbxx_ll_rcc.o(i.LL_RCC_GetUSARTClockFreq)
    i.LL_RCC_HSE_IsEnabledDiv2               0x08000544   Section        0  stm32wbxx_ll_rcc.o(i.LL_RCC_HSE_IsEnabledDiv2)
    LL_RCC_HSE_IsEnabledDiv2                 0x08000545   Thumb Code    12  stm32wbxx_ll_rcc.o(i.LL_RCC_HSE_IsEnabledDiv2)
    i.LL_RCC_HSI_IsReady                     0x08000550   Section        0  stm32wbxx_ll_rcc.o(i.LL_RCC_HSI_IsReady)
    LL_RCC_HSI_IsReady                       0x08000551   Thumb Code    12  stm32wbxx_ll_rcc.o(i.LL_RCC_HSI_IsReady)
    i.LL_RCC_LSE_IsReady                     0x0800055c   Section        0  stm32wbxx_ll_rcc.o(i.LL_RCC_LSE_IsReady)
    LL_RCC_LSE_IsReady                       0x0800055d   Thumb Code    14  stm32wbxx_ll_rcc.o(i.LL_RCC_LSE_IsReady)
    i.LL_RCC_MSI_GetRange                    0x0800056a   Section        0  stm32wbxx_ll_rcc.o(i.LL_RCC_MSI_GetRange)
    LL_RCC_MSI_GetRange                      0x0800056b   Thumb Code    18  stm32wbxx_ll_rcc.o(i.LL_RCC_MSI_GetRange)
    i.LL_RCC_PLL_GetDivider                  0x0800057c   Section        0  stm32wbxx_ll_rcc.o(i.LL_RCC_PLL_GetDivider)
    LL_RCC_PLL_GetDivider                    0x0800057d   Thumb Code    12  stm32wbxx_ll_rcc.o(i.LL_RCC_PLL_GetDivider)
    i.LL_RCC_PLL_GetMainSource               0x08000588   Section        0  stm32wbxx_ll_rcc.o(i.LL_RCC_PLL_GetMainSource)
    LL_RCC_PLL_GetMainSource                 0x08000589   Thumb Code    12  stm32wbxx_ll_rcc.o(i.LL_RCC_PLL_GetMainSource)
    i.LL_RCC_PLL_GetN                        0x08000594   Section        0  stm32wbxx_ll_rcc.o(i.LL_RCC_PLL_GetN)
    LL_RCC_PLL_GetN                          0x08000595   Thumb Code    12  stm32wbxx_ll_rcc.o(i.LL_RCC_PLL_GetN)
    i.LL_SetSystemCoreClock                  0x080005a0   Section        0  stm32wbxx_ll_utils.o(i.LL_SetSystemCoreClock)
    i.LL_USART_Init                          0x080005ac   Section        0  stm32wbxx_ll_usart.o(i.LL_USART_Init)
    i.LL_mDelay                              0x08000664   Section        0  stm32wbxx_ll_utils.o(i.LL_mDelay)
    i.MX_GPIO_Init                           0x08000684   Section        0  main.o(i.MX_GPIO_Init)
    MX_GPIO_Init                             0x08000685   Thumb Code   228  main.o(i.MX_GPIO_Init)
    i.MX_USART1_UART_Init                    0x08000778   Section        0  main.o(i.MX_USART1_UART_Init)
    MX_USART1_UART_Init                      0x08000779   Thumb Code   248  main.o(i.MX_USART1_UART_Init)
    i.MemManage_Handler                      0x08000878   Section        0  stm32wbxx_it.o(i.MemManage_Handler)
    i.NMI_Handler                            0x0800087a   Section        0  stm32wbxx_it.o(i.NMI_Handler)
    i.NVIC_EncodePriority                    0x0800087c   Section        0  main.o(i.NVIC_EncodePriority)
    NVIC_EncodePriority                      0x0800087d   Thumb Code    50  main.o(i.NVIC_EncodePriority)
    i.PendSV_Handler                         0x080008ae   Section        0  stm32wbxx_it.o(i.PendSV_Handler)
    i.PrintInfo                              0x080008b0   Section        0  main.o(i.PrintInfo)
    i.RCC_GetHCLK1ClockFreq                  0x080008e0   Section        0  stm32wbxx_ll_rcc.o(i.RCC_GetHCLK1ClockFreq)
    RCC_GetHCLK1ClockFreq                    0x080008e1   Thumb Code    24  stm32wbxx_ll_rcc.o(i.RCC_GetHCLK1ClockFreq)
    i.RCC_GetPCLK2ClockFreq                  0x080008fc   Section        0  stm32wbxx_ll_rcc.o(i.RCC_GetPCLK2ClockFreq)
    RCC_GetPCLK2ClockFreq                    0x080008fd   Thumb Code    26  stm32wbxx_ll_rcc.o(i.RCC_GetPCLK2ClockFreq)
    i.RCC_GetSystemClockFreq                 0x0800091c   Section        0  stm32wbxx_ll_rcc.o(i.RCC_GetSystemClockFreq)
    RCC_GetSystemClockFreq                   0x0800091d   Thumb Code    72  stm32wbxx_ll_rcc.o(i.RCC_GetSystemClockFreq)
    i.RCC_PLL_GetFreqDomain_SYS              0x08000974   Section        0  stm32wbxx_ll_rcc.o(i.RCC_PLL_GetFreqDomain_SYS)
    RCC_PLL_GetFreqDomain_SYS                0x08000975   Thumb Code    92  stm32wbxx_ll_rcc.o(i.RCC_PLL_GetFreqDomain_SYS)
    i.SVC_Handler                            0x080009e0   Section        0  stm32wbxx_it.o(i.SVC_Handler)
    i.StartReception                         0x080009e4   Section        0  main.o(i.StartReception)
    i.SysTick_Handler                        0x08000a38   Section        0  stm32wbxx_it.o(i.SysTick_Handler)
    i.SystemClock_Config                     0x08000a3c   Section        0  main.o(i.SystemClock_Config)
    i.SystemInit                             0x08000af0   Section        0  system_stm32wbxx.o(i.SystemInit)
    i.USART1_IRQHandler                      0x08000b54   Section        0  stm32wbxx_it.o(i.USART1_IRQHandler)
    i.USART_CharReception_Callback           0x08000b74   Section        0  main.o(i.USART_CharReception_Callback)
    i.UsageFault_Handler                     0x08000ba8   Section        0  stm32wbxx_it.o(i.UsageFault_Handler)
    i.UserButton_Callback                    0x08000bac   Section        0  main.o(i.UserButton_Callback)
    i.UserDataTreatment                      0x08000bb8   Section        0  main.o(i.UserDataTreatment)
    i.WaitForUserButtonPress                 0x08000bf4   Section        0  main.o(i.WaitForUserButtonPress)
    i.__NVIC_EnableIRQ                       0x08000c28   Section        0  main.o(i.__NVIC_EnableIRQ)
    __NVIC_EnableIRQ                         0x08000c29   Thumb Code    26  main.o(i.__NVIC_EnableIRQ)
    i.__NVIC_SetPriority                     0x08000c42   Section        0  main.o(i.__NVIC_SetPriority)
    __NVIC_SetPriority                       0x08000c43   Thumb Code    32  main.o(i.__NVIC_SetPriority)
    i.__scatterload_copy                     0x08000c62   Section       14  handlers.o(i.__scatterload_copy)
    i.__scatterload_null                     0x08000c70   Section        2  handlers.o(i.__scatterload_null)
    i.__scatterload_zeroinit                 0x08000c72   Section       14  handlers.o(i.__scatterload_zeroinit)
    i.main                                   0x08000c80   Section        0  main.o(i.main)
    .constdata                               0x08000cdc   Section       24  stm32wbxx_ll_usart.o(.constdata)
    USART_PRESCALER_TAB                      0x08000cdc   Data          24  stm32wbxx_ll_usart.o(.constdata)
    .constdata                               0x08000cf4   Section      128  system_stm32wbxx.o(.constdata)
    .constdata                               0x08000d74   Section       32  system_stm32wbxx.o(.constdata)
    .data                                    0x20000008   Section      164  main.o(.data)
    .data                                    0x200000ac   Section        4  system_stm32wbxx.o(.data)
    .bss                                     0x200000b0   Section       24  main.o(.bss)
    STACK                                    0x200000c8   Section     1024  startup_stm32wb55xx_cm4.o(STACK)

    Global Symbols

    Symbol Name                              Value     Ov Type        Size  Object(Section)

    BuildAttributes$$THM_ISAv4$E$P$D$K$B$S$7EM$VFPi3$EXTD16$VFPS$VFMA$PE$A:L22UL41UL21$X:L11$S22US41US21$IEEE1$IW$USESV6$~STKCKD$USESV7$~SHL$OSPACE$EBA8$MICROLIB$REQ8$PRES8$EABIv2 0x00000000   Number         0  anon$$obj.o ABSOLUTE
    __ARM_use_no_argv                        0x00000000   Number         0  main.o ABSOLUTE
    __arm_fini_                               - Undefined Weak Reference
    __cpp_initialize__aeabi_                  - Undefined Weak Reference
    __cxa_finalize                            - Undefined Weak Reference
    __decompress                              - Undefined Weak Reference
    _clock_init                               - Undefined Weak Reference
    _microlib_exit                            - Undefined Weak Reference
    __Vectors_Size                           0x0000013c   Number         0  startup_stm32wb55xx_cm4.o ABSOLUTE
    __Vectors                                0x08000000   Data           4  startup_stm32wb55xx_cm4.o(RESET)
    __Vectors_End                            0x0800013c   Data           0  startup_stm32wb55xx_cm4.o(RESET)
    __main                                   0x0800013d   Thumb Code     0  entry.o(.ARM.Collect$$$$00000000)
    _main_stk                                0x0800013d   Thumb Code     0  entry2.o(.ARM.Collect$$$$00000001)
    _main_scatterload                        0x08000141   Thumb Code     0  entry5.o(.ARM.Collect$$$$00000004)
    __main_after_scatterload                 0x08000145   Thumb Code     0  entry5.o(.ARM.Collect$$$$00000004)
    _main_clock                              0x08000145   Thumb Code     0  entry7b.o(.ARM.Collect$$$$00000008)
    _main_cpp_init                           0x08000145   Thumb Code     0  entry8b.o(.ARM.Collect$$$$0000000A)
    _main_init                               0x08000145   Thumb Code     0  entry9a.o(.ARM.Collect$$$$0000000B)
    __rt_lib_shutdown_fini                   0x0800014d   Thumb Code     0  entry12b.o(.ARM.Collect$$$$0000000E)
    __rt_final_cpp                           0x08000151   Thumb Code     0  entry10a.o(.ARM.Collect$$$$0000000F)
    __rt_final_exit                          0x08000151   Thumb Code     0  entry11a.o(.ARM.Collect$$$$00000011)
    Reset_Handler                            0x08000155   Thumb Code     8  startup_stm32wb55xx_cm4.o(.text)
    ADC1_IRQHandler                          0x0800016f   Thumb Code     0  startup_stm32wb55xx_cm4.o(.text)
    AES1_IRQHandler                          0x0800016f   Thumb Code     0  startup_stm32wb55xx_cm4.o(.text)
    AES2_IRQHandler                          0x0800016f   Thumb Code     0  startup_stm32wb55xx_cm4.o(.text)
    C2SEV_PWR_C2H_IRQHandler                 0x0800016f   Thumb Code     0  startup_stm32wb55xx_cm4.o(.text)
    COMP_IRQHandler                          0x0800016f   Thumb Code     0  startup_stm32wb55xx_cm4.o(.text)
    CRS_IRQHandler                           0x0800016f   Thumb Code     0  startup_stm32wb55xx_cm4.o(.text)
    DMA1_Channel1_IRQHandler                 0x0800016f   Thumb Code     0  startup_stm32wb55xx_cm4.o(.text)
    DMA1_Channel2_IRQHandler                 0x0800016f   Thumb Code     0  startup_stm32wb55xx_cm4.o(.text)
    DMA1_Channel3_IRQHandler                 0x0800016f   Thumb Code     0  startup_stm32wb55xx_cm4.o(.text)
    DMA1_Channel4_IRQHandler                 0x0800016f   Thumb Code     0  startup_stm32wb55xx_cm4.o(.text)
    DMA1_Channel5_IRQHandler                 0x0800016f   Thumb Code     0  startup_stm32wb55xx_cm4.o(.text)
    DMA1_Channel6_IRQHandler                 0x0800016f   Thumb Code     0  startup_stm32wb55xx_cm4.o(.text)
    DMA1_Channel7_IRQHandler                 0x0800016f   Thumb Code     0  startup_stm32wb55xx_cm4.o(.text)
    DMA2_Channel1_IRQHandler                 0x0800016f   Thumb Code     0  startup_stm32wb55xx_cm4.o(.text)
    DMA2_Channel2_IRQHandler                 0x0800016f   Thumb Code     0  startup_stm32wb55xx_cm4.o(.text)
    DMA2_Channel3_IRQHandler                 0x0800016f   Thumb Code     0  startup_stm32wb55xx_cm4.o(.text)
    DMA2_Channel4_IRQHandler                 0x0800016f   Thumb Code     0  startup_stm32wb55xx_cm4.o(.text)
    DMA2_Channel5_IRQHandler                 0x0800016f   Thumb Code     0  startup_stm32wb55xx_cm4.o(.text)
    DMA2_Channel6_IRQHandler                 0x0800016f   Thumb Code     0  startup_stm32wb55xx_cm4.o(.text)
    DMA2_Channel7_IRQHandler                 0x0800016f   Thumb Code     0  startup_stm32wb55xx_cm4.o(.text)
    DMAMUX1_OVR_IRQHandler                   0x0800016f   Thumb Code     0  startup_stm32wb55xx_cm4.o(.text)
    EXTI0_IRQHandler                         0x0800016f   Thumb Code     0  startup_stm32wb55xx_cm4.o(.text)
    EXTI15_10_IRQHandler                     0x0800016f   Thumb Code     0  startup_stm32wb55xx_cm4.o(.text)
    EXTI1_IRQHandler                         0x0800016f   Thumb Code     0  startup_stm32wb55xx_cm4.o(.text)
    EXTI2_IRQHandler                         0x0800016f   Thumb Code     0  startup_stm32wb55xx_cm4.o(.text)
    EXTI3_IRQHandler                         0x0800016f   Thumb Code     0  startup_stm32wb55xx_cm4.o(.text)
    EXTI9_5_IRQHandler                       0x0800016f   Thumb Code     0  startup_stm32wb55xx_cm4.o(.text)
    FLASH_IRQHandler                         0x0800016f   Thumb Code     0  startup_stm32wb55xx_cm4.o(.text)
    FPU_IRQHandler                           0x0800016f   Thumb Code     0  startup_stm32wb55xx_cm4.o(.text)
    HSEM_IRQHandler                          0x0800016f   Thumb Code     0  startup_stm32wb55xx_cm4.o(.text)
    I2C1_ER_IRQHandler                       0x0800016f   Thumb Code     0  startup_stm32wb55xx_cm4.o(.text)
    I2C1_EV_IRQHandler                       0x0800016f   Thumb Code     0  startup_stm32wb55xx_cm4.o(.text)
    I2C3_ER_IRQHandler                       0x0800016f   Thumb Code     0  startup_stm32wb55xx_cm4.o(.text)
    I2C3_EV_IRQHandler                       0x0800016f   Thumb Code     0  startup_stm32wb55xx_cm4.o(.text)
    IPCC_C1_RX_IRQHandler                    0x0800016f   Thumb Code     0  startup_stm32wb55xx_cm4.o(.text)
    IPCC_C1_TX_IRQHandler                    0x0800016f   Thumb Code     0  startup_stm32wb55xx_cm4.o(.text)
    LCD_IRQHandler                           0x0800016f   Thumb Code     0  startup_stm32wb55xx_cm4.o(.text)
    LPTIM1_IRQHandler                        0x0800016f   Thumb Code     0  startup_stm32wb55xx_cm4.o(.text)
    LPTIM2_IRQHandler                        0x0800016f   Thumb Code     0  startup_stm32wb55xx_cm4.o(.text)
    LPUART1_IRQHandler                       0x0800016f   Thumb Code     0  startup_stm32wb55xx_cm4.o(.text)
    PKA_IRQHandler                           0x0800016f   Thumb Code     0  startup_stm32wb55xx_cm4.o(.text)
    PVD_PVM_IRQHandler                       0x0800016f   Thumb Code     0  startup_stm32wb55xx_cm4.o(.text)
    PWR_SOTF_BLEACT_802ACT_RFPHASE_IRQHandler 0x0800016f   Thumb Code     0  startup_stm32wb55xx_cm4.o(.text)
    QUADSPI_IRQHandler                       0x0800016f   Thumb Code     0  startup_stm32wb55xx_cm4.o(.text)
    RCC_IRQHandler                           0x0800016f   Thumb Code     0  startup_stm32wb55xx_cm4.o(.text)
    RNG_IRQHandler                           0x0800016f   Thumb Code     0  startup_stm32wb55xx_cm4.o(.text)
    RTC_Alarm_IRQHandler                     0x0800016f   Thumb Code     0  startup_stm32wb55xx_cm4.o(.text)
    RTC_WKUP_IRQHandler                      0x0800016f   Thumb Code     0  startup_stm32wb55xx_cm4.o(.text)
    SAI1_IRQHandler                          0x0800016f   Thumb Code     0  startup_stm32wb55xx_cm4.o(.text)
    SPI1_IRQHandler                          0x0800016f   Thumb Code     0  startup_stm32wb55xx_cm4.o(.text)
    SPI2_IRQHandler                          0x0800016f   Thumb Code     0  startup_stm32wb55xx_cm4.o(.text)
    TAMP_STAMP_LSECSS_IRQHandler             0x0800016f   Thumb Code     0  startup_stm32wb55xx_cm4.o(.text)
    TIM1_BRK_IRQHandler                      0x0800016f   Thumb Code     0  startup_stm32wb55xx_cm4.o(.text)
    TIM1_CC_IRQHandler                       0x0800016f   Thumb Code     0  startup_stm32wb55xx_cm4.o(.text)
    TIM1_TRG_COM_TIM17_IRQHandler            0x0800016f   Thumb Code     0  startup_stm32wb55xx_cm4.o(.text)
    TIM1_UP_TIM16_IRQHandler                 0x0800016f   Thumb Code     0  startup_stm32wb55xx_cm4.o(.text)
    TIM2_IRQHandler                          0x0800016f   Thumb Code     0  startup_stm32wb55xx_cm4.o(.text)
    TSC_IRQHandler                           0x0800016f   Thumb Code     0  startup_stm32wb55xx_cm4.o(.text)
    USB_HP_IRQHandler                        0x0800016f   Thumb Code     0  startup_stm32wb55xx_cm4.o(.text)
    USB_LP_IRQHandler                        0x0800016f   Thumb Code     0  startup_stm32wb55xx_cm4.o(.text)
    WWDG_IRQHandler                          0x0800016f   Thumb Code     0  startup_stm32wb55xx_cm4.o(.text)
    __aeabi_memset                           0x08000179   Thumb Code    14  memseta.o(.text)
    __aeabi_memset4                          0x08000179   Thumb Code     0  memseta.o(.text)
    __aeabi_memset8                          0x08000179   Thumb Code     0  memseta.o(.text)
    __aeabi_memclr                           0x08000187   Thumb Code     4  memseta.o(.text)
    __aeabi_memclr4                          0x08000187   Thumb Code     0  memseta.o(.text)
    __aeabi_memclr8                          0x08000187   Thumb Code     0  memseta.o(.text)
    _memset$wrapper                          0x0800018b   Thumb Code    18  memseta.o(.text)
    __scatterload                            0x0800019d   Thumb Code    28  init.o(.text)
    __scatterload_rt2                        0x0800019d   Thumb Code     0  init.o(.text)
    BusFault_Handler                         0x080001c1   Thumb Code     2  stm32wbxx_it.o(i.BusFault_Handler)
    DebugMon_Handler                         0x080001c3   Thumb Code     2  stm32wbxx_it.o(i.DebugMon_Handler)
    EXTI4_IRQHandler                         0x080001c5   Thumb Code    20  stm32wbxx_it.o(i.EXTI4_IRQHandler)
    Error_Callback                           0x080001dd   Thumb Code    46  main.o(i.Error_Callback)
    HandleContinuousReception                0x08000215   Thumb Code    22  main.o(i.HandleContinuousReception)
    HardFault_Handler                        0x08000231   Thumb Code     2  stm32wbxx_it.o(i.HardFault_Handler)
    LED_Blinking                             0x08000235   Thumb Code    28  main.o(i.LED_Blinking)
    LL_EXTI_Init                             0x08000269   Thumb Code   310  stm32wbxx_ll_exti.o(i.LL_EXTI_Init)
    LL_GPIO_Init                             0x080003a5   Thumb Code   310  stm32wbxx_ll_gpio.o(i.LL_GPIO_Init)
    LL_Init1msTick                           0x080004db   Thumb Code    26  stm32wbxx_ll_utils.o(i.LL_Init1msTick)
    LL_RCC_GetUSARTClockFreq                 0x080004f5   Thumb Code    74  stm32wbxx_ll_rcc.o(i.LL_RCC_GetUSARTClockFreq)
    LL_SetSystemCoreClock                    0x080005a1   Thumb Code     6  stm32wbxx_ll_utils.o(i.LL_SetSystemCoreClock)
    LL_USART_Init                            0x080005ad   Thumb Code   170  stm32wbxx_ll_usart.o(i.LL_USART_Init)
    LL_mDelay                                0x08000665   Thumb Code    30  stm32wbxx_ll_utils.o(i.LL_mDelay)
    MemManage_Handler                        0x08000879   Thumb Code     2  stm32wbxx_it.o(i.MemManage_Handler)
    NMI_Handler                              0x0800087b   Thumb Code     2  stm32wbxx_it.o(i.NMI_Handler)
    PendSV_Handler                           0x080008af   Thumb Code     2  stm32wbxx_it.o(i.PendSV_Handler)
    PrintInfo                                0x080008b1   Thumb Code    42  main.o(i.PrintInfo)
    SVC_Handler                              0x080009e1   Thumb Code     2  stm32wbxx_it.o(i.SVC_Handler)
    StartReception                           0x080009e5   Thumb Code    70  main.o(i.StartReception)
    SysTick_Handler                          0x08000a39   Thumb Code     2  stm32wbxx_it.o(i.SysTick_Handler)
    SystemClock_Config                       0x08000a3d   Thumb Code   164  main.o(i.SystemClock_Config)
    SystemInit                               0x08000af1   Thumb Code    86  system_stm32wbxx.o(i.SystemInit)
    USART1_IRQHandler                        0x08000b55   Thumb Code    26  stm32wbxx_it.o(i.USART1_IRQHandler)
    USART_CharReception_Callback             0x08000b75   Thumb Code    42  main.o(i.USART_CharReception_Callback)
    UsageFault_Handler                       0x08000ba9   Thumb Code     2  stm32wbxx_it.o(i.UsageFault_Handler)
    UserButton_Callback                      0x08000bad   Thumb Code     8  main.o(i.UserButton_Callback)
    UserDataTreatment                        0x08000bb9   Thumb Code    52  main.o(i.UserDataTreatment)
    WaitForUserButtonPress                   0x08000bf5   Thumb Code    42  main.o(i.WaitForUserButtonPress)
    __scatterload_copy                       0x08000c63   Thumb Code    14  handlers.o(i.__scatterload_copy)
    __scatterload_null                       0x08000c71   Thumb Code     2  handlers.o(i.__scatterload_null)
    __scatterload_zeroinit                   0x08000c73   Thumb Code    14  handlers.o(i.__scatterload_zeroinit)
    main                                     0x08000c81   Thumb Code    74  main.o(i.main)
    AHBPrescTable                            0x08000cf4   Data          64  system_stm32wbxx.o(.constdata)
    MSIRangeTable                            0x08000d34   Data          64  system_stm32wbxx.o(.constdata)
    APBPrescTable                            0x08000d74   Data          32  system_stm32wbxx.o(.constdata)
    Region$$Table$$Base                      0x08000d94   Number         0  anon$$obj.o(Region$$Table)
    Region$$Table$$Limit                     0x08000db4   Number         0  anon$$obj.o(Region$$Table)
    ubButtonPress                            0x20000008   Data           1  main.o(.data)
    uwNbReceivedChars                        0x2000000c   Data           4  main.o(.data)
    uwBufferReadyIndication                  0x20000010   Data           4  main.o(.data)
    pBufferReadyForUser                      0x20000014   Data           4  main.o(.data)
    pBufferReadyForReception                 0x20000018   Data           4  main.o(.data)
    aTextInfoStart                           0x2000001c   Data          64  main.o(.data)
    aTextInfoSwap1                           0x2000005c   Data          33  main.o(.data)
    aTextInfoSwap2                           0x2000007d   Data          47  main.o(.data)
    SystemCoreClock                          0x200000ac   Data           4  system_stm32wbxx.o(.data)
    aRXBufferA                               0x200000b0   Data          12  main.o(.bss)
    aRXBufferB                               0x200000bc   Data          12  main.o(.bss)
    __initial_sp                             0x200004c8   Data           0  startup_stm32wb55xx_cm4.o(STACK)



==============================================================================

Memory Map of the image

  Image Entry point : 0x0800013d

  Load Region LR_IROM1 (Base: 0x08000000, Size: 0x00000e5c, Max: 0x00080000, ABSOLUTE)

    Execution Region ER_IROM1 (Exec base: 0x08000000, Load base: 0x08000000, Size: 0x00000db4, Max: 0x00080000, ABSOLUTE)

    Exec Addr    Load Addr    Size         Type   Attr      Idx    E Section Name        Object

    0x08000000   0x08000000   0x0000013c   Data   RO            3    RESET               startup_stm32wb55xx_cm4.o
    0x0800013c   0x0800013c   0x00000000   Code   RO          885  * .ARM.Collect$$$$00000000  mc_w.l(entry.o)
    0x0800013c   0x0800013c   0x00000004   Code   RO          890    .ARM.Collect$$$$00000001  mc_w.l(entry2.o)
    0x08000140   0x08000140   0x00000004   Code   RO          893    .ARM.Collect$$$$00000004  mc_w.l(entry5.o)
    0x08000144   0x08000144   0x00000000   Code   RO          895    .ARM.Collect$$$$00000008  mc_w.l(entry7b.o)
    0x08000144   0x08000144   0x00000000   Code   RO          897    .ARM.Collect$$$$0000000A  mc_w.l(entry8b.o)
    0x08000144   0x08000144   0x00000008   Code   RO          898    .ARM.Collect$$$$0000000B  mc_w.l(entry9a.o)
    0x0800014c   0x0800014c   0x00000004   Code   RO          905    .ARM.Collect$$$$0000000E  mc_w.l(entry12b.o)
    0x08000150   0x08000150   0x00000000   Code   RO          900    .ARM.Collect$$$$0000000F  mc_w.l(entry10a.o)
    0x08000150   0x08000150   0x00000000   Code   RO          902    .ARM.Collect$$$$00000011  mc_w.l(entry11a.o)
    0x08000150   0x08000150   0x00000004   Code   RO          891    .ARM.Collect$$$$00002712  mc_w.l(entry2.o)
    0x08000154   0x08000154   0x00000024   Code   RO            4    .text               startup_stm32wb55xx_cm4.o
    0x08000178   0x08000178   0x00000024   Code   RO          888    .text               mc_w.l(memseta.o)
    0x0800019c   0x0800019c   0x00000024   Code   RO          906    .text               mc_w.l(init.o)
    0x080001c0   0x080001c0   0x00000002   Code   RO          214    i.BusFault_Handler  stm32wbxx_it.o
    0x080001c2   0x080001c2   0x00000002   Code   RO          215    i.DebugMon_Handler  stm32wbxx_it.o
    0x080001c4   0x080001c4   0x00000018   Code   RO          216    i.EXTI4_IRQHandler  stm32wbxx_it.o
    0x080001dc   0x080001dc   0x00000038   Code   RO           13    i.Error_Callback    main.o
    0x08000214   0x08000214   0x0000001c   Code   RO           15    i.HandleContinuousReception  main.o
    0x08000230   0x08000230   0x00000002   Code   RO          217    i.HardFault_Handler  stm32wbxx_it.o
    0x08000232   0x08000232   0x00000002   PAD
    0x08000234   0x08000234   0x00000020   Code   RO           16    i.LED_Blinking      main.o
    0x08000254   0x08000254   0x00000014   Code   RO           18    i.LL_AHB2_GRP1_EnableClock  main.o
    0x08000268   0x08000268   0x0000013c   Code   RO          417    i.LL_EXTI_Init      stm32wbxx_ll_exti.o
    0x080003a4   0x080003a4   0x00000136   Code   RO          458    i.LL_GPIO_Init      stm32wbxx_ll_gpio.o
    0x080004da   0x080004da   0x0000001a   Code   RO          323    i.LL_Init1msTick    stm32wbxx_ll_utils.o
    0x080004f4   0x080004f4   0x00000050   Code   RO          600    i.LL_RCC_GetUSARTClockFreq  stm32wbxx_ll_rcc.o
    0x08000544   0x08000544   0x0000000c   Code   RO          602    i.LL_RCC_HSE_IsEnabledDiv2  stm32wbxx_ll_rcc.o
    0x08000550   0x08000550   0x0000000c   Code   RO          603    i.LL_RCC_HSI_IsReady  stm32wbxx_ll_rcc.o
    0x0800055c   0x0800055c   0x0000000e   Code   RO          604    i.LL_RCC_LSE_IsReady  stm32wbxx_ll_rcc.o
    0x0800056a   0x0800056a   0x00000012   Code   RO          606    i.LL_RCC_MSI_GetRange  stm32wbxx_ll_rcc.o
    0x0800057c   0x0800057c   0x0000000c   Code   RO          608    i.LL_RCC_PLL_GetDivider  stm32wbxx_ll_rcc.o
    0x08000588   0x08000588   0x0000000c   Code   RO          609    i.LL_RCC_PLL_GetMainSource  stm32wbxx_ll_rcc.o
    0x08000594   0x08000594   0x0000000c   Code   RO          610    i.LL_RCC_PLL_GetN   stm32wbxx_ll_rcc.o
    0x080005a0   0x080005a0   0x0000000c   Code   RO          329    i.LL_SetSystemCoreClock  stm32wbxx_ll_utils.o
    0x080005ac   0x080005ac   0x000000b8   Code   RO          534    i.LL_USART_Init     stm32wbxx_ll_usart.o
    0x08000664   0x08000664   0x0000001e   Code   RO          330    i.LL_mDelay         stm32wbxx_ll_utils.o
    0x08000682   0x08000682   0x00000002   PAD
    0x08000684   0x08000684   0x000000f4   Code   RO           19    i.MX_GPIO_Init      main.o
    0x08000778   0x08000778   0x00000100   Code   RO           20    i.MX_USART1_UART_Init  main.o
    0x08000878   0x08000878   0x00000002   Code   RO          218    i.MemManage_Handler  stm32wbxx_it.o
    0x0800087a   0x0800087a   0x00000002   Code   RO          219    i.NMI_Handler       stm32wbxx_it.o
    0x0800087c   0x0800087c   0x00000032   Code   RO           21    i.NVIC_EncodePriority  main.o
    0x080008ae   0x080008ae   0x00000002   Code   RO          220    i.PendSV_Handler    stm32wbxx_it.o
    0x080008b0   0x080008b0   0x00000030   Code   RO           23    i.PrintInfo         main.o
    0x080008e0   0x080008e0   0x0000001c   Code   RO          612    i.RCC_GetHCLK1ClockFreq  stm32wbxx_ll_rcc.o
    0x080008fc   0x080008fc   0x00000020   Code   RO          614    i.RCC_GetPCLK2ClockFreq  stm32wbxx_ll_rcc.o
    0x0800091c   0x0800091c   0x00000058   Code   RO          615    i.RCC_GetSystemClockFreq  stm32wbxx_ll_rcc.o
    0x08000974   0x08000974   0x0000006c   Code   RO          622    i.RCC_PLL_GetFreqDomain_SYS  stm32wbxx_ll_rcc.o
    0x080009e0   0x080009e0   0x00000002   Code   RO          221    i.SVC_Handler       stm32wbxx_it.o
    0x080009e2   0x080009e2   0x00000002   PAD
    0x080009e4   0x080009e4   0x00000054   Code   RO           24    i.StartReception    main.o
    0x08000a38   0x08000a38   0x00000002   Code   RO          222    i.SysTick_Handler   stm32wbxx_it.o
    0x08000a3a   0x08000a3a   0x00000002   PAD
    0x08000a3c   0x08000a3c   0x000000b4   Code   RO           25    i.SystemClock_Config  main.o
    0x08000af0   0x08000af0   0x00000064   Code   RO          850    i.SystemInit        system_stm32wbxx.o
    0x08000b54   0x08000b54   0x00000020   Code   RO          223    i.USART1_IRQHandler  stm32wbxx_it.o
    0x08000b74   0x08000b74   0x00000034   Code   RO           26    i.USART_CharReception_Callback  main.o
    0x08000ba8   0x08000ba8   0x00000002   Code   RO          224    i.UsageFault_Handler  stm32wbxx_it.o
    0x08000baa   0x08000baa   0x00000002   PAD
    0x08000bac   0x08000bac   0x0000000c   Code   RO           27    i.UserButton_Callback  main.o
    0x08000bb8   0x08000bb8   0x0000003c   Code   RO           28    i.UserDataTreatment  main.o
    0x08000bf4   0x08000bf4   0x00000034   Code   RO           29    i.WaitForUserButtonPress  main.o
    0x08000c28   0x08000c28   0x0000001a   Code   RO           30    i.__NVIC_EnableIRQ  main.o
    0x08000c42   0x08000c42   0x00000020   Code   RO           31    i.__NVIC_SetPriority  main.o
    0x08000c62   0x08000c62   0x0000000e   Code   RO          910    i.__scatterload_copy  mc_w.l(handlers.o)
    0x08000c70   0x08000c70   0x00000002   Code   RO          911    i.__scatterload_null  mc_w.l(handlers.o)
    0x08000c72   0x08000c72   0x0000000e   Code   RO          912    i.__scatterload_zeroinit  mc_w.l(handlers.o)
    0x08000c80   0x08000c80   0x0000005c   Code   RO           32    i.main              main.o
    0x08000cdc   0x08000cdc   0x00000018   Data   RO          536    .constdata          stm32wbxx_ll_usart.o
    0x08000cf4   0x08000cf4   0x00000080   Data   RO          851    .constdata          system_stm32wbxx.o
    0x08000d74   0x08000d74   0x00000020   Data   RO          852    .constdata          system_stm32wbxx.o
    0x08000d94   0x08000d94   0x00000020   Data   RO          908    Region$$Table       anon$$obj.o


    Execution Region RW_IRAM1 (Exec base: 0x20000008, Load base: 0x08000db4, Size: 0x000004c0, Max: 0x0002fff8, ABSOLUTE)

    Exec Addr    Load Addr    Size         Type   Attr      Idx    E Section Name        Object

    0x20000008   0x08000db4   0x000000a4   Data   RW           34    .data               main.o
    0x200000ac   0x08000e58   0x00000004   Data   RW          854    .data               system_stm32wbxx.o
    0x200000b0        -       0x00000018   Zero   RW           33    .bss                main.o
    0x200000c8        -       0x00000400   Zero   RW            1    STACK               startup_stm32wb55xx_cm4.o


    Execution Region RW_RAM_SHARED (Exec base: 0x20030000, Load base: 0x08000e5c, Size: 0x00000000, Max: 0x00002800, ABSOLUTE)

    **** No section assigned to this execution region ****


==============================================================================

Image component sizes


      Code (inc. data)   RO Data    RW Data    ZI Data      Debug   Object Name

      1324        130          0        164         24     627177   main.o
        36          8        316          0       1024        956   startup_stm32wb55xx_cm4.o
        74         10          0          0          0      35705   stm32wbxx_it.o
       316          6          0          0          0       9375   stm32wbxx_ll_exti.o
       310          0          0          0          0       7595   stm32wbxx_ll_gpio.o
       428         48          0          0          0      42243   stm32wbxx_ll_rcc.o
       184         14         24          0          0      27772   stm32wbxx_ll_usart.o
        68          6          0          0          0       7257   stm32wbxx_ll_utils.o
       100         14        160          4          0       1708   system_stm32wbxx.o

    ----------------------------------------------------------------------
      2850        236        532        168       1048     759788   Object Totals
         0          0         32          0          0          0   (incl. Generated)
        10          0          0          0          0          0   (incl. Padding)

    ----------------------------------------------------------------------

      Code (inc. data)   RO Data    RW Data    ZI Data      Debug   Library Member Name

         0          0          0          0          0          0   entry.o
         0          0          0          0          0          0   entry10a.o
         0          0          0          0          0          0   entry11a.o
         4          0          0          0          0          0   entry12b.o
         8          4          0          0          0          0   entry2.o
         4          0          0          0          0          0   entry5.o
         0          0          0          0          0          0   entry7b.o
         0          0          0          0          0          0   entry8b.o
         8          4          0          0          0          0   entry9a.o
        30          0          0          0          0          0   handlers.o
        36          8          0          0          0         68   init.o
        36          0          0          0          0        108   memseta.o

    ----------------------------------------------------------------------
       126         16          0          0          0        176   Library Totals
         0          0          0          0          0          0   (incl. Padding)

    ----------------------------------------------------------------------

      Code (inc. data)   RO Data    RW Data    ZI Data      Debug   Library Name

       126         16          0          0          0        176   mc_w.l

    ----------------------------------------------------------------------
       126         16          0          0          0        176   Library Totals

    ----------------------------------------------------------------------

==============================================================================


      Code (inc. data)   RO Data    RW Data    ZI Data      Debug   

      2976        252        532        168       1048     755968   Grand Totals
      2976        252        532        168       1048     755968   ELF Image Totals
      2976        252        532        168          0          0   ROM Totals

==============================================================================

    Total RO  Size (Code + RO Data)                 3508 (   3.43kB)
    Total RW  Size (RW Data + ZI Data)              1216 (   1.19kB)
    Total ROM Size (Code + RO Data + RW Data)       3676 (   3.59kB)

==============================================================================

