Component: ARM Compiler 5.06 update 7 (build 960) Tool: armlink [4d3601]

==============================================================================

Section Cross References

    startup_stm32wb55xx_cm4.o(RESET) refers to startup_stm32wb55xx_cm4.o(STACK) for __initial_sp
    startup_stm32wb55xx_cm4.o(RESET) refers to startup_stm32wb55xx_cm4.o(.text) for Reset_Handler
    startup_stm32wb55xx_cm4.o(RESET) refers to stm32wbxx_it.o(i.NMI_Handler) for NMI_Handler
    startup_stm32wb55xx_cm4.o(RESET) refers to stm32wbxx_it.o(i.HardFault_Handler) for HardFault_Handler
    startup_stm32wb55xx_cm4.o(RESET) refers to stm32wbxx_it.o(i.MemManage_Handler) for MemManage_Handler
    startup_stm32wb55xx_cm4.o(RESET) refers to stm32wbxx_it.o(i.BusFault_Handler) for BusFault_Handler
    startup_stm32wb55xx_cm4.o(RESET) refers to stm32wbxx_it.o(i.UsageFault_Handler) for UsageFault_Handler
    startup_stm32wb55xx_cm4.o(RESET) refers to stm32wbxx_it.o(i.SVC_Handler) for SVC_Handler
    startup_stm32wb55xx_cm4.o(RESET) refers to stm32wbxx_it.o(i.DebugMon_Handler) for DebugMon_Handler
    startup_stm32wb55xx_cm4.o(RESET) refers to stm32wbxx_it.o(i.PendSV_Handler) for PendSV_Handler
    startup_stm32wb55xx_cm4.o(RESET) refers to stm32wbxx_it.o(i.SysTick_Handler) for SysTick_Handler
    startup_stm32wb55xx_cm4.o(RESET) refers to stm32wbxx_it.o(i.DMA1_Channel1_IRQHandler) for DMA1_Channel1_IRQHandler
    startup_stm32wb55xx_cm4.o(RESET) refers to stm32wbxx_it.o(i.DMA1_Channel2_IRQHandler) for DMA1_Channel2_IRQHandler
    startup_stm32wb55xx_cm4.o(RESET) refers to stm32wbxx_it.o(i.USART1_IRQHandler) for USART1_IRQHandler
    startup_stm32wb55xx_cm4.o(RESET) refers to stm32wbxx_it.o(i.LPUART1_IRQHandler) for LPUART1_IRQHandler
    startup_stm32wb55xx_cm4.o(RESET) refers to stm32wbxx_it.o(i.IPCC_C1_RX_IRQHandler) for IPCC_C1_RX_IRQHandler
    startup_stm32wb55xx_cm4.o(RESET) refers to stm32wbxx_it.o(i.IPCC_C1_TX_IRQHandler) for IPCC_C1_TX_IRQHandler
    startup_stm32wb55xx_cm4.o(.text) refers to system_stm32wbxx.o(i.SystemInit) for SystemInit
    startup_stm32wb55xx_cm4.o(.text) refers to entry.o(.ARM.Collect$$$$00000000) for __main
    app_entry.o(i.APPE_Init) refers to stm32_lpm.o(i.UTIL_LPM_Init) for UTIL_LPM_Init
    app_entry.o(i.APPE_Init) refers to app_entry.o(i.Init_Debug) for Init_Debug
    app_entry.o(i.APPE_Init) refers to stm32_lpm.o(i.UTIL_LPM_SetOffMode) for UTIL_LPM_SetOffMode
    app_entry.o(i.APPE_Init) refers to stm32wbxx_nucleo.o(i.BSP_LED_Init) for BSP_LED_Init
    app_entry.o(i.APPE_Init) refers to stm32wbxx_nucleo.o(i.BSP_LED_On) for BSP_LED_On
    app_entry.o(i.APPE_Init) refers to stm32wbxx_nucleo.o(i.BSP_PB_Init) for BSP_PB_Init
    app_entry.o(i.APPE_Init) refers to tl_mbox.o(i.TL_Init) for TL_Init
    app_entry.o(i.APPE_Init) refers to stm32_seq.o(i.UTIL_SEQ_RegTask) for UTIL_SEQ_RegTask
    app_entry.o(i.APPE_Init) refers to shci_tl.o(i.shci_init) for shci_init
    app_entry.o(i.APPE_Init) refers to tl_mbox.o(i.TL_MM_Init) for TL_MM_Init
    app_entry.o(i.APPE_Init) refers to tl_mbox.o(i.TL_Enable) for TL_Enable
    app_entry.o(i.APPE_Init) refers to shci_tl.o(i.shci_user_evt_proc) for shci_user_evt_proc
    app_entry.o(i.APPE_Init) refers to app_entry.o(MB_MEM2) for MB_MEM2
    app_entry.o(i.APPE_Init) refers to app_entry.o(i.APPE_SysStatusNot) for APPE_SysStatusNot
    app_entry.o(i.APPE_Init) refers to app_entry.o(i.APPE_SysUserEvtRx) for APPE_SysUserEvtRx
    app_entry.o(i.APPE_SysEvtError) refers to stm_logging.o(i.logApplication) for logApplication
    app_entry.o(i.APPE_SysUserEvtRx) refers to app_entry.o(i.APPE_SysEvtError) for APPE_SysEvtError
    app_entry.o(i.APPE_SysUserEvtRx) refers to tl_mbox.o(i.TL_TRACES_Init) for TL_TRACES_Init
    app_entry.o(i.APPE_SysUserEvtRx) refers to app_lld_tests.o(i.APP_LLDTESTS_Init) for APP_LLDTESTS_Init
    app_entry.o(i.APPE_SysUserEvtRx) refers to stm32_lpm.o(i.UTIL_LPM_SetOffMode) for UTIL_LPM_SetOffMode
    app_entry.o(i.DbgOutputInit) refers to main.o(i.MX_LPUART1_UART_Init) for MX_LPUART1_UART_Init
    app_entry.o(i.DbgOutputTraces) refers to hw_uart.o(i.HW_UART_Transmit_DMA) for HW_UART_Transmit_DMA
    app_entry.o(i.Init_Debug) refers to stm32wbxx_hal.o(i.HAL_DBGMCU_EnableDBGSleepMode) for HAL_DBGMCU_EnableDBGSleepMode
    app_entry.o(i.Init_Debug) refers to dbg_trace.o(i.DbgTraceInit) for DbgTraceInit
    app_entry.o(i.Init_Debug) refers to stm_logging.o(i.logApplication) for logApplication
    app_entry.o(i.TL_TRACES_EvtReceived) refers to dbg_trace.o(i.DbgTraceWrite) for DbgTraceWrite
    app_entry.o(i.TL_TRACES_EvtReceived) refers to tl_mbox.o(i.TL_MM_EvtDone) for TL_MM_EvtDone
    app_entry.o(i.UTIL_SEQ_EvtIdle) refers to stm32_seq.o(i.UTIL_SEQ_Run) for UTIL_SEQ_Run
    app_entry.o(i.UTIL_SEQ_Idle) refers to stm32_lpm.o(i.UTIL_LPM_EnterLowPower) for UTIL_LPM_EnterLowPower
    app_entry.o(i.shci_cmd_resp_release) refers to stm32_seq.o(i.UTIL_SEQ_SetEvt) for UTIL_SEQ_SetEvt
[...]
    txBuffer_rdPtr                           0x20000014   Data           4  app_lld_tests.o(.data)
    pTxBuff_currentWr                        0x20000018   Data           4  app_lld_tests.o(.data)
    txBufferFullCount                        0x2000001c   Data           4  app_lld_tests.o(.data)
    rxBuffer_wrPtr                           0x20000020   Data           4  app_lld_tests.o(.data)
    rxBuffer_rdPtr                           0x20000024   Data           4  app_lld_tests.o(.data)
    currentCommandPos                        0x20000028   Data           4  app_lld_tests.o(.data)
    commandHistoryIdx                        0x2000002c   Data           4  app_lld_tests.o(.data)
    commandHistoryIdxSav                     0x20000030   Data           4  app_lld_tests.o(.data)
    CmdFromM0Array                           0x20000034   Data           8  app_lld_tests.o(.data)
    cliPrompt                                0x2000003c   Data          30  app_lld_tests.o(.data)
    .data                                    0x2000005c   Section        4  hw_ipcc.o(.data)
    FreeBufCb                                0x2000005c   Data           4  hw_ipcc.o(.data)
    .data                                    0x20000060   Section       16  hw_uart.o(.data)
    .data                                    0x20000070   Section        4  main.o(.data)
    .data                                    0x20000074   Section        1  stm32_lpm_if.o(.data)
    .data                                    0x20000078   Section       24  stm32wbxx_nucleo.o(.data)
    .data                                    0x20000090   Section        4  system_stm32wbxx.o(.data)
    .data                                    0x20000094   Section       12  stm32wbxx_hal.o(.data)
    .data                                    0x200000a0   Section        1  dbg_trace.o(.data)
    .data                                    0x200000a4   Section        8  shci_tl.o(.data)
    CmdRspStatusFlag                         0x200000a4   Data           1  shci_tl.o(.data)
    StatusNotCallBackFunction                0x200000a8   Data           4  shci_tl.o(.data)
    .data                                    0x200000ac   Section       28  tl_mbox.o(.data)
    p_mem_manager_table                      0x200000ac   Data           4  tl_mbox.o(.data)
    BLE_IoBusEvtCallBackFunction             0x200000b0   Data           4  tl_mbox.o(.data)
    BLE_IoBusAclDataTxAck                    0x200000b4   Data           4  tl_mbox.o(.data)
    SYS_CMD_IoBusCallBackFunction            0x200000b8   Data           4  tl_mbox.o(.data)
    SYS_EVT_IoBusCallBackFunction            0x200000bc   Data           4  tl_mbox.o(.data)
    LocalFreeBufQueue                        0x200000c0   Data           8  tl_mbox.o(.data)
    .data                                    0x200000c8   Section        8  stm32_lpm.o(.data)
    StopModeDisable                          0x200000c8   Data           4  stm32_lpm.o(.data)
    OffModeDisable                           0x200000cc   Data           4  stm32_lpm.o(.data)
    .data                                    0x200000d0   Section       24  stm32_seq.o(.data)
    TaskMask                                 0x200000d0   Data           4  stm32_seq.o(.data)
    SuperMask                                0x200000d4   Data           4  stm32_seq.o(.data)
    EvtSet                                   0x200000d8   Data           4  stm32_seq.o(.data)
    EvtWaited                                0x200000dc   Data           4  stm32_seq.o(.data)
    CurrentTaskIdx                           0x200000e0   Data           4  stm32_seq.o(.data)
    TaskSet                                  0x200000e4   Data           4  stm32_seq.o(.data)
    .data                                    0x200000e8   Section        4  strtok.o(.data)
    state                                    0x200000e8   Data           4  strtok.o(.data)
    .data                                    0x200000ec   Section        4  stdout.o(.data)
    .data                                    0x200000f0   Section        4  errno.o(.data)
    _errno                                   0x200000f0   Data           4  errno.o(.data)
    HSE_TUNING_INFO_REQUEST                  0x200000f4   Section        4  main.o(HSE_TUNING_INFO_REQUEST)
    SYSTEM_DRIVER_CONTEXT                    0x200000f8   Section       16  shci_tl.o(SYSTEM_DRIVER_CONTEXT)
    SHCICmdStatus                            0x200000f8   Data           1  shci_tl.o(SYSTEM_DRIVER_CONTEXT)
    pCmdBuffer                               0x200000fc   Data           4  shci_tl.o(SYSTEM_DRIVER_CONTEXT)
    SHciAsynchEventQueue                     0x20000100   Data           8  shci_tl.o(SYSTEM_DRIVER_CONTEXT)
    .bss                                     0x20000108   Section    16385  app_lld_tests.o(.bss)
    txBuffer                                 0x20000108   Data        4097  app_lld_tests.o(.bss)
    rxBuffer                                 0x20001109   Data        1024  app_lld_tests.o(.bss)
    currentCommand                           0x20001509   Data        1024  app_lld_tests.o(.bss)
    commandHistory                           0x20001909   Data       10240  app_lld_tests.o(.bss)
    .bss                                     0x2000410c   Section      288  main.o(.bss)
    .bss                                     0x2000422c   Section       96  main.o(.bss)
    .bss                                     0x2000428c   Section       96  main.o(.bss)
    .bss                                     0x200042ec   Section       24  stm32wbxx_hal_flash.o(.bss)
    .bss                                     0x20004304   Section     4128  dbg_trace.o(.bss)
    MsgDbgTraceQueue                         0x20004304   Data          32  dbg_trace.o(.bss)
    MsgDbgTraceQueueBuff                     0x20004324   Data        4096  dbg_trace.o(.bss)
    .bss                                     0x20005324   Section       32  shci_tl.o(.bss)
    shciContext                              0x20005324   Data          32  shci_tl.o(.bss)
    .bss                                     0x20005344   Section      144  stm32_seq.o(.bss)
    TaskCb                                   0x20005344   Data         128  stm32_seq.o(.bss)
    TaskPrio                                 0x200053c4   Data          16  stm32_seq.o(.bss)
    STACK                                    0x200053d8   Section     4096  startup_stm32wb55xx_cm4.o(STACK)
    MAPPING_TABLE                            0x20030000   Section       40  tl_mbox.o(MAPPING_TABLE)
    TL_RefTable                              0x20030000   Data          40  tl_mbox.o(MAPPING_TABLE)
    MB_MEM1                                  0x20030028   Section        8  app_lld_tests.o(MB_MEM1)
    LldTestsConfigBuffer                     0x20030028   Data           8  app_lld_tests.o(MB_MEM1)
    MB_MEM1                                  0x20030030   Section      172  tl_mbox.o(MB_MEM1)
    TL_TracesTable                           0x20030030   Data           4  tl_mbox.o(MB_MEM1)
    TL_LldTestsTable                         0x20030034   Data           8  tl_mbox.o(MB_MEM1)
    TL_BleLldTable                           0x2003003c   Data           8  tl_mbox.o(MB_MEM1)
    TL_SysTable                              0x20030044   Data           8  tl_mbox.o(MB_MEM1)
    FreeBufQueue                             0x2003004c   Data           8  tl_mbox.o(MB_MEM1)
    TracesEvtQueue                           0x20030054   Data           8  tl_mbox.o(MB_MEM1)
    EvtQueue                                 0x2003005c   Data           8  tl_mbox.o(MB_MEM1)
    SystemEvtQueue                           0x20030064   Data           8  tl_mbox.o(MB_MEM1)
    TL_DeviceInfoTable                       0x2003006c   Data          32  tl_mbox.o(MB_MEM1)
    TL_BleTable                              0x2003008c   Data          16  tl_mbox.o(MB_MEM1)
    TL_ThreadTable                           0x2003009c   Data          12  tl_mbox.o(MB_MEM1)
    TL_MemManagerTable                       0x200300a8   Data          28  tl_mbox.o(MB_MEM1)
    TL_Mac_802_15_4_Table                    0x200300c4   Data          12  tl_mbox.o(MB_MEM1)
    TL_Zigbee_Table                          0x200300d0   Data          12  tl_mbox.o(MB_MEM1)
    MB_MEM2                                  0x200300dc   Section     5894  app_entry.o(MB_MEM2)
    EvtPool                                  0x200300dc   Data        5360  app_entry.o(MB_MEM2)
    SystemCmdBuffer                          0x200315cc   Data         267  app_entry.o(MB_MEM2)
    SystemSpareEvtBuffer                     0x200316d8   Data         266  app_entry.o(MB_MEM2)
    MB_MEM2                                  0x200317e4   Section      535  app_lld_tests.o(MB_MEM2)
    LldTestsM0CmdPacket                      0x200317e4   Data         267  app_lld_tests.o(MB_MEM2)
    LldTestsCliCmdRspPacket                  0x200318f0   Data         267  app_lld_tests.o(MB_MEM2)

    Global Symbols

    Symbol Name                              Value     Ov Type        Size  Object(Section)

    BuildAttributes$$THM_ISAv4$E$P$D$K$B$S$7EM$VFPi3$EXTD16$VFPS$VFMA$PE$A:L22UL41UL21$X:L11$S22US41US21$IEEE1$IW$USESV6$~STKCKD$USESV7$~SHL$OSPACE$ROPI$EBA8$MICROLIB$REQ8$PRES8$EABIv2 0x00000000   Number         0  anon$$obj.o ABSOLUTE
    __ARM_use_no_argv                        0x00000000   Number         0  main.o ABSOLUTE
    _printf_a                                0x00000000   Number         0  stubs.o ABSOLUTE
    _printf_c                                0x00000000   Number         0  stubs.o ABSOLUTE
    _printf_charcount                        0x00000000   Number         0  stubs.o ABSOLUTE
    _printf_d                                0x00000000   Number         0  stubs.o ABSOLUTE
    _printf_e                                0x00000000   Number         0  stubs.o ABSOLUTE
    _printf_f                                0x00000000   Number         0  stubs.o ABSOLUTE
    _printf_flags                            0x00000000   Number         0  stubs.o ABSOLUTE
    _printf_fp_dec                           0x00000000   Number         0  stubs.o ABSOLUTE
    _printf_fp_hex                           0x00000000   Number         0  stubs.o ABSOLUTE
    _printf_g                                0x00000000   Number         0  stubs.o ABSOLUTE
    _printf_i                                0x00000000   Number         0  stubs.o ABSOLUTE
    _printf_int_dec                          0x00000000   Number         0  stubs.o ABSOLUTE
    _printf_l                                0x00000000   Number         0  stubs.o ABSOLUTE
    _printf_lc                               0x00000000   Number         0  stubs.o ABSOLUTE
    _printf_ll                               0x00000000   Number         0  stubs.o ABSOLUTE
    _printf_lld                              0x00000000   Number         0  stubs.o ABSOLUTE
    _printf_lli                              0x00000000   Number         0  stubs.o ABSOLUTE
    _printf_llo                              0x00000000   Number         0  stubs.o ABSOLUTE
    _printf_llu                              0x00000000   Number         0  stubs.o ABSOLUTE
    _printf_llx                              0x00000000   Number         0  stubs.o ABSOLUTE
    _printf_longlong_dec                     0x00000000   Number         0  stubs.o ABSOLUTE
    _printf_longlong_hex                     0x00000000   Number         0  stubs.o ABSOLUTE
    _printf_longlong_oct                     0x00000000   Number         0  stubs.o ABSOLUTE
    _printf_ls                               0x00000000   Number         0  stubs.o ABSOLUTE
    _printf_mbtowc                           0x00000000   Number         0  stubs.o ABSOLUTE
    _printf_n                                0x00000000   Number         0  stubs.o ABSOLUTE
    _printf_o                                0x00000000   Number         0  stubs.o ABSOLUTE
    _printf_p                                0x00000000   Number         0  stubs.o ABSOLUTE
    _printf_percent                          0x00000000   Number         0  stubs.o ABSOLUTE
    _printf_pre_padding                      0x00000000   Number         0  stubs.o ABSOLUTE
    _printf_return_value                     0x00000000   Number         0  stubs.o ABSOLUTE
    _printf_s                                0x00000000   Number         0  stubs.o ABSOLUTE
    _printf_sizespec                         0x00000000   Number         0  stubs.o ABSOLUTE
    _printf_str                              0x00000000   Number         0  stubs.o ABSOLUTE
    _printf_truncate_signed                  0x00000000   Number         0  stubs.o ABSOLUTE
    _printf_truncate_unsigned                0x00000000   Number         0  stubs.o ABSOLUTE
    _printf_u                                0x00000000   Number         0  stubs.o ABSOLUTE
    _printf_wc                               0x00000000   Number         0  stubs.o ABSOLUTE
    _printf_wctomb                           0x00000000   Number         0  stubs.o ABSOLUTE
    _printf_widthprec                        0x00000000   Number         0  stubs.o ABSOLUTE
    _printf_x                                0x00000000   Number         0  stubs.o ABSOLUTE
    __arm_fini_                               - Undefined Weak Reference
    __cpp_initialize__aeabi_                  - Undefined Weak Reference
    __cxa_finalize                            - Undefined Weak Reference
    _clock_init                               - Undefined Weak Reference
    _microlib_exit                            - Undefined Weak Reference
    __Vectors_Size                           0x0000013c   Number         0  startup_stm32wb55xx_cm4.o ABSOLUTE
    __Vectors                                0x08000000   Data           4  startup_stm32wb55xx_cm4.o(RESET)
    __Vectors_End                            0x0800013c   Data           0  startup_stm32wb55xx_cm4.o(RESET)
    __main                                   0x0800013d   Thumb Code     0  entry.o(.ARM.Collect$$$$00000000)
    _main_stk                                0x0800013d   Thumb Code     0  entry2.o(.ARM.Collect$$$$00000001)
    _main_scatterload                        0x08000141   Thumb Code     0  entry5.o(.ARM.Collect$$$$00000004)
    __main_after_scatterload                 0x08000145   Thumb Code     0  entry5.o(.ARM.Collect$$$$00000004)
    _main_clock                              0x08000145   Thumb Code     0  entry7b.o(.ARM.Collect$$$$00000008)
    _main_cpp_init                           0x08000145   Thumb Code     0  entry8b.o(.ARM.Collect$$$$0000000A)
    _main_init                               0x08000145   Thumb Code     0  entry9a.o(.ARM.Collect$$$$0000000B)
    __rt_lib_shutdown_fini                   0x0800014d   Thumb Code     0  entry12b.o(.ARM.Collect$$$$0000000E)
    __rt_final_cpp                           0x08000151   Thumb Code     0  entry10a.o(.ARM.Collect$$$$0000000F)
    __rt_final_exit                          0x08000151   Thumb Code     0  entry11a.o(.ARM.Collect$$$$00000011)
    Reset_Handler                            0x08000155   Thumb Code     8  startup_stm32wb55xx_cm4.o(.text)
    ADC1_IRQHandler                          0x0800016f   Thumb Code     0  startup_stm32wb55xx_cm4.o(.text)
    AES1_IRQHandler                          0x0800016f   Thumb Code     0  startup_stm32wb55xx_cm4.o(.text)
    AES2_IRQHandler                          0x0800016f   Thumb Code     0  startup_stm32wb55xx_cm4.o(.text)
    C2SEV_PWR_C2H_IRQHandler                 0x0800016f   Thumb Code     0  startup_stm32wb55xx_cm4.o(.text)
    COMP_IRQHandler                          0x0800016f   Thumb Code     0  startup_stm32wb55xx_cm4.o(.text)
    CRS_IRQHandler                           0x0800016f   Thumb Code     0  startup_stm32wb55xx_cm4.o(.text)
    DMA1_Channel3_IRQHandler                 0x0800016f   Thumb Code     0  startup_stm32wb55xx_cm4.o(.text)
    DMA1_Channel4_IRQHandler                 0x0800016f   Thumb Code     0  startup_stm32wb55xx_cm4.o(.text)
    DMA1_Channel5_IRQHandler                 0x0800016f   Thumb Code     0  startup_stm32wb55xx_cm4.o(.text)
    DMA1_Channel6_IRQHandler                 0x0800016f   Thumb Code     0  startup_stm32wb55xx_cm4.o(.text)
    DMA1_Channel7_IRQHandler                 0x0800016f   Thumb Code     0  startup_stm32wb55xx_cm4.o(.text)
    DMA2_Channel1_IRQHandler                 0x0800016f   Thumb Code     0  startup_stm32wb55xx_cm4.o(.text)
    DMA2_Channel2_IRQHandler                 0x0800016f   Thumb Code     0  startup_stm32wb55xx_cm4.o(.text)
    DMA2_Channel3_IRQHandler                 0x0800016f   Thumb Code     0  startup_stm32wb55xx_cm4.o(.text)
    DMA2_Channel4_IRQHandler                 0x0800016f   Thumb Code     0  startup_stm32wb55xx_cm4.o(.text)
    DMA2_Channel5_IRQHandler                 0x0800016f   Thumb Code     0  startup_stm32wb55xx_cm4.o(.text)
    DMA2_Channel6_IRQHandler                 0x0800016f   Thumb Code     0  startup_stm32wb55xx_cm4.o(.text)
    DMA2_Channel7_IRQHandler                 0x0800016f   Thumb Code     0  startup_stm32wb55xx_cm4.o(.text)
    DMAMUX1_OVR_IRQHandler                   0x0800016f   Thumb Code     0  startup_stm32wb55xx_cm4.o(.text)
    EXTI0_IRQHandler                         0x0800016f   Thumb Code     0  startup_stm32wb55xx_cm4.o(.text)
    EXTI15_10_IRQHandler                     0x0800016f   Thumb Code     0  startup_stm32wb55xx_cm4.o(.text)
    EXTI1_IRQHandler                         0x0800016f   Thumb Code     0  startup_stm32wb55xx_cm4.o(.text)
    EXTI2_IRQHandler                         0x0800016f   Thumb Code     0  startup_stm32wb55xx_cm4.o(.text)
    EXTI3_IRQHandler                         0x0800016f   Thumb Code     0  startup_stm32wb55xx_cm4.o(.text)
    EXTI4_IRQHandler                         0x0800016f   Thumb Code     0  startup_stm32wb55xx_cm4.o(.text)
    EXTI9_5_IRQHandler                       0x0800016f   Thumb Code     0  startup_stm32wb55xx_cm4.o(.text)
    FLASH_IRQHandler                         0x0800016f   Thumb Code     0  startup_stm32wb55xx_cm4.o(.text)
    FPU_IRQHandler                           0x0800016f   Thumb Code     0  startup_stm32wb55xx_cm4.o(.text)
    HSEM_IRQHandler                          0x0800016f   Thumb Code     0  startup_stm32wb55xx_cm4.o(.text)
    I2C1_ER_IRQHandler                       0x0800016f   Thumb Code     0  startup_stm32wb55xx_cm4.o(.text)
    I2C1_EV_IRQHandler                       0x0800016f   Thumb Code     0  startup_stm32wb55xx_cm4.o(.text)
    I2C3_ER_IRQHandler                       0x0800016f   Thumb Code     0  startup_stm32wb55xx_cm4.o(.text)
    I2C3_EV_IRQHandler                       0x0800016f   Thumb Code     0  startup_stm32wb55xx_cm4.o(.text)
    LCD_IRQHandler                           0x0800016f   Thumb Code     0  startup_stm32wb55xx_cm4.o(.text)
    LPTIM1_IRQHandler                        0x0800016f   Thumb Code     0  startup_stm32wb55xx_cm4.o(.text)
    LPTIM2_IRQHandler                        0x0800016f   Thumb Code     0  startup_stm32wb55xx_cm4.o(.text)
    PKA_IRQHandler                           0x0800016f   Thumb Code     0  startup_stm32wb55xx_cm4.o(.text)
    PVD_PVM_IRQHandler                       0x0800016f   Thumb Code     0  startup_stm32wb55xx_cm4.o(.text)
    PWR_SOTF_BLEACT_802ACT_RFPHASE_IRQHandler 0x0800016f   Thumb Code     0  startup_stm32wb55xx_cm4.o(.text)
    QUADSPI_IRQHandler                       0x0800016f   Thumb Code     0  startup_stm32wb55xx_cm4.o(.text)
    RCC_IRQHandler                           0x0800016f   Thumb Code     0  startup_stm32wb55xx_cm4.o(.text)
    RNG_IRQHandler                           0x0800016f   Thumb Code     0  startup_stm32wb55xx_cm4.o(.text)
    RTC_Alarm_IRQHandler                     0x0800016f   Thumb Code     0  startup_stm32wb55xx_cm4.o(.text)
    RTC_WKUP_IRQHandler                      0x0800016f   Thumb Code     0  startup_stm32wb55xx_cm4.o(.text)
    SAI1_IRQHandler                          0x0800016f   Thumb Code     0  startup_stm32wb55xx_cm4.o(.text)
    SPI1_IRQHandler                          0x0800016f   Thumb Code     0  startup_stm32wb55xx_cm4.o(.text)
    SPI2_IRQHandler                          0x0800016f   Thumb Code     0  startup_stm32wb55xx_cm4.o(.text)
    TAMP_STAMP_LSECSS_IRQHandler             0x0800016f   Thumb Code     0  startup_stm32wb55xx_cm4.o(.text)
    TIM1_BRK_IRQHandler                      0x0800016f   Thumb Code     0  startup_stm32wb55xx_cm4.o(.text)
    TIM1_CC_IRQHandler                       0x0800016f   Thumb Code     0  startup_stm32wb55xx_cm4.o(.text)
    TIM1_TRG_COM_TIM17_IRQHandler            0x0800016f   Thumb Code     0  startup_stm32wb55xx_cm4.o(.text)
    TIM1_UP_TIM16_IRQHandler                 0x0800016f   Thumb Code     0  startup_stm32wb55xx_cm4.o(.text)
    TIM2_IRQHandler                          0x0800016f   Thumb Code     0  startup_stm32wb55xx_cm4.o(.text)
    TSC_IRQHandler                           0x0800016f   Thumb Code     0  startup_stm32wb55xx_cm4.o(.text)
    USB_HP_IRQHandler                        0x0800016f   Thumb Code     0  startup_stm32wb55xx_cm4.o(.text)
    USB_LP_IRQHandler                        0x0800016f   Thumb Code     0  startup_stm32wb55xx_cm4.o(.text)
    WWDG_IRQHandler                          0x0800016f   Thumb Code     0  startup_stm32wb55xx_cm4.o(.text)
    us_delay_16m                             0x08000179   Thumb Code     0  app_lld_tests_arm_asm.o(.text)
    us_delay_32m                             0x08000199   Thumb Code     0  app_lld_tests_arm_asm.o(.text)
    __aeabi_uldivmod                         0x080001b9   Thumb Code    98  uldiv.o(.text)
    __aeabi_memcpy                           0x0800021b   Thumb Code    36  memcpya.o(.text)
    __aeabi_memcpy4                          0x0800021b   Thumb Code     0  memcpya.o(.text)
    __aeabi_memcpy8                          0x0800021b   Thumb Code     0  memcpya.o(.text)
    __aeabi_memset                           0x0800023f   Thumb Code    14  memseta.o(.text)
    __aeabi_memset4                          0x0800023f   Thumb Code     0  memseta.o(.text)
    __aeabi_memset8                          0x0800023f   Thumb Code     0  memseta.o(.text)
    __aeabi_memclr                           0x0800024d   Thumb Code     4  memseta.o(.text)
    __aeabi_memclr4                          0x0800024d   Thumb Code     0  memseta.o(.text)
    __aeabi_memclr8                          0x0800024d   Thumb Code     0  memseta.o(.text)
    _memset$wrapper                          0x08000251   Thumb Code    18  memseta.o(.text)
    strlen                                   0x08000263   Thumb Code    14  strlen.o(.text)
    strcmp                                   0x08000271   Thumb Code    28  strcmp.o(.text)
    strcpy                                   0x0800028d   Thumb Code    18  strcpy.o(.text)
    strncmp                                  0x0800029f   Thumb Code    30  strncmp.o(.text)
    strtok                                   0x080002bd   Thumb Code    62  strtok.o(.text)
    atol                                     0x08000301   Thumb Code    26  atol.o(.text)
    __aeabi_uidiv                            0x0800031b   Thumb Code     0  uidiv.o(.text)
    __aeabi_uidivmod                         0x0800031b   Thumb Code    44  uidiv.o(.text)
    __aeabi_llsl                             0x08000347   Thumb Code    30  llshl.o(.text)
    _ll_shift_l                              0x08000347   Thumb Code     0  llshl.o(.text)
    __aeabi_llsr                             0x08000365   Thumb Code    32  llushr.o(.text)
    _ll_ushift_r                             0x08000365   Thumb Code     0  llushr.o(.text)
    strtol                                   0x08000385   Thumb Code   112  strtol.o(.text)
    __I$use$fp                               0x080003f5   Thumb Code     0  iusefp.o(.text)
    __aeabi_dadd                             0x080003f5   Thumb Code   322  dadd.o(.text)
    __aeabi_dsub                             0x08000537   Thumb Code     6  dadd.o(.text)
    __aeabi_drsub                            0x0800053d   Thumb Code     6  dadd.o(.text)
    __aeabi_dmul                             0x08000543   Thumb Code   228  dmul.o(.text)
    __aeabi_ddiv                             0x08000627   Thumb Code   222  ddiv.o(.text)
    __aeabi_d2ulz                            0x08000705   Thumb Code    48  dfixul.o(.text)
    __aeabi_cdrcmple                         0x08000735   Thumb Code    48  cdrcmple.o(.text)
    __scatterload                            0x08000765   Thumb Code    28  init.o(.text)
    __scatterload_rt2                        0x08000765   Thumb Code     0  init.o(.text)
    __aeabi_lasr                             0x08000789   Thumb Code    36  llsshr.o(.text)
    _ll_sshift_r                             0x08000789   Thumb Code     0  llsshr.o(.text)
    __rt_ctype_table                         0x080007ad   Thumb Code     4  ctype_o.o(.text)
    _strtoul                                 0x080007b5   Thumb Code   158  _strtoul.o(.text)
    _double_round                            0x08000853   Thumb Code    30  depilogue.o(.text)
    _double_epilogue                         0x08000871   Thumb Code   156  depilogue.o(.text)
    _chval                                   0x0800090d   Thumb Code    28  _chval.o(.text)
    __decompress                             0x08000929   Thumb Code     0  __dczerorl2.o(.text)
    __decompress1                            0x08000929   Thumb Code    86  __dczerorl2.o(.text)
    APPE_Init                                0x08000981   Thumb Code   136  app_entry.o(i.APPE_Init)
    APP_LLDTESTS_Error                       0x08000d29   Thumb Code    30  app_lld_tests.o(i.APP_LLDTESTS_Error)
    APP_LLDTESTS_Init                        0x08000dd1   Thumb Code   258  app_lld_tests.o(i.APP_LLDTESTS_Init)
    APP_LLDTESTS_Init_TL                     0x08000fe9   Thumb Code    16  app_lld_tests.o(i.APP_LLDTESTS_Init_TL)
    APP_LLDTESTS_Init_UART_CLI               0x08001001   Thumb Code    44  app_lld_tests.o(i.APP_LLDTESTS_Init_UART_CLI)
    BSP_LED_Init                             0x0800109d   Thumb Code    70  stm32wbxx_nucleo.o(i.BSP_LED_Init)
    BSP_LED_Off                              0x080010ed   Thumb Code    18  stm32wbxx_nucleo.o(i.BSP_LED_Off)
    BSP_LED_On                               0x08001109   Thumb Code    18  stm32wbxx_nucleo.o(i.BSP_LED_On)
    BSP_LED_Toggle                           0x08001125   Thumb Code    16  stm32wbxx_nucleo.o(i.BSP_LED_Toggle)
    BSP_PB_Init                              0x0800113d   Thumb Code   132  stm32wbxx_nucleo.o(i.BSP_PB_Init)
    BusFault_Handler                         0x080011c9   Thumb Code     2  stm32wbxx_it.o(i.BusFault_Handler)
    CircularQueue_Add                        0x080011cb   Thumb Code   480  stm_queue.o(i.CircularQueue_Add)
    CircularQueue_Init                       0x080013ab   Thumb Code    36  stm_queue.o(i.CircularQueue_Init)
    CircularQueue_Remove                     0x080013cf   Thumb Code   192  stm_queue.o(i.CircularQueue_Remove)
    CircularQueue_Sense                      0x0800148f   Thumb Code   150  stm_queue.o(i.CircularQueue_Sense)
    Config_HSE_tuning                        0x08001551   Thumb Code   112  main.o(i.Config_HSE_tuning)
    DMA1_Channel1_IRQHandler                 0x08001635   Thumb Code     6  stm32wbxx_it.o(i.DMA1_Channel1_IRQHandler)
    DMA1_Channel2_IRQHandler                 0x08001641   Thumb Code     6  stm32wbxx_it.o(i.DMA1_Channel2_IRQHandler)
    DbgOutputInit                            0x080016f3   Thumb Code     4  app_entry.o(i.DbgOutputInit)
    DbgOutputTraces                          0x080016f7   Thumb Code    12  app_entry.o(i.DbgOutputTraces)
    DbgTraceInit                             0x08001705   Thumb Code    26  dbg_trace.o(i.DbgTraceInit)
    DbgTraceWrite                            0x08001725   Thumb Code    76  dbg_trace.o(i.DbgTraceWrite)
    DebugMon_Handler                         0x080017c1   Thumb Code     2  stm32wbxx_it.o(i.DebugMon_Handler)
    Error_Handler                            0x080017c3   Thumb Code     2  main.o(i.Error_Handler)
    FLASH_PageErase                          0x08001819   Thumb Code    20  stm32wbxx_hal_flash_ex.o(i.FLASH_PageErase)
    FLASH_WaitForLastOperation               0x08001885   Thumb Code   112  stm32wbxx_hal_flash.o(i.FLASH_WaitForLastOperation)
    HAL_DBGMCU_EnableDBGSleepMode            0x080018fd   Thumb Code    12  stm32wbxx_hal.o(i.HAL_DBGMCU_EnableDBGSleepMode)
    HAL_DMAEx_ConfigMuxSync                  0x0800190d   Thumb Code    80  stm32wbxx_hal_dma_ex.o(i.HAL_DMAEx_ConfigMuxSync)
    HAL_DMA_Abort                            0x08001965   Thumb Code   110  stm32wbxx_hal_dma.o(i.HAL_DMA_Abort)
    HAL_DMA_Abort_IT                         0x080019d3   Thumb Code   112  stm32wbxx_hal_dma.o(i.HAL_DMA_Abort_IT)
    HAL_DMA_DeInit                           0x08001a45   Thumb Code   154  stm32wbxx_hal_dma.o(i.HAL_DMA_DeInit)
    HAL_DMA_IRQHandler                       0x08001aed   Thumb Code   186  stm32wbxx_hal_dma.o(i.HAL_DMA_IRQHandler)
    HAL_DMA_Init                             0x08001ba9   Thumb Code   182  stm32wbxx_hal_dma.o(i.HAL_DMA_Init)
    HAL_DMA_Start_IT                         0x08001c6d   Thumb Code   140  stm32wbxx_hal_dma.o(i.HAL_DMA_Start_IT)
    HAL_Delay                                0x08001cf9   Thumb Code    16  main.o(i.HAL_Delay)
    HAL_FLASHEx_Erase                        0x08001d09   Thumb Code   122  stm32wbxx_hal_flash_ex.o(i.HAL_FLASHEx_Erase)
    HAL_FLASH_Program                        0x08001d8d   Thumb Code    90  stm32wbxx_hal_flash.o(i.HAL_FLASH_Program)
    HAL_FLASH_Unlock                         0x08001df1   Thumb Code    28  stm32wbxx_hal_flash.o(i.HAL_FLASH_Unlock)
    HAL_GPIO_DeInit                          0x08001e19   Thumb Code   290  stm32wbxx_hal_gpio.o(i.HAL_GPIO_DeInit)
    HAL_GPIO_Init                            0x08001f55   Thumb Code   488  stm32wbxx_hal_gpio.o(i.HAL_GPIO_Init)
    HAL_GPIO_TogglePin                       0x08002155   Thumb Code    16  stm32wbxx_hal_gpio.o(i.HAL_GPIO_TogglePin)
    HAL_GPIO_WritePin                        0x08002165   Thumb Code    10  stm32wbxx_hal_gpio.o(i.HAL_GPIO_WritePin)
    HAL_GetDEVID                             0x08002171   Thumb Code    10  stm32wbxx_hal.o(i.HAL_GetDEVID)
    HAL_GetREVID                             0x08002181   Thumb Code     8  stm32wbxx_hal.o(i.HAL_GetREVID)
    HAL_GetTick                              0x0800218d   Thumb Code     6  stm32wbxx_hal.o(i.HAL_GetTick)
    HAL_GetTickPrio                          0x08002199   Thumb Code     6  stm32wbxx_hal.o(i.HAL_GetTickPrio)
    HAL_Init                                 0x080021a5   Thumb Code    40  stm32wbxx_hal.o(i.HAL_Init)
    HAL_InitTick                             0x080021d1   Thumb Code     4  main.o(i.HAL_InitTick)
    HAL_MspInit                              0x080021d5   Thumb Code    42  stm32wbxx_hal_msp.o(i.HAL_MspInit)
    HAL_NVIC_DisableIRQ                      0x080021ff   Thumb Code    34  stm32wbxx_hal_cortex.o(i.HAL_NVIC_DisableIRQ)
    HAL_NVIC_EnableIRQ                       0x08002221   Thumb Code    26  stm32wbxx_hal_cortex.o(i.HAL_NVIC_EnableIRQ)
    HAL_NVIC_SetPriority                     0x0800223d   Thumb Code    60  stm32wbxx_hal_cortex.o(i.HAL_NVIC_SetPriority)
    HAL_NVIC_SetPriorityGrouping             0x0800227d   Thumb Code    26  stm32wbxx_hal_cortex.o(i.HAL_NVIC_SetPriorityGrouping)
    HAL_PWREx_GetVoltageRange                0x080022a1   Thumb Code    10  stm32wbxx_hal_pwr_ex.o(i.HAL_PWREx_GetVoltageRange)
    HAL_PWR_EnableBkUpAccess                 0x080022b1   Thumb Code    12  stm32wbxx_hal_pwr.o(i.HAL_PWR_EnableBkUpAccess)
    HAL_RCCEx_PeriphCLKConfig                0x080022c1   Thumb Code   530  stm32wbxx_hal_rcc_ex.o(i.HAL_RCCEx_PeriphCLKConfig)
    HAL_RCC_ClockConfig                      0x080024d5   Thumb Code   496  stm32wbxx_hal_rcc.o(i.HAL_RCC_ClockConfig)
    HAL_RCC_GetHCLKFreq                      0x080026cd   Thumb Code    30  stm32wbxx_hal_rcc.o(i.HAL_RCC_GetHCLKFreq)
    HAL_RCC_GetPCLK1Freq                     0x080026f1   Thumb Code    32  stm32wbxx_hal_rcc.o(i.HAL_RCC_GetPCLK1Freq)
    HAL_RCC_GetPCLK2Freq                     0x08002715   Thumb Code    32  stm32wbxx_hal_rcc.o(i.HAL_RCC_GetPCLK2Freq)
    HAL_RCC_GetSysClockFreq                  0x08002739   Thumb Code   140  stm32wbxx_hal_rcc.o(i.HAL_RCC_GetSysClockFreq)
    HAL_RCC_OscConfig                        0x080027cd   Thumb Code  1406  stm32wbxx_hal_rcc.o(i.HAL_RCC_OscConfig)
    HAL_ResumeTick                           0x08002d51   Thumb Code     2  main.o(i.HAL_ResumeTick)
    HAL_SuspendTick                          0x08002d53   Thumb Code     2  main.o(i.HAL_SuspendTick)
    HAL_UARTEx_DisableFifoMode               0x08002d55   Thumb Code    62  stm32wbxx_hal_uart_ex.o(i.HAL_UARTEx_DisableFifoMode)
    HAL_UARTEx_RxEventCallback               0x08002d93   Thumb Code     2  stm32wbxx_hal_uart.o(i.HAL_UARTEx_RxEventCallback)
    HAL_UARTEx_RxFifoFullCallback            0x08002d95   Thumb Code     2  stm32wbxx_hal_uart_ex.o(i.HAL_UARTEx_RxFifoFullCallback)
    HAL_UARTEx_SetRxFifoThreshold            0x08002d97   Thumb Code    76  stm32wbxx_hal_uart_ex.o(i.HAL_UARTEx_SetRxFifoThreshold)
    HAL_UARTEx_SetTxFifoThreshold            0x08002de3   Thumb Code    76  stm32wbxx_hal_uart_ex.o(i.HAL_UARTEx_SetTxFifoThreshold)
    HAL_UARTEx_TxFifoEmptyCallback           0x08002e2f   Thumb Code     2  stm32wbxx_hal_uart_ex.o(i.HAL_UARTEx_TxFifoEmptyCallback)
    HAL_UARTEx_WakeupCallback                0x08002e31   Thumb Code     2  stm32wbxx_hal_uart_ex.o(i.HAL_UARTEx_WakeupCallback)
    HAL_UART_DeInit                          0x08002e33   Thumb Code    68  stm32wbxx_hal_uart.o(i.HAL_UART_DeInit)
    HAL_UART_ErrorCallback                   0x08002e77   Thumb Code     2  stm32wbxx_hal_uart.o(i.HAL_UART_ErrorCallback)
    HAL_UART_IRQHandler                      0x08002e79   Thumb Code   722  stm32wbxx_hal_uart.o(i.HAL_UART_IRQHandler)
    HAL_UART_Init                            0x08003159   Thumb Code   106  stm32wbxx_hal_uart.o(i.HAL_UART_Init)
    HAL_UART_MspDeInit                       0x080031c5   Thumb Code    78  stm32wbxx_hal_msp.o(i.HAL_UART_MspDeInit)
    HAL_UART_MspInit                         0x0800321d   Thumb Code   232  stm32wbxx_hal_msp.o(i.HAL_UART_MspInit)
    HAL_UART_Receive_IT                      0x08003319   Thumb Code    80  stm32wbxx_hal_uart.o(i.HAL_UART_Receive_IT)
    HAL_UART_RxCpltCallback                  0x0800336d   Thumb Code    30  hw_uart.o(i.HAL_UART_RxCpltCallback)
    HAL_UART_Transmit_DMA                    0x08003395   Thumb Code   150  stm32wbxx_hal_uart.o(i.HAL_UART_Transmit_DMA)
    HAL_UART_Transmit_IT                     0x08003439   Thumb Code   156  stm32wbxx_hal_uart.o(i.HAL_UART_Transmit_IT)
    HAL_UART_TxCpltCallback                  0x080034e5   Thumb Code    30  hw_uart.o(i.HAL_UART_TxCpltCallback)
    HAL_UART_TxHalfCpltCallback              0x0800350d   Thumb Code     2  stm32wbxx_hal_uart.o(i.HAL_UART_TxHalfCpltCallback)
    HW_IPCC_BLE_AclDataAckNot                0x08003511   Thumb Code     6  tl_mbox.o(i.HW_IPCC_BLE_AclDataAckNot)
    HW_IPCC_BLE_RxEvtNot                     0x0800351d   Thumb Code    54  tl_mbox.o(i.HW_IPCC_BLE_RxEvtNot)
    HW_IPCC_Enable                           0x0800355d   Thumb Code    66  hw_ipcc.o(i.HW_IPCC_Enable)
    HW_IPCC_Init                             0x080035a9   Thumb Code    56  hw_ipcc.o(i.HW_IPCC_Init)
    HW_IPCC_LLDTESTS_Init                    0x080035e5   Thumb Code    20  hw_ipcc.o(i.HW_IPCC_LLDTESTS_Init)
    HW_IPCC_LLDTESTS_ReceiveCliRsp           0x080035fd   Thumb Code    14  tl_mbox.o(i.HW_IPCC_LLDTESTS_ReceiveCliRsp)
    HW_IPCC_LLDTESTS_ReceiveM0Cmd            0x08003611   Thumb Code    14  tl_mbox.o(i.HW_IPCC_LLDTESTS_ReceiveM0Cmd)
    HW_IPCC_LLDTESTS_SendCliCmd              0x08003625   Thumb Code    10  hw_ipcc.o(i.HW_IPCC_LLDTESTS_SendCliCmd)
    HW_IPCC_LLDTESTS_SendCliRspAck           0x08003635   Thumb Code    16  hw_ipcc.o(i.HW_IPCC_LLDTESTS_SendCliRspAck)
    HW_IPCC_LLDTESTS_SendM0CmdAck            0x08003649   Thumb Code    16  hw_ipcc.o(i.HW_IPCC_LLDTESTS_SendM0CmdAck)
    HW_IPCC_MM_SendFreeBuf                   0x0800365d   Thumb Code    40  hw_ipcc.o(i.HW_IPCC_MM_SendFreeBuf)
    HW_IPCC_Rx_Handler                       0x0800368d   Thumb Code   152  hw_ipcc.o(i.HW_IPCC_Rx_Handler)
    HW_IPCC_SYS_CmdEvtNot                    0x08003729   Thumb Code    28  tl_mbox.o(i.HW_IPCC_SYS_CmdEvtNot)
    HW_IPCC_SYS_EvtNot                       0x0800374d   Thumb Code    40  tl_mbox.o(i.HW_IPCC_SYS_EvtNot)
    HW_IPCC_SYS_Init                         0x0800377d   Thumb Code    12  hw_ipcc.o(i.HW_IPCC_SYS_Init)
    HW_IPCC_SYS_SendCmd                      0x0800378d   Thumb Code    18  hw_ipcc.o(i.HW_IPCC_SYS_SendCmd)
    HW_IPCC_TRACES_EvtNot                    0x080037a5   Thumb Code    30  tl_mbox.o(i.HW_IPCC_TRACES_EvtNot)
    HW_IPCC_TRACES_Init                      0x080037c9   Thumb Code    12  hw_ipcc.o(i.HW_IPCC_TRACES_Init)
    HW_IPCC_Tx_Handler                       0x080037d9   Thumb Code   112  hw_ipcc.o(i.HW_IPCC_Tx_Handler)
    HW_UART_Receive_IT                       0x08003851   Thumb Code    74  hw_uart.o(i.HW_UART_Receive_IT)
    HW_UART_Transmit_DMA                     0x080038b1   Thumb Code    74  hw_uart.o(i.HW_UART_Transmit_DMA)
    HW_UART_Transmit_IT                      0x08003911   Thumb Code    74  hw_uart.o(i.HW_UART_Transmit_IT)
    HW_UART_Transmit_LL                      0x08003971   Thumb Code    42  hw_uart.o(i.HW_UART_Transmit_LL)
    HardFault_Handler                        0x080039a5   Thumb Code     6  stm32wbxx_it.o(i.HardFault_Handler)
    IPCC_C1_RX_IRQHandler                    0x080039ab   Thumb Code     4  stm32wbxx_it.o(i.IPCC_C1_RX_IRQHandler)
    IPCC_C1_TX_IRQHandler                    0x080039af   Thumb Code     4  stm32wbxx_it.o(i.IPCC_C1_TX_IRQHandler)
    LPUART1_IRQHandler                       0x08003c29   Thumb Code     6  stm32wbxx_it.o(i.LPUART1_IRQHandler)
    LST_init_head                            0x08003c35   Thumb Code     6  stm_list.o(i.LST_init_head)
    LST_insert_head                          0x08003c3b   Thumb Code    24  stm_list.o(i.LST_insert_head)
    LST_insert_tail                          0x08003c53   Thumb Code    24  stm_list.o(i.LST_insert_tail)
    LST_is_empty                             0x08003c6b   Thumb Code    24  stm_list.o(i.LST_is_empty)
    LST_remove_head                          0x08003c83   Thumb Code    24  stm_list.o(i.LST_remove_head)
    LST_remove_node                          0x08003c9b   Thumb Code    24  stm_list.o(i.LST_remove_node)
    MX_LPUART1_UART_DeInit                   0x08003cb5   Thumb Code    40  main.o(i.MX_LPUART1_UART_DeInit)
    MX_LPUART1_UART_Init                     0x08003ce5   Thumb Code    68  main.o(i.MX_LPUART1_UART_Init)
    MX_USART1_UART_DeInit                    0x08003d31   Thumb Code    40  main.o(i.MX_USART1_UART_DeInit)
    MX_USART1_UART_Init                      0x08003d61   Thumb Code    68  main.o(i.MX_USART1_UART_Init)
    MemManage_Handler                        0x08003dad   Thumb Code     2  stm32wbxx_it.o(i.MemManage_Handler)
    NMI_Handler                              0x08003daf   Thumb Code     2  stm32wbxx_it.o(i.NMI_Handler)
    OTP_Read                                 0x08003db1   Thumb Code    30  otp.o(i.OTP_Read)
    PWR_EnterOffMode                         0x08003ddd   Thumb Code    38  stm32_lpm_if.o(i.PWR_EnterOffMode)
    PWR_EnterSleepMode                       0x08003e11   Thumb Code    26  stm32_lpm_if.o(i.PWR_EnterSleepMode)
    PWR_EnterStopMode                        0x08003e35   Thumb Code    90  stm32_lpm_if.o(i.PWR_EnterStopMode)
    PWR_ExitOffMode                          0x08003ea1   Thumb Code    10  stm32_lpm_if.o(i.PWR_ExitOffMode)
    PWR_ExitSleepMode                        0x08003eb1   Thumb Code    10  stm32_lpm_if.o(i.PWR_ExitSleepMode)
    PWR_ExitStopMode                         0x08003ec1   Thumb Code    86  stm32_lpm_if.o(i.PWR_ExitStopMode)
    PendSV_Handler                           0x08003f21   Thumb Code     2  stm32wbxx_it.o(i.PendSV_Handler)
    SEQ_BitPosition                          0x080041d5   Thumb Code    46  stm32_seq.o(i.SEQ_BitPosition)
    SHCI_C2_ExtpaConfig                      0x08004209   Thumb Code    38  shci.o(i.SHCI_C2_ExtpaConfig)
    SHCI_C2_LLDTESTS_Init                    0x0800422f   Thumb Code    24  shci.o(i.SHCI_C2_LLDTESTS_Init)
    SHCI_GetWirelessFwInfo                   0x08004249   Thumb Code   116  shci.o(i.SHCI_GetWirelessFwInfo)
    SVC_Handler                              0x080042c9   Thumb Code     2  stm32wbxx_it.o(i.SVC_Handler)
    SysTick_Handler                          0x08004367   Thumb Code     2  stm32wbxx_it.o(i.SysTick_Handler)
    SystemClock_Config                       0x08004369   Thumb Code    92  main.o(i.SystemClock_Config)
    SystemClock_Config_HSE                   0x080043c9   Thumb Code   172  main.o(i.SystemClock_Config_HSE)
    SystemClock_Config_MSI                   0x08004475   Thumb Code   168  main.o(i.SystemClock_Config_MSI)
    SystemInit                               0x0800451d   Thumb Code    86  system_stm32wbxx.o(i.SystemInit)
    TL_Enable                                0x08004581   Thumb Code     4  tl_mbox.o(i.TL_Enable)
    TL_Init                                  0x08004585   Thumb Code    46  tl_mbox.o(i.TL_Init)
    TL_LLDTESTS_Init                         0x080045bd   Thumb Code    16  tl_mbox.o(i.TL_LLDTESTS_Init)
    TL_LLDTESTS_ReceiveCliRsp                0x080045d1   Thumb Code    78  app_lld_tests.o(i.TL_LLDTESTS_ReceiveCliRsp)
    TL_LLDTESTS_ReceiveM0Cmd                 0x08004661   Thumb Code   394  app_lld_tests.o(i.TL_LLDTESTS_ReceiveM0Cmd)
    TL_LLDTESTS_SendCliCmd                   0x08004959   Thumb Code    14  tl_mbox.o(i.TL_LLDTESTS_SendCliCmd)
    TL_LLDTESTS_SendCliRspAck                0x0800496d   Thumb Code     4  tl_mbox.o(i.TL_LLDTESTS_SendCliRspAck)
    TL_LLDTESTS_SendM0CmdAck                 0x08004971   Thumb Code     4  tl_mbox.o(i.TL_LLDTESTS_SendM0CmdAck)
    TL_MM_EvtDone                            0x08004975   Thumb Code    30  tl_mbox.o(i.TL_MM_EvtDone)
    TL_MM_Init                               0x0800499d   Thumb Code    56  tl_mbox.o(i.TL_MM_Init)
    TL_SYS_Init                              0x080049e1   Thumb Code    40  tl_mbox.o(i.TL_SYS_Init)
    TL_SYS_SendCmd                           0x08004a15   Thumb Code    30  tl_mbox.o(i.TL_SYS_SendCmd)
    TL_TRACES_EvtReceived                    0x08004a39   Thumb Code    28  app_entry.o(i.TL_TRACES_EvtReceived)
    TL_TRACES_Init                           0x08004a55   Thumb Code    24  tl_mbox.o(i.TL_TRACES_Init)
    UART_AdvFeatureConfig                    0x08004add   Thumb Code   200  stm32wbxx_hal_uart.o(i.UART_AdvFeatureConfig)
    UART_CheckIdleState                      0x08004ba5   Thumb Code    96  stm32wbxx_hal_uart.o(i.UART_CheckIdleState)
    UART_SetConfig                           0x08005165   Thumb Code   482  stm32wbxx_hal_uart.o(i.UART_SetConfig)
    UART_Start_Receive_IT                    0x08005365   Thumb Code   234  stm32wbxx_hal_uart.o(i.UART_Start_Receive_IT)
    UART_WaitOnFlagUntilTimeout              0x080055d3   Thumb Code   198  stm32wbxx_hal_uart.o(i.UART_WaitOnFlagUntilTimeout)
    USART1_IRQHandler                        0x08005699   Thumb Code     6  stm32wbxx_it.o(i.USART1_IRQHandler)
    UTIL_LPM_EnterLowPower                   0x080056a5   Thumb Code    50  stm32_lpm.o(i.UTIL_LPM_EnterLowPower)
    UTIL_LPM_Init                            0x080056e1   Thumb Code    10  stm32_lpm.o(i.UTIL_LPM_Init)
    UTIL_LPM_SetOffMode                      0x080056f1   Thumb Code    32  stm32_lpm.o(i.UTIL_LPM_SetOffMode)
    UTIL_LPM_SetStopMode                     0x08005715   Thumb Code    32  stm32_lpm.o(i.UTIL_LPM_SetStopMode)
    UTIL_SEQ_EvtIdle                         0x08005739   Thumb Code     8  app_entry.o(i.UTIL_SEQ_EvtIdle)
    UTIL_SEQ_Idle                            0x08005741   Thumb Code     4  app_entry.o(i.UTIL_SEQ_Idle)
    UTIL_SEQ_PostIdle                        0x08005745   Thumb Code     2  stm32_seq.o(i.UTIL_SEQ_PostIdle)
    UTIL_SEQ_PreIdle                         0x08005747   Thumb Code     2  stm32_seq.o(i.UTIL_SEQ_PreIdle)
    UTIL_SEQ_RegTask                         0x08005749   Thumb Code    26  stm32_seq.o(i.UTIL_SEQ_RegTask)
    UTIL_SEQ_Run                             0x08005769   Thumb Code   212  stm32_seq.o(i.UTIL_SEQ_Run)
    UTIL_SEQ_SetEvt                          0x08005845   Thumb Code    20  stm32_seq.o(i.UTIL_SEQ_SetEvt)
    UTIL_SEQ_SetTask                         0x0800585d   Thumb Code    34  stm32_seq.o(i.UTIL_SEQ_SetTask)
    UTIL_SEQ_WaitEvt                         0x08005889   Thumb Code    66  stm32_seq.o(i.UTIL_SEQ_WaitEvt)
    UsageFault_Handler                       0x080058d1   Thumb Code     2  stm32wbxx_it.o(i.UsageFault_Handler)
    __0printf                                0x080058d5   Thumb Code    22  printfa.o(i.__0printf)
    __1printf                                0x080058d5   Thumb Code     0  printfa.o(i.__0printf)
    __2printf                                0x080058d5   Thumb Code     0  printfa.o(i.__0printf)
    __c89printf                              0x080058d5   Thumb Code     0  printfa.o(i.__0printf)
    printf                                   0x080058d5   Thumb Code     0  printfa.o(i.__0printf)
    __0snprintf                              0x080058f5   Thumb Code    48  printfa.o(i.__0snprintf)
    __1snprintf                              0x080058f5   Thumb Code     0  printfa.o(i.__0snprintf)
    __2snprintf                              0x080058f5   Thumb Code     0  printfa.o(i.__0snprintf)
    __c89snprintf                            0x080058f5   Thumb Code     0  printfa.o(i.__0snprintf)
    snprintf                                 0x080058f5   Thumb Code     0  printfa.o(i.__0snprintf)
    __0sprintf                               0x08005929   Thumb Code    34  printfa.o(i.__0sprintf)
    __1sprintf                               0x08005929   Thumb Code     0  printfa.o(i.__0sprintf)
    __2sprintf                               0x08005929   Thumb Code     0  printfa.o(i.__0sprintf)
    __c89sprintf                             0x08005929   Thumb Code     0  printfa.o(i.__0sprintf)
    sprintf                                  0x08005929   Thumb Code     0  printfa.o(i.__0sprintf)
    __0vsnprintf                             0x08005951   Thumb Code    46  printfa.o(i.__0vsnprintf)
    __1vsnprintf                             0x08005951   Thumb Code     0  printfa.o(i.__0vsnprintf)
    __2vsnprintf                             0x08005951   Thumb Code     0  printfa.o(i.__0vsnprintf)
    __c89vsnprintf                           0x08005951   Thumb Code     0  printfa.o(i.__0vsnprintf)
    vsnprintf                                0x08005951   Thumb Code     0  printfa.o(i.__0vsnprintf)
    __aeabi_errno_addr                       0x080059a5   Thumb Code     4  errno.o(i.__aeabi_errno_addr)
    __rt_errno_addr                          0x080059a5   Thumb Code     0  errno.o(i.__aeabi_errno_addr)
    __scatterload_copy                       0x080059ad   Thumb Code    14  handlers.o(i.__scatterload_copy)
    __scatterload_null                       0x080059bb   Thumb Code     2  handlers.o(i.__scatterload_null)
    __scatterload_zeroinit                   0x080059bd   Thumb Code    14  handlers.o(i.__scatterload_zeroinit)
    fputc                                    0x08006277   Thumb Code    22  dbg_trace.o(i.fputc)
    gpio_lld_extPa_deInit                    0x0800628d   Thumb Code    26  gpio_lld.o(i.gpio_lld_extPa_deInit)
    gpio_lld_extPa_init                      0x080062ad   Thumb Code    62  gpio_lld.o(i.gpio_lld_extPa_init)
    gpio_lld_lpuart_deInit                   0x080062f1   Thumb Code     8  gpio_lld.o(i.gpio_lld_lpuart_deInit)
    gpio_lld_lpuart_init                     0x080062fd   Thumb Code    40  gpio_lld.o(i.gpio_lld_lpuart_init)
    gpio_lld_phy_gpioHardFault_up            0x08006329   Thumb Code    12  gpio_lld.o(i.gpio_lld_phy_gpioHardFault_up)
    gpio_lld_usart_deInit                    0x08006335   Thumb Code    24  gpio_lld.o(i.gpio_lld_usart_deInit)
    gpio_lld_usart_init                      0x08006351   Thumb Code    42  gpio_lld.o(i.gpio_lld_usart_init)
    logApplication                           0x08006381   Thumb Code   128  stm_logging.o(i.logApplication)
    main                                     0x080066e9   Thumb Code   166  main.o(i.main)
    shci_cmd_resp_release                    0x080067a1   Thumb Code     6  app_entry.o(i.shci_cmd_resp_release)
    shci_cmd_resp_wait                       0x080067a7   Thumb Code     6  app_entry.o(i.shci_cmd_resp_wait)
    shci_init                                0x080067ad   Thumb Code    66  shci_tl.o(i.shci_init)
    shci_notify_asynch_evt                   0x08006805   Thumb Code     8  app_entry.o(i.shci_notify_asynch_evt)
    shci_register_io_bus                     0x0800680d   Thumb Code    10  shci_tl_if.o(i.shci_register_io_bus)
    shci_send                                0x08006821   Thumb Code    82  shci_tl.o(i.shci_send)
    shci_user_evt_proc                       0x0800687d   Thumb Code    98  shci_tl.o(i.shci_user_evt_proc)
    UTIL_PowerDriver                         0x08006cc4   Data          24  stm32_lpm_if.o(.constdata)
    BUTTON_IRQn                              0x08006cdc   Data           3  stm32wbxx_nucleo.o(.constdata)
    GPIO_PIN                                 0x08006ce0   Data           6  stm32wbxx_nucleo.o(.constdata)
    BUTTON_PIN                               0x08006ce6   Data           6  stm32wbxx_nucleo.o(.constdata)
    AHBPrescTable                            0x08006cec   Data          64  system_stm32wbxx.o(.constdata)
    MSIRangeTable                            0x08006d2c   Data          64  system_stm32wbxx.o(.constdata)
    APBPrescTable                            0x08006d6c   Data          32  system_stm32wbxx.o(.constdata)
    UARTPrescTable                           0x08006db8   Data          24  stm32wbxx_hal_uart.o(.constdata)
    __ctype_table                            0x08006df0   Data         129  ctype_o.o(.constdata)
    Region$$Table$$Base                      0x08006ebc   Number         0  anon$$obj.o(Region$$Table)
    Region$$Table$$Limit                     0x08006eec   Number         0  anon$$obj.o(Region$$Table)
    HW_huart1RxCb                            0x20000060   Data           4  hw_uart.o(.data)
    HW_huart1TxCb                            0x20000064   Data           4  hw_uart.o(.data)
    HW_hlpuart1RxCb                          0x20000068   Data           4  hw_uart.o(.data)
    HW_hlpuart1TxCb                          0x2000006c   Data           4  hw_uart.o(.data)
    pHSETuningInfo                           0x20000070   Data           4  main.o(.data)
    M4_LPM_mode                              0x20000074   Data           1  stm32_lpm_if.o(.data)
    GPIO_PORT                                0x20000078   Data          12  stm32wbxx_nucleo.o(.data)
    BUTTON_PORT                              0x20000084   Data          12  stm32wbxx_nucleo.o(.data)
    SystemCoreClock                          0x20000090   Data           4  system_stm32wbxx.o(.data)
    uwTickFreq                               0x20000094   Data           1  stm32wbxx_hal.o(.data)
    uwTickPrio                               0x20000098   Data           4  stm32wbxx_hal.o(.data)
    uwTick                                   0x2000009c   Data           4  stm32wbxx_hal.o(.data)
    DbgTracePeripheralReady                  0x200000a0   Data           1  dbg_trace.o(.data)
    __stdout                                 0x200000ec   Data           4  stdout.o(.data)
    HSETuningInfo                            0x200000f4   Data           4  main.o(HSE_TUNING_INFO_REQUEST)
    SHCI_TL_UserEventFlow                    0x200000f9   Data           1  shci_tl.o(SYSTEM_DRIVER_CONTEXT)
    hlpuart1                                 0x2000410c   Data         144  main.o(.bss)
    huart1                                   0x2000419c   Data         144  main.o(.bss)
    hdma_lpuart1_tx                          0x2000422c   Data          96  main.o(.bss)
    hdma_usart1_tx                           0x2000428c   Data          96  main.o(.bss)
    pFlash                                   0x200042ec   Data          24  stm32wbxx_hal_flash.o(.bss)
    __initial_sp                             0x200063d8   Data           0  startup_stm32wb55xx_cm4.o(STACK)



==============================================================================

Memory Map of the image

  Image Entry point : 0x0800013d

  Load Region LR_IROM1 (Base: 0x08000000, Size: 0x000089e8, Max: 0x00080000, ABSOLUTE, COMPRESSED[0x00007024])

    Execution Region ER_IROM1 (Exec base: 0x08000000, Load base: 0x08000000, Size: 0x00006eec, Max: 0x00080000, ABSOLUTE)

    Exec Addr    Load Addr    Size         Type   Attr      Idx    E Section Name        Object

    0x08000000   0x08000000   0x0000013c   Data   RO            3    RESET               startup_stm32wb55xx_cm4.o
    0x0800013c   0x0800013c   0x00000000   Code   RO         5094  * .ARM.Collect$$$$00000000  mc_w.l(entry.o)
    0x0800013c   0x0800013c   0x00000004   Code   RO         5391    .ARM.Collect$$$$00000001  mc_w.l(entry2.o)
    0x08000140   0x08000140   0x00000004   Code   RO         5394    .ARM.Collect$$$$00000004  mc_w.l(entry5.o)
    0x08000144   0x08000144   0x00000000   Code   RO         5396    .ARM.Collect$$$$00000008  mc_w.l(entry7b.o)
    0x08000144   0x08000144   0x00000000   Code   RO         5398    .ARM.Collect$$$$0000000A  mc_w.l(entry8b.o)
    0x08000144   0x08000144   0x00000008   Code   RO         5399    .ARM.Collect$$$$0000000B  mc_w.l(entry9a.o)
    0x0800014c   0x0800014c   0x00000004   Code   RO         5406    .ARM.Collect$$$$0000000E  mc_w.l(entry12b.o)
    0x08000150   0x08000150   0x00000000   Code   RO         5401    .ARM.Collect$$$$0000000F  mc_w.l(entry10a.o)
    0x08000150   0x08000150   0x00000000   Code   RO         5403    .ARM.Collect$$$$00000011  mc_w.l(entry11a.o)
    0x08000150   0x08000150   0x00000004   Code   RO         5392    .ARM.Collect$$$$00002712  mc_w.l(entry2.o)
    0x08000154   0x08000154   0x00000024   Code   RO            4    .text               startup_stm32wb55xx_cm4.o
    0x08000178   0x08000178   0x00000040   Code   RO           10    .text               app_lld_tests_arm_asm.o
    0x080001b8   0x080001b8   0x00000062   Code   RO         5102    .text               mc_w.l(uldiv.o)
    0x0800021a   0x0800021a   0x00000024   Code   RO         5106    .text               mc_w.l(memcpya.o)
    0x0800023e   0x0800023e   0x00000024   Code   RO         5108    .text               mc_w.l(memseta.o)
    0x08000262   0x08000262   0x0000000e   Code   RO         5110    .text               mc_w.l(strlen.o)
    0x08000270   0x08000270   0x0000001c   Code   RO         5112    .text               mc_w.l(strcmp.o)
    0x0800028c   0x0800028c   0x00000012   Code   RO         5114    .text               mc_w.l(strcpy.o)
    0x0800029e   0x0800029e   0x0000001e   Code   RO         5116    .text               mc_w.l(strncmp.o)
    0x080002bc   0x080002bc   0x00000044   Code   RO         5118    .text               mc_w.l(strtok.o)
    0x08000300   0x08000300   0x0000001a   Code   RO         5389    .text               mc_w.l(atol.o)
    0x0800031a   0x0800031a   0x0000002c   Code   RO         5408    .text               mc_w.l(uidiv.o)
    0x08000346   0x08000346   0x0000001e   Code   RO         5410    .text               mc_w.l(llshl.o)
    0x08000364   0x08000364   0x00000020   Code   RO         5412    .text               mc_w.l(llushr.o)
    0x08000384   0x08000384   0x00000070   Code   RO         5421    .text               mc_w.l(strtol.o)
    0x080003f4   0x080003f4   0x00000000   Code   RO         5423    .text               mc_w.l(iusefp.o)
    0x080003f4   0x080003f4   0x0000014e   Code   RO         5424    .text               mf_w.l(dadd.o)
    0x08000542   0x08000542   0x000000e4   Code   RO         5426    .text               mf_w.l(dmul.o)
    0x08000626   0x08000626   0x000000de   Code   RO         5428    .text               mf_w.l(ddiv.o)
    0x08000704   0x08000704   0x00000030   Code   RO         5430    .text               mf_w.l(dfixul.o)
    0x08000734   0x08000734   0x00000030   Code   RO         5432    .text               mf_w.l(cdrcmple.o)
    0x08000764   0x08000764   0x00000024   Code   RO         5434    .text               mc_w.l(init.o)
    0x08000788   0x08000788   0x00000024   Code   RO         5436    .text               mc_w.l(llsshr.o)
    0x080007ac   0x080007ac   0x00000008   Code   RO         5438    .text               mc_w.l(ctype_o.o)
    0x080007b4   0x080007b4   0x0000009e   Code   RO         5466    .text               mc_w.l(_strtoul.o)
    0x08000852   0x08000852   0x000000ba   Code   RO         5468    .text               mf_w.l(depilogue.o)
    0x0800090c   0x0800090c   0x0000001c   Code   RO         5470    .text               mc_w.l(_chval.o)
    0x08000928   0x08000928   0x00000056   Code   RO         5480    .text               mc_w.l(__dczerorl2.o)
    0x0800097e   0x0800097e   0x00000002   PAD
    0x08000980   0x08000980   0x000000a0   Code   RO           16    i.APPE_Init         app_entry.o
    0x08000a20   0x08000a20   0x00000094   Code   RO           17    i.APPE_SysEvtError  app_entry.o
    0x08000ab4   0x08000ab4   0x00000002   Code   RO           18    i.APPE_SysStatusNot  app_entry.o
    0x08000ab6   0x08000ab6   0x0000003c   Code   RO           19    i.APPE_SysUserEvtRx  app_entry.o
    0x08000af2   0x08000af2   0x00000002   PAD
    0x08000af4   0x08000af4   0x00000234   Code   RO          341    i.APP_LLDTESTS_CheckWirelessFirmwareInfo  app_lld_tests.o
    0x08000d28   0x08000d28   0x000000a8   Code   RO          343    i.APP_LLDTESTS_Error  app_lld_tests.o
    0x08000dd0   0x08000dd0   0x00000218   Code   RO          344    i.APP_LLDTESTS_Init  app_lld_tests.o
    0x08000fe8   0x08000fe8   0x00000018   Code   RO          345    i.APP_LLDTESTS_Init_TL  app_lld_tests.o
    0x08001000   0x08001000   0x0000003c   Code   RO          346    i.APP_LLDTESTS_Init_UART_CLI  app_lld_tests.o
    0x0800103c   0x0800103c   0x00000060   Code   RO          347    i.APP_LLDTESTS_TraceError  app_lld_tests.o
    0x0800109c   0x0800109c   0x00000050   Code   RO         1499    i.BSP_LED_Init      stm32wbxx_nucleo.o
    0x080010ec   0x080010ec   0x0000001c   Code   RO         1500    i.BSP_LED_Off       stm32wbxx_nucleo.o
    0x08001108   0x08001108   0x0000001c   Code   RO         1501    i.BSP_LED_On        stm32wbxx_nucleo.o
    0x08001124   0x08001124   0x00000018   Code   RO         1502    i.BSP_LED_Toggle    stm32wbxx_nucleo.o
    0x0800113c   0x0800113c   0x0000008c   Code   RO         1505    i.BSP_PB_Init       stm32wbxx_nucleo.o
    0x080011c8   0x080011c8   0x00000002   Code   RO         1338    i.BusFault_Handler  stm32wbxx_it.o
    0x080011ca   0x080011ca   0x000001e0   Code   RO         4659    i.CircularQueue_Add  stm_queue.o
    0x080013aa   0x080013aa   0x00000024   Code   RO         4661    i.CircularQueue_Init  stm_queue.o
    0x080013ce   0x080013ce   0x000000c0   Code   RO         4663    i.CircularQueue_Remove  stm_queue.o
    0x0800148e   0x0800148e   0x00000096   Code   RO         4665    i.CircularQueue_Sense  stm_queue.o
    0x08001524   0x08001524   0x0000002c   Code   RO         4465    i.Cmd_SetStatus     shci_tl.o
    0x08001550   0x08001550   0x000000e4   Code   RO         1059    i.Config_HSE_tuning  main.o
    0x08001634   0x08001634   0x0000000c   Code   RO         1339    i.DMA1_Channel1_IRQHandler  stm32wbxx_it.o
    0x08001640   0x08001640   0x0000000c   Code   RO         1340    i.DMA1_Channel2_IRQHandler  stm32wbxx_it.o
    0x0800164c   0x0800164c   0x00000040   Code   RO         2016    i.DMA_CalcDMAMUXChannelBaseAndMask  stm32wbxx_hal_dma.o
    0x0800168c   0x0800168c   0x00000028   Code   RO         2017    i.DMA_CalcDMAMUXRequestGenBaseAndMask  stm32wbxx_hal_dma.o
    0x080016b4   0x080016b4   0x0000003e   Code   RO         2018    i.DMA_SetConfig     stm32wbxx_hal_dma.o
    0x080016f2   0x080016f2   0x00000004   Code   RO           20    i.DbgOutputInit     app_entry.o
    0x080016f6   0x080016f6   0x0000000c   Code   RO           21    i.DbgOutputTraces   app_entry.o
    0x08001702   0x08001702   0x00000002   PAD
    0x08001704   0x08001704   0x00000020   Code   RO         4151    i.DbgTraceInit      dbg_trace.o
    0x08001724   0x08001724   0x00000058   Code   RO         4152    i.DbgTraceWrite     dbg_trace.o
    0x0800177c   0x0800177c   0x00000044   Code   RO         4153    i.DbgTrace_TxCpltCallback  dbg_trace.o
    0x080017c0   0x080017c0   0x00000002   Code   RO         1341    i.DebugMon_Handler  stm32wbxx_it.o
    0x080017c2   0x080017c2   0x00000002   Code   RO         1060    i.Error_Handler     main.o
    0x080017c4   0x080017c4   0x00000054   Code   RO         2347    i.FLASH_FlushCaches  stm32wbxx_hal_flash_ex.o
    0x08001818   0x08001818   0x0000001c   Code   RO         2352    i.FLASH_PageErase   stm32wbxx_hal_flash_ex.o
    0x08001834   0x08001834   0x0000001c   Code   RO         2241    i.FLASH_Program_DoubleWord  stm32wbxx_hal_flash.o
    0x08001850   0x08001850   0x00000034   Code   RO         2242    i.FLASH_Program_Fast  stm32wbxx_hal_flash.o
    0x08001884   0x08001884   0x00000078   Code   RO         2243    i.FLASH_WaitForLastOperation  stm32wbxx_hal_flash.o
    0x080018fc   0x080018fc   0x00000010   Code   RO         1620    i.HAL_DBGMCU_EnableDBGSleepMode  stm32wbxx_hal.o
    0x0800190c   0x0800190c   0x00000058   Code   RO         2122    i.HAL_DMAEx_ConfigMuxSync  stm32wbxx_hal_dma_ex.o
    0x08001964   0x08001964   0x0000006e   Code   RO         2019    i.HAL_DMA_Abort     stm32wbxx_hal_dma.o
    0x080019d2   0x080019d2   0x00000070   Code   RO         2020    i.HAL_DMA_Abort_IT  stm32wbxx_hal_dma.o
    0x08001a42   0x08001a42   0x00000002   PAD
    0x08001a44   0x08001a44   0x000000a8   Code   RO         2021    i.HAL_DMA_DeInit    stm32wbxx_hal_dma.o
    0x08001aec   0x08001aec   0x000000ba   Code   RO         2024    i.HAL_DMA_IRQHandler  stm32wbxx_hal_dma.o
    0x08001ba6   0x08001ba6   0x00000002   PAD
    0x08001ba8   0x08001ba8   0x000000c4   Code   RO         2025    i.HAL_DMA_Init      stm32wbxx_hal_dma.o
    0x08001c6c   0x08001c6c   0x0000008c   Code   RO         2029    i.HAL_DMA_Start_IT  stm32wbxx_hal_dma.o
    0x08001cf8   0x08001cf8   0x00000010   Code   RO         1061    i.HAL_Delay         main.o
    0x08001d08   0x08001d08   0x00000084   Code   RO         2354    i.HAL_FLASHEx_Erase  stm32wbxx_hal_flash_ex.o
    0x08001d8c   0x08001d8c   0x00000064   Code   RO         2252    i.HAL_FLASH_Program  stm32wbxx_hal_flash.o
    0x08001df0   0x08001df0   0x00000028   Code   RO         2254    i.HAL_FLASH_Unlock  stm32wbxx_hal_flash.o
    0x08001e18   0x08001e18   0x0000013c   Code   RO         2450    i.HAL_GPIO_DeInit   stm32wbxx_hal_gpio.o
    0x08001f54   0x08001f54   0x00000200   Code   RO         2453    i.HAL_GPIO_Init     stm32wbxx_hal_gpio.o
    0x08002154   0x08002154   0x00000010   Code   RO         2456    i.HAL_GPIO_TogglePin  stm32wbxx_hal_gpio.o
    0x08002164   0x08002164   0x0000000a   Code   RO         2457    i.HAL_GPIO_WritePin  stm32wbxx_hal_gpio.o
    0x0800216e   0x0800216e   0x00000002   PAD
    0x08002170   0x08002170   0x00000010   Code   RO         1625    i.HAL_GetDEVID      stm32wbxx_hal.o
    0x08002180   0x08002180   0x0000000c   Code   RO         1627    i.HAL_GetREVID      stm32wbxx_hal.o
    0x0800218c   0x0800218c   0x0000000c   Code   RO         1628    i.HAL_GetTick       stm32wbxx_hal.o
    0x08002198   0x08002198   0x0000000c   Code   RO         1630    i.HAL_GetTickPrio   stm32wbxx_hal.o
    0x080021a4   0x080021a4   0x0000002c   Code   RO         1635    i.HAL_Init          stm32wbxx_hal.o
    0x080021d0   0x080021d0   0x00000004   Code   RO         1062    i.HAL_InitTick      main.o
    0x080021d4   0x080021d4   0x0000002a   Code   RO         1299    i.HAL_MspInit       stm32wbxx_hal_msp.o
    0x080021fe   0x080021fe   0x00000022   Code   RO         1891    i.HAL_NVIC_DisableIRQ  stm32wbxx_hal_cortex.o
    0x08002220   0x08002220   0x0000001a   Code   RO         1892    i.HAL_NVIC_EnableIRQ  stm32wbxx_hal_cortex.o
    0x0800223a   0x0800223a   0x00000002   PAD
    0x0800223c   0x0800223c   0x00000040   Code   RO         1897    i.HAL_NVIC_SetPriority  stm32wbxx_hal_cortex.o
    0x0800227c   0x0800227c   0x00000024   Code   RO         1898    i.HAL_NVIC_SetPriorityGrouping  stm32wbxx_hal_cortex.o
    0x080022a0   0x080022a0   0x00000010   Code   RO         2759    i.HAL_PWREx_GetVoltageRange  stm32wbxx_hal_pwr_ex.o
    0x080022b0   0x080022b0   0x00000010   Code   RO         2607    i.HAL_PWR_EnableBkUpAccess  stm32wbxx_hal_pwr.o
    0x080022c0   0x080022c0   0x00000212   Code   RO         3260    i.HAL_RCCEx_PeriphCLKConfig  stm32wbxx_hal_rcc_ex.o
    0x080024d2   0x080024d2   0x00000002   PAD
    0x080024d4   0x080024d4   0x000001f8   Code   RO         3054    i.HAL_RCC_ClockConfig  stm32wbxx_hal_rcc.o
    0x080026cc   0x080026cc   0x00000024   Code   RO         3060    i.HAL_RCC_GetHCLKFreq  stm32wbxx_hal_rcc.o
    0x080026f0   0x080026f0   0x00000024   Code   RO         3062    i.HAL_RCC_GetPCLK1Freq  stm32wbxx_hal_rcc.o
    0x08002714   0x08002714   0x00000024   Code   RO         3063    i.HAL_RCC_GetPCLK2Freq  stm32wbxx_hal_rcc.o
    0x08002738   0x08002738   0x00000094   Code   RO         3065    i.HAL_RCC_GetSysClockFreq  stm32wbxx_hal_rcc.o
    0x080027cc   0x080027cc   0x00000584   Code   RO         3068    i.HAL_RCC_OscConfig  stm32wbxx_hal_rcc.o
    0x08002d50   0x08002d50   0x00000002   Code   RO         1063    i.HAL_ResumeTick    main.o
    0x08002d52   0x08002d52   0x00000002   Code   RO         1064    i.HAL_SuspendTick   main.o
    0x08002d54   0x08002d54   0x0000003e   Code   RO         4037    i.HAL_UARTEx_DisableFifoMode  stm32wbxx_hal_uart_ex.o
    0x08002d92   0x08002d92   0x00000002   Code   RO         3623    i.HAL_UARTEx_RxEventCallback  stm32wbxx_hal_uart.o
    0x08002d94   0x08002d94   0x00000002   Code   RO         4044    i.HAL_UARTEx_RxFifoFullCallback  stm32wbxx_hal_uart_ex.o
    0x08002d96   0x08002d96   0x0000004c   Code   RO         4045    i.HAL_UARTEx_SetRxFifoThreshold  stm32wbxx_hal_uart_ex.o
    0x08002de2   0x08002de2   0x0000004c   Code   RO         4046    i.HAL_UARTEx_SetTxFifoThreshold  stm32wbxx_hal_uart_ex.o
    0x08002e2e   0x08002e2e   0x00000002   Code   RO         4048    i.HAL_UARTEx_TxFifoEmptyCallback  stm32wbxx_hal_uart_ex.o
    0x08002e30   0x08002e30   0x00000002   Code   RO         4049    i.HAL_UARTEx_WakeupCallback  stm32wbxx_hal_uart_ex.o
    0x08002e32   0x08002e32   0x00000044   Code   RO         3636    i.HAL_UART_DeInit   stm32wbxx_hal_uart.o
    0x08002e76   0x08002e76   0x00000002   Code   RO         3639    i.HAL_UART_ErrorCallback  stm32wbxx_hal_uart.o
    0x08002e78   0x08002e78   0x000002e0   Code   RO         3642    i.HAL_UART_IRQHandler  stm32wbxx_hal_uart.o
    0x08003158   0x08003158   0x0000006a   Code   RO         3643    i.HAL_UART_Init     stm32wbxx_hal_uart.o
    0x080031c2   0x080031c2   0x00000002   PAD
    0x080031c4   0x080031c4   0x00000058   Code   RO         1300    i.HAL_UART_MspDeInit  stm32wbxx_hal_msp.o
    0x0800321c   0x0800321c   0x000000fc   Code   RO         1301    i.HAL_UART_MspInit  stm32wbxx_hal_msp.o
    0x08003318   0x08003318   0x00000054   Code   RO         3648    i.HAL_UART_Receive_IT  stm32wbxx_hal_uart.o
    0x0800336c   0x0800336c   0x00000028   Code   RO          990    i.HAL_UART_RxCpltCallback  hw_uart.o
    0x08003394   0x08003394   0x000000a4   Code   RO         3653    i.HAL_UART_Transmit_DMA  stm32wbxx_hal_uart.o
    0x08003438   0x08003438   0x000000ac   Code   RO         3654    i.HAL_UART_Transmit_IT  stm32wbxx_hal_uart.o
    0x080034e4   0x080034e4   0x00000028   Code   RO          991    i.HAL_UART_TxCpltCallback  hw_uart.o
    0x0800350c   0x0800350c   0x00000002   Code   RO         3656    i.HAL_UART_TxHalfCpltCallback  stm32wbxx_hal_uart.o
    0x0800350e   0x0800350e   0x00000002   PAD
    0x08003510   0x08003510   0x0000000c   Code   RO         4725    i.HW_IPCC_BLE_AclDataAckNot  tl_mbox.o
    0x0800351c   0x0800351c   0x00000040   Code   RO         4726    i.HW_IPCC_BLE_RxEvtNot  tl_mbox.o
    0x0800355c   0x0800355c   0x0000004c   Code   RO          815    i.HW_IPCC_Enable    hw_ipcc.o
    0x080035a8   0x080035a8   0x0000003c   Code   RO          816    i.HW_IPCC_Init      hw_ipcc.o
    0x080035e4   0x080035e4   0x00000018   Code   RO          817    i.HW_IPCC_LLDTESTS_Init  hw_ipcc.o
    0x080035fc   0x080035fc   0x00000014   Code   RO         4727    i.HW_IPCC_LLDTESTS_ReceiveCliRsp  tl_mbox.o
    0x08003610   0x08003610   0x00000014   Code   RO         4728    i.HW_IPCC_LLDTESTS_ReceiveM0Cmd  tl_mbox.o
    0x08003624   0x08003624   0x00000010   Code   RO          820    i.HW_IPCC_LLDTESTS_SendCliCmd  hw_ipcc.o
    0x08003634   0x08003634   0x00000014   Code   RO          821    i.HW_IPCC_LLDTESTS_SendCliRspAck  hw_ipcc.o
    0x08003648   0x08003648   0x00000014   Code   RO          822    i.HW_IPCC_LLDTESTS_SendM0CmdAck  hw_ipcc.o
    0x0800365c   0x0800365c   0x00000030   Code   RO          823    i.HW_IPCC_MM_SendFreeBuf  hw_ipcc.o
    0x0800368c   0x0800368c   0x0000009c   Code   RO          824    i.HW_IPCC_Rx_Handler  hw_ipcc.o
    0x08003728   0x08003728   0x00000024   Code   RO         4729    i.HW_IPCC_SYS_CmdEvtNot  tl_mbox.o
    0x0800374c   0x0800374c   0x00000030   Code   RO         4730    i.HW_IPCC_SYS_EvtNot  tl_mbox.o
    0x0800377c   0x0800377c   0x00000010   Code   RO          827    i.HW_IPCC_SYS_Init  hw_ipcc.o
    0x0800378c   0x0800378c   0x00000018   Code   RO          828    i.HW_IPCC_SYS_SendCmd  hw_ipcc.o
    0x080037a4   0x080037a4   0x00000024   Code   RO         4731    i.HW_IPCC_TRACES_EvtNot  tl_mbox.o
    0x080037c8   0x080037c8   0x00000010   Code   RO          830    i.HW_IPCC_TRACES_Init  hw_ipcc.o
    0x080037d8   0x080037d8   0x00000078   Code   RO          831    i.HW_IPCC_Tx_Handler  hw_ipcc.o
    0x08003850   0x08003850   0x00000060   Code   RO          992    i.HW_UART_Receive_IT  hw_uart.o
    0x080038b0   0x080038b0   0x00000060   Code   RO          994    i.HW_UART_Transmit_DMA  hw_uart.o
    0x08003910   0x08003910   0x00000060   Code   RO          995    i.HW_UART_Transmit_IT  hw_uart.o
    0x08003970   0x08003970   0x00000034   Code   RO          996    i.HW_UART_Transmit_LL  hw_uart.o
    0x080039a4   0x080039a4   0x00000006   Code   RO         1342    i.HardFault_Handler  stm32wbxx_it.o
    0x080039aa   0x080039aa   0x00000004   Code   RO         1343    i.IPCC_C1_RX_IRQHandler  stm32wbxx_it.o
    0x080039ae   0x080039ae   0x00000004   Code   RO         1344    i.IPCC_C1_TX_IRQHandler  stm32wbxx_it.o
    0x080039b2   0x080039b2   0x00000002   PAD
    0x080039b4   0x080039b4   0x000000a0   Code   RO           23    i.Init_Debug        app_entry.o
    0x08003a54   0x08003a54   0x00000014   Code   RO         1065    i.LL_AHB1_GRP1_EnableClock  main.o
    0x08003a68   0x08003a68   0x00000014   Code   RO          500    i.LL_AHB2_GRP1_EnableClock  gpio_lld.o
    0x08003a7c   0x08003a7c   0x00000014   Code   RO         1506    i.LL_AHB2_GRP1_EnableClock  stm32wbxx_nucleo.o
    0x08003a90   0x08003a90   0x0000000e   Code   RO          832    i.LL_C1_IPCC_IsActiveFlag_CHx  hw_ipcc.o
    0x08003a9e   0x08003a9e   0x0000000e   Code   RO          833    i.LL_C2_IPCC_IsActiveFlag_CHx  hw_ipcc.o
    0x08003aac   0x08003aac   0x0000001c   Code   RO         1203    i.LL_HSEM_1StepLock  stm32_lpm_if.o
    0x08003ac8   0x08003ac8   0x00000014   Code   RO         1204    i.LL_PWR_SetPowerMode  stm32_lpm_if.o
    0x08003adc   0x08003adc   0x0000000c   Code   RO         3070    i.LL_RCC_GetSysClkSource  stm32wbxx_hal_rcc.o
    0x08003ae8   0x08003ae8   0x0000000c   Code   RO         3071    i.LL_RCC_HSE_IsReady  stm32wbxx_hal_rcc.o
    0x08003af4   0x08003af4   0x0000001c   Code   RO         1066    i.LL_RCC_HSE_SetCapacitorTuning  main.o
    0x08003b10   0x08003b10   0x0000000c   Code   RO         3072    i.LL_RCC_HSI_IsReady  stm32wbxx_hal_rcc.o
    0x08003b1c   0x08003b1c   0x00000012   Code   RO         3073    i.LL_RCC_HSI_SetCalibTrimming  stm32wbxx_hal_rcc.o
    0x08003b2e   0x08003b2e   0x0000000e   Code   RO         3270    i.LL_RCC_LSE_IsReady  stm32wbxx_hal_rcc_ex.o
    0x08003b3c   0x08003b3c   0x0000000e   Code   RO         3074    i.LL_RCC_LSI1_IsReady  stm32wbxx_hal_rcc.o
    0x08003b4a   0x08003b4a   0x00000012   Code   RO         3075    i.LL_RCC_MSI_GetRange  stm32wbxx_hal_rcc.o
    0x08003b5c   0x08003b5c   0x0000000c   Code   RO         3076    i.LL_RCC_MSI_IsReady  stm32wbxx_hal_rcc.o
    0x08003b68   0x08003b68   0x00000012   Code   RO         3077    i.LL_RCC_MSI_SetCalibTrimming  stm32wbxx_hal_rcc.o
    0x08003b7a   0x08003b7a   0x00000010   Code   RO         3078    i.LL_RCC_MSI_SetRange  stm32wbxx_hal_rcc.o
    0x08003b8a   0x08003b8a   0x0000000e   Code   RO         3274    i.LL_RCC_PLLSAI1_Disable  stm32wbxx_hal_rcc_ex.o
    0x08003b98   0x08003b98   0x0000000e   Code   RO         3275    i.LL_RCC_PLLSAI1_Enable  stm32wbxx_hal_rcc_ex.o
    0x08003ba6   0x08003ba6   0x0000000c   Code   RO         3277    i.LL_RCC_PLLSAI1_IsReady  stm32wbxx_hal_rcc_ex.o
    0x08003bb2   0x08003bb2   0x0000000c   Code   RO         3079    i.LL_RCC_PLL_GetMainSource  stm32wbxx_hal_rcc.o
    0x08003bbe   0x08003bbe   0x00000012   Code   RO         3281    i.LL_RCC_SetCLK48ClockSource  stm32wbxx_hal_rcc_ex.o
    0x08003bd0   0x08003bd0   0x0000001e   Code   RO         3282    i.LL_RCC_SetI2CClockSource  stm32wbxx_hal_rcc_ex.o
    0x08003bee   0x08003bee   0x00000016   Code   RO         3283    i.LL_RCC_SetLPTIMClockSource  stm32wbxx_hal_rcc_ex.o
    0x08003c04   0x08003c04   0x00000012   Code   RO         3284    i.LL_RCC_SetRNGClockSource  stm32wbxx_hal_rcc_ex.o
    0x08003c16   0x08003c16   0x00000010   Code   RO         1205    i.LL_RCC_SetSysClkSource  stm32_lpm_if.o
    0x08003c26   0x08003c26   0x00000002   PAD
    0x08003c28   0x08003c28   0x0000000c   Code   RO         1345    i.LPUART1_IRQHandler  stm32wbxx_it.o
    0x08003c34   0x08003c34   0x00000006   Code   RO         4569    i.LST_init_head     stm_list.o
    0x08003c3a   0x08003c3a   0x00000018   Code   RO         4570    i.LST_insert_head   stm_list.o
    0x08003c52   0x08003c52   0x00000018   Code   RO         4573    i.LST_insert_tail   stm_list.o
    0x08003c6a   0x08003c6a   0x00000018   Code   RO         4574    i.LST_is_empty      stm_list.o
    0x08003c82   0x08003c82   0x00000018   Code   RO         4575    i.LST_remove_head   stm_list.o
    0x08003c9a   0x08003c9a   0x00000018   Code   RO         4576    i.LST_remove_node   stm_list.o
    0x08003cb2   0x08003cb2   0x00000002   PAD
    0x08003cb4   0x08003cb4   0x00000030   Code   RO         1067    i.MX_LPUART1_UART_DeInit  main.o
    0x08003ce4   0x08003ce4   0x0000004c   Code   RO         1068    i.MX_LPUART1_UART_Init  main.o
    0x08003d30   0x08003d30   0x00000030   Code   RO         1069    i.MX_USART1_UART_DeInit  main.o
    0x08003d60   0x08003d60   0x0000004c   Code   RO         1070    i.MX_USART1_UART_Init  main.o
    0x08003dac   0x08003dac   0x00000002   Code   RO         1346    i.MemManage_Handler  stm32wbxx_it.o
    0x08003dae   0x08003dae   0x00000002   Code   RO         1347    i.NMI_Handler       stm32wbxx_it.o
    0x08003db0   0x08003db0   0x00000028   Code   RO         4225    i.OTP_Read          otp.o
    0x08003dd8   0x08003dd8   0x00000002   Code   RO         4732    i.OutputDbgTrace    tl_mbox.o
    0x08003dda   0x08003dda   0x00000002   PAD
    0x08003ddc   0x08003ddc   0x00000034   Code   RO         1206    i.PWR_EnterOffMode  stm32_lpm_if.o
    0x08003e10   0x08003e10   0x00000024   Code   RO         1207    i.PWR_EnterSleepMode  stm32_lpm_if.o
    0x08003e34   0x08003e34   0x0000006c   Code   RO         1208    i.PWR_EnterStopMode  stm32_lpm_if.o
    0x08003ea0   0x08003ea0   0x00000010   Code   RO         1209    i.PWR_ExitOffMode   stm32_lpm_if.o
    0x08003eb0   0x08003eb0   0x00000010   Code   RO         1210    i.PWR_ExitSleepMode  stm32_lpm_if.o
    0x08003ec0   0x08003ec0   0x00000060   Code   RO         1211    i.PWR_ExitStopMode  stm32_lpm_if.o
    0x08003f20   0x08003f20   0x00000002   Code   RO         1348    i.PendSV_Handler    stm32wbxx_it.o
    0x08003f22   0x08003f22   0x00000074   Code   RO         3285    i.RCCEx_PLLSAI1_ConfigNP  stm32wbxx_hal_rcc_ex.o
    0x08003f96   0x08003f96   0x00000074   Code   RO         3286    i.RCCEx_PLLSAI1_ConfigNQ  stm32wbxx_hal_rcc_ex.o
    0x0800400a   0x0800400a   0x00000074   Code   RO         3287    i.RCCEx_PLLSAI1_ConfigNR  stm32wbxx_hal_rcc_ex.o
    0x0800407e   0x0800407e   0x00000002   PAD
    0x08004080   0x08004080   0x00000090   Code   RO         3080    i.RCC_SetFlashLatency  stm32wbxx_hal_rcc.o
    0x08004110   0x08004110   0x0000004c   Code   RO         3081    i.RCC_SetFlashLatencyFromMSIRange  stm32wbxx_hal_rcc.o
    0x0800415c   0x0800415c   0x00000078   Code   RO         1071    i.Reset_Device      main.o
    0x080041d4   0x080041d4   0x00000034   Code   RO         4967    i.SEQ_BitPosition   stm32_seq.o
    0x08004208   0x08004208   0x00000026   Code   RO         4257    i.SHCI_C2_ExtpaConfig  shci.o
    0x0800422e   0x0800422e   0x00000018   Code   RO         4272    i.SHCI_C2_LLDTESTS_Init  shci.o
    0x08004246   0x08004246   0x00000002   PAD
    0x08004248   0x08004248   0x00000080   Code   RO         4279    i.SHCI_GetWirelessFwInfo  shci.o
    0x080042c8   0x080042c8   0x00000002   Code   RO         1349    i.SVC_Handler       stm32wbxx_it.o
    0x080042ca   0x080042ca   0x00000002   PAD
    0x080042cc   0x080042cc   0x0000003c   Code   RO          348    i.SendCliCmdToM0    app_lld_tests.o
    0x08004308   0x08004308   0x0000002c   Code   RO         4733    i.SendFreeBuf       tl_mbox.o
    0x08004334   0x08004334   0x00000032   Code   RO         1212    i.Switch_On_HSI     stm32_lpm_if.o
    0x08004366   0x08004366   0x00000002   Code   RO         1350    i.SysTick_Handler   stm32wbxx_it.o
    0x08004368   0x08004368   0x00000060   Code   RO         1072    i.SystemClock_Config  main.o
    0x080043c8   0x080043c8   0x000000ac   Code   RO         1073    i.SystemClock_Config_HSE  main.o
    0x08004474   0x08004474   0x000000a8   Code   RO         1074    i.SystemClock_Config_MSI  main.o
    0x0800451c   0x0800451c   0x00000064   Code   RO         1579    i.SystemInit        system_stm32wbxx.o
    0x08004580   0x08004580   0x00000004   Code   RO         4737    i.TL_Enable         tl_mbox.o
    0x08004584   0x08004584   0x00000038   Code   RO         4738    i.TL_Init           tl_mbox.o
    0x080045bc   0x080045bc   0x00000014   Code   RO         4739    i.TL_LLDTESTS_Init  tl_mbox.o
    0x080045d0   0x080045d0   0x00000090   Code   RO          349    i.TL_LLDTESTS_ReceiveCliRsp  app_lld_tests.o
    0x08004660   0x08004660   0x000002f8   Code   RO          350    i.TL_LLDTESTS_ReceiveM0Cmd  app_lld_tests.o
    0x08004958   0x08004958   0x00000014   Code   RO         4742    i.TL_LLDTESTS_SendCliCmd  tl_mbox.o
    0x0800496c   0x0800496c   0x00000004   Code   RO         4743    i.TL_LLDTESTS_SendCliRspAck  tl_mbox.o
    0x08004970   0x08004970   0x00000004   Code   RO         4744    i.TL_LLDTESTS_SendM0CmdAck  tl_mbox.o
    0x08004974   0x08004974   0x00000028   Code   RO         4745    i.TL_MM_EvtDone     tl_mbox.o
    0x0800499c   0x0800499c   0x00000044   Code   RO         4746    i.TL_MM_Init        tl_mbox.o
    0x080049e0   0x080049e0   0x00000034   Code   RO         4747    i.TL_SYS_Init       tl_mbox.o
    0x08004a14   0x08004a14   0x00000024   Code   RO         4748    i.TL_SYS_SendCmd    tl_mbox.o
    0x08004a38   0x08004a38   0x0000001c   Code   RO           24    i.TL_TRACES_EvtReceived  app_entry.o
    0x08004a54   0x08004a54   0x00000020   Code   RO         4750    i.TL_TRACES_Init    tl_mbox.o
    0x08004a74   0x08004a74   0x0000000a   Code   RO         4466    i.TlCmdEvtReceived  shci_tl.o
    0x08004a7e   0x08004a7e   0x00000002   PAD
    0x08004a80   0x08004a80   0x00000018   Code   RO         4467    i.TlUserEvtReceived  shci_tl.o
    0x08004a98   0x08004a98   0x00000044   Code   RO         4050    i.UARTEx_SetNbDataToProcess  stm32wbxx_hal_uart_ex.o
    0x08004adc   0x08004adc   0x000000c8   Code   RO         3657    i.UART_AdvFeatureConfig  stm32wbxx_hal_uart.o
    0x08004ba4   0x08004ba4   0x00000060   Code   RO         3658    i.UART_CheckIdleState  stm32wbxx_hal_uart.o
    0x08004c04   0x08004c04   0x00000014   Code   RO         3659    i.UART_DMAAbortOnError  stm32wbxx_hal_uart.o
    0x08004c18   0x08004c18   0x00000050   Code   RO         3660    i.UART_DMAError     stm32wbxx_hal_uart.o
    0x08004c68   0x08004c68   0x00000042   Code   RO         3665    i.UART_DMATransmitCplt  stm32wbxx_hal_uart.o
    0x08004caa   0x08004caa   0x0000000a   Code   RO         3667    i.UART_DMATxHalfCplt  stm32wbxx_hal_uart.o
    0x08004cb4   0x08004cb4   0x00000054   Code   RO         3669    i.UART_EndRxTransfer  stm32wbxx_hal_uart.o
    0x08004d08   0x08004d08   0x0000002e   Code   RO         3670    i.UART_EndTxTransfer  stm32wbxx_hal_uart.o
    0x08004d36   0x08004d36   0x000000a2   Code   RO         3671    i.UART_RxISR_16BIT  stm32wbxx_hal_uart.o
    0x08004dd8   0x08004dd8   0x00000174   Code   RO         3672    i.UART_RxISR_16BIT_FIFOEN  stm32wbxx_hal_uart.o
    0x08004f4c   0x08004f4c   0x000000a2   Code   RO         3673    i.UART_RxISR_8BIT   stm32wbxx_hal_uart.o
    0x08004fee   0x08004fee   0x00000002   PAD
    0x08004ff0   0x08004ff0   0x00000174   Code   RO         3674    i.UART_RxISR_8BIT_FIFOEN  stm32wbxx_hal_uart.o
    0x08005164   0x08005164   0x00000200   Code   RO         3675    i.UART_SetConfig    stm32wbxx_hal_uart.o
    0x08005364   0x08005364   0x000000fc   Code   RO         3677    i.UART_Start_Receive_IT  stm32wbxx_hal_uart.o
    0x08005460   0x08005460   0x00000052   Code   RO         3678    i.UART_TxISR_16BIT  stm32wbxx_hal_uart.o
    0x080054b2   0x080054b2   0x00000002   PAD
    0x080054b4   0x080054b4   0x0000006a   Code   RO         3679    i.UART_TxISR_16BIT_FIFOEN  stm32wbxx_hal_uart.o
    0x0800551e   0x0800551e   0x0000004e   Code   RO         3680    i.UART_TxISR_8BIT   stm32wbxx_hal_uart.o
    0x0800556c   0x0800556c   0x00000066   Code   RO         3681    i.UART_TxISR_8BIT_FIFOEN  stm32wbxx_hal_uart.o
    0x080055d2   0x080055d2   0x000000c6   Code   RO         3682    i.UART_WaitOnFlagUntilTimeout  stm32wbxx_hal_uart.o
    0x08005698   0x08005698   0x0000000c   Code   RO         1351    i.USART1_IRQHandler  stm32wbxx_it.o
    0x080056a4   0x080056a4   0x0000003c   Code   RO         4906    i.UTIL_LPM_EnterLowPower  stm32_lpm.o
    0x080056e0   0x080056e0   0x00000010   Code   RO         4908    i.UTIL_LPM_Init     stm32_lpm.o
    0x080056f0   0x080056f0   0x00000024   Code   RO         4909    i.UTIL_LPM_SetOffMode  stm32_lpm.o
    0x08005714   0x08005714   0x00000024   Code   RO         4910    i.UTIL_LPM_SetStopMode  stm32_lpm.o
    0x08005738   0x08005738   0x00000008   Code   RO           25    i.UTIL_SEQ_EvtIdle  app_entry.o
    0x08005740   0x08005740   0x00000004   Code   RO           26    i.UTIL_SEQ_Idle     app_entry.o
    0x08005744   0x08005744   0x00000002   Code   RO         4977    i.UTIL_SEQ_PostIdle  stm32_seq.o
    0x08005746   0x08005746   0x00000002   Code   RO         4978    i.UTIL_SEQ_PreIdle  stm32_seq.o
    0x08005748   0x08005748   0x00000020   Code   RO         4979    i.UTIL_SEQ_RegTask  stm32_seq.o
    0x08005768   0x08005768   0x000000dc   Code   RO         4981    i.UTIL_SEQ_Run      stm32_seq.o
    0x08005844   0x08005844   0x00000018   Code   RO         4982    i.UTIL_SEQ_SetEvt   stm32_seq.o
    0x0800585c   0x0800585c   0x0000002c   Code   RO         4983    i.UTIL_SEQ_SetTask  stm32_seq.o
    0x08005888   0x08005888   0x00000048   Code   RO         4984    i.UTIL_SEQ_WaitEvt  stm32_seq.o
    0x080058d0   0x080058d0   0x00000002   Code   RO         1352    i.UsageFault_Handler  stm32wbxx_it.o
    0x080058d2   0x080058d2   0x00000002   PAD
    0x080058d4   0x080058d4   0x00000020   Code   RO         5361    i.__0printf         mc_w.l(printfa.o)
    0x080058f4   0x080058f4   0x00000034   Code   RO         5362    i.__0snprintf       mc_w.l(printfa.o)
    0x08005928   0x08005928   0x00000028   Code   RO         5363    i.__0sprintf        mc_w.l(printfa.o)
    0x08005950   0x08005950   0x00000034   Code   RO         5366    i.__0vsnprintf      mc_w.l(printfa.o)
    0x08005984   0x08005984   0x00000020   Code   RO         1904    i.__NVIC_SetPriority  stm32wbxx_hal_cortex.o
    0x080059a4   0x080059a4   0x00000008   Code   RO         5414    i.__aeabi_errno_addr  mc_w.l(errno.o)
    0x080059ac   0x080059ac   0x0000000e   Code   RO         5474    i.__scatterload_copy  mc_w.l(handlers.o)
    0x080059ba   0x080059ba   0x00000002   Code   RO         5475    i.__scatterload_null  mc_w.l(handlers.o)
    0x080059bc   0x080059bc   0x0000000e   Code   RO         5476    i.__scatterload_zeroinit  mc_w.l(handlers.o)
    0x080059ca   0x080059ca   0x00000002   PAD
    0x080059cc   0x080059cc   0x00000184   Code   RO         5368    i._fp_digits        mc_w.l(printfa.o)
    0x08005b50   0x08005b50   0x000006b4   Code   RO         5369    i._printf_core      mc_w.l(printfa.o)
    0x08006204   0x08006204   0x00000024   Code   RO         5370    i._printf_post_padding  mc_w.l(printfa.o)
    0x08006228   0x08006228   0x0000002e   Code   RO         5371    i._printf_pre_padding  mc_w.l(printfa.o)
    0x08006256   0x08006256   0x00000016   Code   RO         5372    i._snputc           mc_w.l(printfa.o)
    0x0800626c   0x0800626c   0x0000000a   Code   RO         5373    i._sputc            mc_w.l(printfa.o)
    0x08006276   0x08006276   0x00000016   Code   RO         4156    i.fputc             dbg_trace.o
    0x0800628c   0x0800628c   0x00000020   Code   RO          504    i.gpio_lld_extPa_deInit  gpio_lld.o
    0x080062ac   0x080062ac   0x00000044   Code   RO          505    i.gpio_lld_extPa_init  gpio_lld.o
    0x080062f0   0x080062f0   0x0000000c   Code   RO          509    i.gpio_lld_lpuart_deInit  gpio_lld.o
    0x080062fc   0x080062fc   0x0000002c   Code   RO          510    i.gpio_lld_lpuart_init  gpio_lld.o
    0x08006328   0x08006328   0x0000000c   Code   RO          524    i.gpio_lld_phy_gpioHardFault_up  gpio_lld.o
    0x08006334   0x08006334   0x0000001c   Code   RO          546    i.gpio_lld_usart_deInit  gpio_lld.o
    0x08006350   0x08006350   0x00000030   Code   RO          547    i.gpio_lld_usart_init  gpio_lld.o
    0x08006380   0x08006380   0x000000a4   Code   RO         1449    i.logApplication    stm_logging.o
    0x08006424   0x08006424   0x000000b0   Code   RO         1450    i.logRegion         stm_logging.o
    0x080064d4   0x080064d4   0x000000f0   Code   RO          351    i.m0CmdProcess      app_lld_tests.o
    0x080065c4   0x080065c4   0x00000124   Code   RO          352    i.m0CmdStopRequired  app_lld_tests.o
    0x080066e8   0x080066e8   0x000000b8   Code   RO         1075    i.main              main.o
    0x080067a0   0x080067a0   0x00000006   Code   RO           27    i.shci_cmd_resp_release  app_entry.o
    0x080067a6   0x080067a6   0x00000006   Code   RO           28    i.shci_cmd_resp_wait  app_entry.o
    0x080067ac   0x080067ac   0x00000058   Code   RO         4470    i.shci_init         shci_tl.o
    0x08006804   0x08006804   0x00000008   Code   RO           29    i.shci_notify_asynch_evt  app_entry.o
    0x0800680c   0x0800680c   0x00000014   Code   RO         4542    i.shci_register_io_bus  shci_tl_if.o
    0x08006820   0x08006820   0x0000005c   Code   RO         4472    i.shci_send         shci_tl.o
    0x0800687c   0x0800687c   0x0000006c   Code   RO         4473    i.shci_user_evt_proc  shci_tl.o
    0x080068e8   0x080068e8   0x00000022   Code   RO          353    i.uartClearChars    app_lld_tests.o
    0x0800690a   0x0800690a   0x00000002   PAD
    0x0800690c   0x0800690c   0x0000016c   Code   RO          354    i.uartRxBufferProcess  app_lld_tests.o
    0x08006a78   0x08006a78   0x00000024   Code   RO          355    i.uartRxCpltCallback  app_lld_tests.o
    0x08006a9c   0x08006a9c   0x00000070   Code   RO          356    i.uartRxItProcess   app_lld_tests.o
    0x08006b0c   0x08006b0c   0x000000c0   Code   RO          357    i.uartTxBufferAdd   app_lld_tests.o
    0x08006bcc   0x08006bcc   0x00000038   Code   RO          358    i.uartTxCpltCallback  app_lld_tests.o
    0x08006c04   0x08006c04   0x00000068   Code   RO          359    i.uartTxItProcess   app_lld_tests.o
    0x08006c6c   0x08006c6c   0x00000024   Code   RO          360    i.uartTxLlAdd       app_lld_tests.o
    0x08006c90   0x08006c90   0x00000032   Data   RO          365    .constdata          app_lld_tests.o
    0x08006cc2   0x08006cc2   0x00000002   PAD
    0x08006cc4   0x08006cc4   0x00000018   Data   RO         1213    .constdata          stm32_lpm_if.o
    0x08006cdc   0x08006cdc   0x00000010   Data   RO         1507    .constdata          stm32wbxx_nucleo.o
    0x08006cec   0x08006cec   0x00000080   Data   RO         1580    .constdata          system_stm32wbxx.o
    0x08006d6c   0x08006d6c   0x00000020   Data   RO         1581    .constdata          system_stm32wbxx.o
    0x08006d8c   0x08006d8c   0x0000002c   Data   RO         3082    .constdata          stm32wbxx_hal_rcc.o
    0x08006db8   0x08006db8   0x00000018   Data   RO         3683    .constdata          stm32wbxx_hal_uart.o
    0x08006dd0   0x08006dd0   0x00000010   Data   RO         4051    .constdata          stm32wbxx_hal_uart_ex.o
    0x08006de0   0x08006de0   0x00000010   Data   RO         4986    .constdata          stm32_seq.o
    0x08006df0   0x08006df0   0x00000081   Data   RO         5439    .constdata          mc_w.l(ctype_o.o)
    0x08006e71   0x08006e71   0x00000003   PAD
    0x08006e74   0x08006e74   0x00000004   Data   RO         5440    .constdata          mc_w.l(ctype_o.o)
    0x08006e78   0x08006e78   0x00000044   Data   RO          373    .conststring        app_lld_tests.o
    0x08006ebc   0x08006ebc   0x00000030   Data   RO         5472    Region$$Table       anon$$obj.o


    Execution Region RW_IRAM1 (Exec base: 0x20000008, Load base: 0x08006eec, Size: 0x000063d0, Max: 0x0002fff8, ABSOLUTE)

    Exec Addr    Load Addr    Size         Type   Attr      Idx    E Section Name        Object

    0x20000008   0x08006eec   0x00000052   Data   RW          374    .data               app_lld_tests.o
    0x2000005a   0x08006f3e   0x00000002   PAD
    0x2000005c   0x08006f40   0x00000004   Data   RW          834    .data               hw_ipcc.o
    0x20000060   0x08006f44   0x00000010   Data   RW          997    .data               hw_uart.o
    0x20000070   0x08006f54   0x00000004   Data   RW         1081    .data               main.o
    0x20000074   0x08006f58   0x00000001   Data   RW         1214    .data               stm32_lpm_if.o
    0x20000075   0x08006f59   0x00000003   PAD
    0x20000078   0x08006f5c   0x00000018   Data   RW         1508    .data               stm32wbxx_nucleo.o
    0x20000090   0x08006f74   0x00000004   Data   RW         1583    .data               system_stm32wbxx.o
    0x20000094   0x08006f78   0x0000000c   Data   RW         1657    .data               stm32wbxx_hal.o
    0x200000a0   0x08006f84   0x00000001   Data   RW         4158    .data               dbg_trace.o
    0x200000a1   0x08006f85   0x00000003   PAD
    0x200000a4   0x08006f88   0x00000008   Data   RW         4475    .data               shci_tl.o
    0x200000ac   0x08006f90   0x0000001c   Data   RW         4751    .data               tl_mbox.o
    0x200000c8   0x08006fac   0x00000008   Data   RW         4911    .data               stm32_lpm.o
    0x200000d0   0x08006fb4   0x00000018   Data   RW         4987    .data               stm32_seq.o
    0x200000e8   0x08006fcc   0x00000004   Data   RW         5119    .data               mc_w.l(strtok.o)
    0x200000ec   0x08006fd0   0x00000004   Data   RW         5407    .data               mc_w.l(stdout.o)
    0x200000f0   0x08006fd4   0x00000004   Data   RW         5417    .data               mc_w.l(errno.o)
    0x200000f4   0x08006fd8   0x00000004   Data   RW         1082    HSE_TUNING_INFO_REQUEST  main.o
    0x200000f8   0x08006fdc   0x00000010   Data   RW         4476    SYSTEM_DRIVER_CONTEXT  shci_tl.o
    0x20000108        -       0x00004001   Zero   RW          361    .bss                app_lld_tests.o
    0x20004109   0x08006fec   0x00000003   PAD
    0x2000410c        -       0x00000120   Zero   RW         1076    .bss                main.o
    0x2000422c        -       0x00000060   Zero   RW         1077    .bss                main.o
    0x2000428c        -       0x00000060   Zero   RW         1078    .bss                main.o
    0x200042ec        -       0x00000018   Zero   RW         2255    .bss                stm32wbxx_hal_flash.o
    0x20004304        -       0x00001020   Zero   RW         4157    .bss                dbg_trace.o
    0x20005324        -       0x00000020   Zero   RW         4474    .bss                shci_tl.o
    0x20005344        -       0x00000090   Zero   RW         4985    .bss                stm32_seq.o
    0x200053d4   0x08006fec   0x00000004   PAD
    0x200053d8        -       0x00001000   Zero   RW            1    STACK               startup_stm32wb55xx_cm4.o


    Execution Region RW_RAM_SHARED (Exec base: 0x20030000, Load base: 0x08006fec, Size: 0x000019fc, Max: 0x00002800, ABSOLUTE, COMPRESSED[0x00000038])

    Exec Addr    Load Addr    Size         Type   Attr      Idx    E Section Name        Object

    0x20030000   COMPRESSED   0x00000028   Data   RW         4752    MAPPING_TABLE       tl_mbox.o
    0x20030028   COMPRESSED   0x00000008   Data   RW          375    MB_MEM1             app_lld_tests.o
    0x20030030   COMPRESSED   0x000000ac   Data   RW         4753    MB_MEM1             tl_mbox.o
    0x200300dc   COMPRESSED   0x00001706   Data   RW           32    MB_MEM2             app_entry.o
    0x200317e2   COMPRESSED   0x00000002   PAD
    0x200317e4   COMPRESSED   0x00000217   Data   RW          376    MB_MEM2             app_lld_tests.o

