../../../../../../../Drivers/STM32WBxx_HAL_Driver/Inc/stm32wbxx_ll_exti.h:391:22:LL_EXTI_EnableIT_32_63	16	static
../../../../../../../Drivers/STM32WBxx_HAL_Driver/Inc/stm32wbxx_ll_exti.h:417:22:LL_C2_EXTI_EnableIT_32_63	16	static
../../../../../../../Drivers/STM32WBxx_HAL_Driver/Inc/stm32wbxx_ll_rcc.h:2330:22:LL_RCC_SetClkAfterWakeFromStop	16	static
C:/Users/kolik/STM32Cube/Repository/STM32Cube_FW_WB_V1.13.3/Projects/P-NUCLEO-WB55.Nucleo/Applications/Phy_802_15_4 - SquareWaveVoltammetry/Phy_802_15_4_Cli/Core/Src/app_entry.c:90:6:APPE_Init	8	static
C:/Users/kolik/STM32Cube/Repository/STM32Cube_FW_WB_V1.13.3/Projects/P-NUCLEO-WB55.Nucleo/Applications/Phy_802_15_4 - SquareWaveVoltammetry/Phy_802_15_4_Cli/Core/Src/app_entry.c:122:13:Init_Debug	8	static
C:/Users/kolik/STM32Cube/Repository/STM32Cube_FW_WB_V1.13.3/Projects/P-NUCLEO-WB55.Nucleo/Applications/Phy_802_15_4 - SquareWaveVoltammetry/Phy_802_15_4_Cli/Core/Src/app_entry.c:172:13:SystemPower_Config	8	static
C:/Users/kolik/STM32Cube/Repository/STM32Cube_FW_WB_V1.13.3/Projects/P-NUCLEO-WB55.Nucleo/Applications/Phy_802_15_4 - SquareWaveVoltammetry/Phy_802_15_4_Cli/Core/Src/app_entry.c:186:13:appe_Tl_Init	40	static
C:/Users/kolik/STM32Cube/Repository/STM32Cube_FW_WB_V1.13.3/Projects/P-NUCLEO-WB55.Nucleo/Applications/Phy_802_15_4 - SquareWaveVoltammetry/Phy_802_15_4_Cli/Core/Src/app_entry.c:211:13:APPE_SysStatusNot	16	static
C:/Users/kolik/STM32Cube/Repository/STM32Cube_FW_WB_V1.13.3/Projects/P-NUCLEO-WB55.Nucleo/Applications/Phy_802_15_4 - SquareWaveVoltammetry/Phy_802_15_4_Cli/Core/Src/app_entry.c:226:13:APPE_SysUserEvtRx	24	static
C:/Users/kolik/STM32Cube/Repository/STM32Cube_FW_WB_V1.13.3/Projects/P-NUCLEO-WB55.Nucleo/Applications/Phy_802_15_4 - SquareWaveVoltammetry/Phy_802_15_4_Cli/Core/Src/app_entry.c:252:13:APPE_SysEvtError	16	static
C:/Users/kolik/STM32Cube/Repository/STM32Cube_FW_WB_V1.13.3/Projects/P-NUCLEO-WB55.Nucleo/Applications/Phy_802_15_4 - SquareWaveVoltammetry/Phy_802_15_4_Cli/Core/Src/app_entry.c:269:13:APPE_SysEvtReadyProcessing	8	static
C:/Users/kolik/STM32Cube/Repository/STM32Cube_FW_WB_V1.13.3/Projects/P-NUCLEO-WB55.Nucleo/Applications/Phy_802_15_4 - SquareWaveVoltammetry/Phy_802_15_4_Cli/Core/Src/app_entry.c:280:13:Led_Init	8	static
C:/Users/kolik/STM32Cube/Repository/STM32Cube_FW_WB_V1.13.3/Projects/P-NUCLEO-WB55.Nucleo/Applications/Phy_802_15_4 - SquareWaveVoltammetry/Phy_802_15_4_Cli/Core/Src/app_entry.c:302:13:Button_Init	8	static
C:/Users/kolik/STM32Cube/Repository/STM32Cube_FW_WB_V1.13.3/Projects/P-NUCLEO-WB55.Nucleo/Applications/Phy_802_15_4 - SquareWaveVoltammetry/Phy_802_15_4_Cli/Core/Src/app_entry.c:324:6:UTIL_SEQ_Idle	8	static
C:/Users/kolik/STM32Cube/Repository/STM32Cube_FW_WB_V1.13.3/Projects/P-NUCLEO-WB55.Nucleo/Applications/Phy_802_15_4 - SquareWaveVoltammetry/Phy_802_15_4_Cli/Core/Src/app_entry.c:339:6:UTIL_SEQ_EvtIdle	16	static
C:/Users/kolik/STM32Cube/Repository/STM32Cube_FW_WB_V1.13.3/Projects/P-NUCLEO-WB55.Nucleo/Applications/Phy_802_15_4 - SquareWaveVoltammetry/Phy_802_15_4_Cli/Core/Src/app_entry.c:350:6:shci_notify_asynch_evt	16	static
C:/Users/kolik/STM32Cube/Repository/STM32Cube_FW_WB_V1.13.3/Projects/P-NUCLEO-WB55.Nucleo/Applications/Phy_802_15_4 - SquareWaveVoltammetry/Phy_802_15_4_Cli/Core/Src/app_entry.c:357:6:shci_cmd_resp_release	16	static
C:/Users/kolik/STM32Cube/Repository/STM32Cube_FW_WB_V1.13.3/Projects/P-NUCLEO-WB55.Nucleo/Applications/Phy_802_15_4 - SquareWaveVoltammetry/Phy_802_15_4_Cli/Core/Src/app_entry.c:364:6:shci_cmd_resp_wait	16	static
C:/Users/kolik/STM32Cube/Repository/STM32Cube_FW_WB_V1.13.3/Projects/P-NUCLEO-WB55.Nucleo/Applications/Phy_802_15_4 - SquareWaveVoltammetry/Phy_802_15_4_Cli/Core/Src/app_entry.c:372:6:TL_TRACES_EvtReceived	16	static
C:/Users/kolik/STM32Cube/Repository/STM32Cube_FW_WB_V1.13.3/Projects/P-NUCLEO-WB55.Nucleo/Applications/Phy_802_15_4 - SquareWaveVoltammetry/Phy_802_15_4_Cli/Core/Src/app_entry.c:389:6:DbgOutputInit	8	static
C:/Users/kolik/STM32Cube/Repository/STM32Cube_FW_WB_V1.13.3/Projects/P-NUCLEO-WB55.Nucleo/Applications/Phy_802_15_4 - SquareWaveVoltammetry/Phy_802_15_4_Cli/Core/Src/app_entry.c:406:6:DbgOutputTraces	24	static
C:/Users/kolik/STM32Cube/Repository/STM32Cube_FW_WB_V1.13.3/Projects/P-NUCLEO-WB55.Nucleo/Applications/Phy_802_15_4 - SquareWaveVoltammetry/Phy_802_15_4_Cli/Core/Src/app_entry.c:415:6:HAL_GPIO_EXTI_Callback	16	static
