../../../../../../../Drivers/STM32WBxx_HAL_Driver/Inc/stm32wbxx_ll_pwr.h:1615:22:LL_PWR_EnableBootC2	4	static
../../../../../../../Drivers/STM32WBxx_HAL_Driver/Inc/stm32wbxx_ll_exti.h:793:22:LL_C2_EXTI_EnableEvent_32_63	16	static
../../../../../../../Drivers/STM32WBxx_HAL_Driver/Inc/stm32wbxx_ll_exti.h:1051:22:LL_EXTI_EnableRisingTrig_32_63	16	static
../../../../../../../Drivers/STM32WBxx_HAL_Driver/Inc/stm32wbxx_ll_bus.h:744:22:LL_AHB3_GRP1_EnableClock	24	static
../../../../../../../Drivers/STM32WBxx_HAL_Driver/Inc/stm32wbxx_ll_bus.h:1782:22:LL_C2_AHB3_GRP1_EnableClock	24	static
../../../../../../../Drivers/STM32WBxx_HAL_Driver/Inc/stm32wbxx_ll_ipcc.h:137:22:LL_C1_IPCC_EnableIT_TXF	16	static
../../../../../../../Drivers/STM32WBxx_HAL_Driver/Inc/stm32wbxx_ll_ipcc.h:170:22:LL_C1_IPCC_EnableIT_RXO	16	static
../../../../../../../Drivers/STM32WBxx_HAL_Driver/Inc/stm32wbxx_ll_ipcc.h:289:22:LL_C1_IPCC_EnableTransmitChannel	16	static
../../../../../../../Drivers/STM32WBxx_HAL_Driver/Inc/stm32wbxx_ll_ipcc.h:312:22:LL_C1_IPCC_DisableTransmitChannel	16	static
../../../../../../../Drivers/STM32WBxx_HAL_Driver/Inc/stm32wbxx_ll_ipcc.h:358:22:LL_C1_IPCC_EnableReceiveChannel	16	static
../../../../../../../Drivers/STM32WBxx_HAL_Driver/Inc/stm32wbxx_ll_ipcc.h:381:22:LL_C1_IPCC_DisableReceiveChannel	16	static
../../../../../../../Drivers/STM32WBxx_HAL_Driver/Inc/stm32wbxx_ll_ipcc.h:574:22:LL_C1_IPCC_ClearFlag_CHx	16	static
../../../../../../../Drivers/STM32WBxx_HAL_Driver/Inc/stm32wbxx_ll_ipcc.h:598:22:LL_C1_IPCC_SetFlag_CHx	16	static
../../../../../../../Drivers/STM32WBxx_HAL_Driver/Inc/stm32wbxx_ll_ipcc.h:621:26:LL_C1_IPCC_IsActiveFlag_CHx	16	static
../../../../../../../Drivers/STM32WBxx_HAL_Driver/Inc/stm32wbxx_ll_ipcc.h:692:26:LL_C2_IPCC_IsActiveFlag_CHx	16	static
C:/Users/kolik/STM32Cube/Repository/STM32Cube_FW_WB_V1.13.3/Projects/P-NUCLEO-WB55.Nucleo/Applications/Phy_802_15_4 - SquareWaveVoltammetry/Phy_802_15_4_Cli/Core/Src/hw_ipcc.c:73:6:HW_IPCC_Rx_Handler	8	static
C:/Users/kolik/STM32Cube/Repository/STM32Cube_FW_WB_V1.13.3/Projects/P-NUCLEO-WB55.Nucleo/Applications/Phy_802_15_4 - SquareWaveVoltammetry/Phy_802_15_4_Cli/Core/Src/hw_ipcc.c:137:6:HW_IPCC_Tx_Handler	8	static
C:/Users/kolik/STM32Cube/Repository/STM32Cube_FW_WB_V1.13.3/Projects/P-NUCLEO-WB55.Nucleo/Applications/Phy_802_15_4 - SquareWaveVoltammetry/Phy_802_15_4_Cli/Core/Src/hw_ipcc.c:179:6:HW_IPCC_Enable	8	static,ignoring_inline_asm
C:/Users/kolik/STM32Cube/Repository/STM32Cube_FW_WB_V1.13.3/Projects/P-NUCLEO-WB55.Nucleo/Applications/Phy_802_15_4 - SquareWaveVoltammetry/Phy_802_15_4_Cli/Core/Src/hw_ipcc.c:209:6:HW_IPCC_Init	8	static
C:/Users/kolik/STM32Cube/Repository/STM32Cube_FW_WB_V1.13.3/Projects/P-NUCLEO-WB55.Nucleo/Applications/Phy_802_15_4 - SquareWaveVoltammetry/Phy_802_15_4_Cli/Core/Src/hw_ipcc.c:225:6:HW_IPCC_BLE_Init	8	static
C:/Users/kolik/STM32Cube/Repository/STM32Cube_FW_WB_V1.13.3/Projects/P-NUCLEO-WB55.Nucleo/Applications/Phy_802_15_4 - SquareWaveVoltammetry/Phy_802_15_4_Cli/Core/Src/hw_ipcc.c:232:6:HW_IPCC_BLE_SendCmd	8	static
C:/Users/kolik/STM32Cube/Repository/STM32Cube_FW_WB_V1.13.3/Projects/P-NUCLEO-WB55.Nucleo/Applications/Phy_802_15_4 - SquareWaveVoltammetry/Phy_802_15_4_Cli/Core/Src/hw_ipcc.c:239:13:HW_IPCC_BLE_EvtHandler	8	static
C:/Users/kolik/STM32Cube/Repository/STM32Cube_FW_WB_V1.13.3/Projects/P-NUCLEO-WB55.Nucleo/Applications/Phy_802_15_4 - SquareWaveVoltammetry/Phy_802_15_4_Cli/Core/Src/hw_ipcc.c:248:6:HW_IPCC_BLE_SendAclData	8	static
C:/Users/kolik/STM32Cube/Repository/STM32Cube_FW_WB_V1.13.3/Projects/P-NUCLEO-WB55.Nucleo/Applications/Phy_802_15_4 - SquareWaveVoltammetry/Phy_802_15_4_Cli/Core/Src/hw_ipcc.c:256:13:HW_IPCC_BLE_AclDataEvtHandler	8	static
C:/Users/kolik/STM32Cube/Repository/STM32Cube_FW_WB_V1.13.3/Projects/P-NUCLEO-WB55.Nucleo/Applications/Phy_802_15_4 - SquareWaveVoltammetry/Phy_802_15_4_Cli/Core/Src/hw_ipcc.c:265:13:HW_IPCC_BLE_AclDataAckNot	4	static
C:/Users/kolik/STM32Cube/Repository/STM32Cube_FW_WB_V1.13.3/Projects/P-NUCLEO-WB55.Nucleo/Applications/Phy_802_15_4 - SquareWaveVoltammetry/Phy_802_15_4_Cli/Core/Src/hw_ipcc.c:266:13:HW_IPCC_BLE_RxEvtNot	4	static
C:/Users/kolik/STM32Cube/Repository/STM32Cube_FW_WB_V1.13.3/Projects/P-NUCLEO-WB55.Nucleo/Applications/Phy_802_15_4 - SquareWaveVoltammetry/Phy_802_15_4_Cli/Core/Src/hw_ipcc.c:271:6:HW_IPCC_SYS_Init	8	static
C:/Users/kolik/STM32Cube/Repository/STM32Cube_FW_WB_V1.13.3/Projects/P-NUCLEO-WB55.Nucleo/Applications/Phy_802_15_4 - SquareWaveVoltammetry/Phy_802_15_4_Cli/Core/Src/hw_ipcc.c:278:6:HW_IPCC_SYS_SendCmd	8	static
C:/Users/kolik/STM32Cube/Repository/STM32Cube_FW_WB_V1.13.3/Projects/P-NUCLEO-WB55.Nucleo/Applications/Phy_802_15_4 - SquareWaveVoltammetry/Phy_802_15_4_Cli/Core/Src/hw_ipcc.c:286:13:HW_IPCC_SYS_CmdEvtHandler	8	static
C:/Users/kolik/STM32Cube/Repository/STM32Cube_FW_WB_V1.13.3/Projects/P-NUCLEO-WB55.Nucleo/Applications/Phy_802_15_4 - SquareWaveVoltammetry/Phy_802_15_4_Cli/Core/Src/hw_ipcc.c:295:13:HW_IPCC_SYS_EvtHandler	8	static
C:/Users/kolik/STM32Cube/Repository/STM32Cube_FW_WB_V1.13.3/Projects/P-NUCLEO-WB55.Nucleo/Applications/Phy_802_15_4 - SquareWaveVoltammetry/Phy_802_15_4_Cli/Core/Src/hw_ipcc.c:304:13:HW_IPCC_SYS_CmdEvtNot	4	static
C:/Users/kolik/STM32Cube/Repository/STM32Cube_FW_WB_V1.13.3/Projects/P-NUCLEO-WB55.Nucleo/Applications/Phy_802_15_4 - SquareWaveVoltammetry/Phy_802_15_4_Cli/Core/Src/hw_ipcc.c:305:13:HW_IPCC_SYS_EvtNot	4	static
C:/Users/kolik/STM32Cube/Repository/STM32Cube_FW_WB_V1.13.3/Projects/P-NUCLEO-WB55.Nucleo/Applications/Phy_802_15_4 - SquareWaveVoltammetry/Phy_802_15_4_Cli/Core/Src/hw_ipcc.c:435:6:HW_IPCC_LLDTESTS_Init	8	static
C:/Users/kolik/STM32Cube/Repository/STM32Cube_FW_WB_V1.13.3/Projects/P-NUCLEO-WB55.Nucleo/Applications/Phy_802_15_4 - SquareWaveVoltammetry/Phy_802_15_4_Cli/Core/Src/hw_ipcc.c:442:6:HW_IPCC_LLDTESTS_SendCliCmd	8	static
C:/Users/kolik/STM32Cube/Repository/STM32Cube_FW_WB_V1.13.3/Projects/P-NUCLEO-WB55.Nucleo/Applications/Phy_802_15_4 - SquareWaveVoltammetry/Phy_802_15_4_Cli/Core/Src/hw_ipcc.c:448:13:HW_IPCC_LLDTESTS_ReceiveCliRspHandler	8	static
C:/Users/kolik/STM32Cube/Repository/STM32Cube_FW_WB_V1.13.3/Projects/P-NUCLEO-WB55.Nucleo/Applications/Phy_802_15_4 - SquareWaveVoltammetry/Phy_802_15_4_Cli/Core/Src/hw_ipcc.c:455:6:HW_IPCC_LLDTESTS_SendCliRspAck	8	static
C:/Users/kolik/STM32Cube/Repository/STM32Cube_FW_WB_V1.13.3/Projects/P-NUCLEO-WB55.Nucleo/Applications/Phy_802_15_4 - SquareWaveVoltammetry/Phy_802_15_4_Cli/Core/Src/hw_ipcc.c:462:13:HW_IPCC_LLDTESTS_ReceiveM0CmdHandler	8	static
C:/Users/kolik/STM32Cube/Repository/STM32Cube_FW_WB_V1.13.3/Projects/P-NUCLEO-WB55.Nucleo/Applications/Phy_802_15_4 - SquareWaveVoltammetry/Phy_802_15_4_Cli/Core/Src/hw_ipcc.c:470:6:HW_IPCC_LLDTESTS_SendM0CmdAck	8	static
C:/Users/kolik/STM32Cube/Repository/STM32Cube_FW_WB_V1.13.3/Projects/P-NUCLEO-WB55.Nucleo/Applications/Phy_802_15_4 - SquareWaveVoltammetry/Phy_802_15_4_Cli/Core/Src/hw_ipcc.c:476:13:HW_IPCC_LLDTESTS_ReceiveCliRsp	4	static
C:/Users/kolik/STM32Cube/Repository/STM32Cube_FW_WB_V1.13.3/Projects/P-NUCLEO-WB55.Nucleo/Applications/Phy_802_15_4 - SquareWaveVoltammetry/Phy_802_15_4_Cli/Core/Src/hw_ipcc.c:477:13:HW_IPCC_LLDTESTS_ReceiveM0Cmd	4	static
C:/Users/kolik/STM32Cube/Repository/STM32Cube_FW_WB_V1.13.3/Projects/P-NUCLEO-WB55.Nucleo/Applications/Phy_802_15_4 - SquareWaveVoltammetry/Phy_802_15_4_Cli/Core/Src/hw_ipcc.c:622:6:HW_IPCC_MM_SendFreeBuf	16	static
C:/Users/kolik/STM32Cube/Repository/STM32Cube_FW_WB_V1.13.3/Projects/P-NUCLEO-WB55.Nucleo/Applications/Phy_802_15_4 - SquareWaveVoltammetry/Phy_802_15_4_Cli/Core/Src/hw_ipcc.c:639:13:HW_IPCC_MM_FreeBufHandler	8	static
C:/Users/kolik/STM32Cube/Repository/STM32Cube_FW_WB_V1.13.3/Projects/P-NUCLEO-WB55.Nucleo/Applications/Phy_802_15_4 - SquareWaveVoltammetry/Phy_802_15_4_Cli/Core/Src/hw_ipcc.c:653:6:HW_IPCC_TRACES_Init	8	static
C:/Users/kolik/STM32Cube/Repository/STM32Cube_FW_WB_V1.13.3/Projects/P-NUCLEO-WB55.Nucleo/Applications/Phy_802_15_4 - SquareWaveVoltammetry/Phy_802_15_4_Cli/Core/Src/hw_ipcc.c:660:13:HW_IPCC_TRACES_EvtHandler	8	static
C:/Users/kolik/STM32Cube/Repository/STM32Cube_FW_WB_V1.13.3/Projects/P-NUCLEO-WB55.Nucleo/Applications/Phy_802_15_4 - SquareWaveVoltammetry/Phy_802_15_4_Cli/Core/Src/hw_ipcc.c:669:13:HW_IPCC_TRACES_EvtNot	4	static
