../../../../../../../Drivers/STM32WBxx_HAL_Driver/Inc/stm32wbxx_ll_exti.h:460:22:LL_EXTI_DisableIT_0_31	16	static
../../../../../../../Drivers/STM32WBxx_HAL_Driver/Inc/stm32wbxx_ll_exti.h:529:22:LL_EXTI_DisableIT_32_63	16	static
../../../../../../../Drivers/STM32WBxx_HAL_Driver/Inc/stm32wbxx_ll_rcc.h:1346:22:LL_RCC_HSE_SetCapacitorTuning	16	static
../../../../../../../Drivers/STM32WBxx_HAL_Driver/Inc/stm32wbxx_ll_rcc.h:1666:22:LL_RCC_LSE_SetDriveCapability	16	static
../../../../../../../Drivers/STM32WBxx_HAL_Driver/Inc/stm32wbxx_ll_rcc.h:2894:22:LL_RCC_ForceBackupDomainReset	4	static
../../../../../../../Drivers/STM32WBxx_HAL_Driver/Inc/stm32wbxx_ll_rcc.h:2904:22:LL_RCC_ReleaseBackupDomainReset	4	static
../../../../../../../Drivers/STM32WBxx_HAL_Driver/Inc/stm32wbxx_ll_rcc.h:4119:26:LL_RCC_IsActiveFlag_PINRST	4	static
../../../../../../../Drivers/STM32WBxx_HAL_Driver/Inc/stm32wbxx_ll_rcc.h:4129:26:LL_RCC_IsActiveFlag_SFTRST	4	static
../../../../../../../Drivers/STM32WBxx_HAL_Driver/Inc/stm32wbxx_ll_bus.h:364:22:LL_AHB1_GRP1_EnableClock	24	static
../../../../../../../Drivers/STM32WBxx_HAL_Driver/Inc/stm32wbxx_ll_bus.h:744:22:LL_AHB3_GRP1_EnableClock	24	static
../../../../../../../Drivers/STM32WBxx_HAL_Driver/Inc/stm32wbxx_ll_ipcc.h:312:22:LL_C1_IPCC_DisableTransmitChannel	16	static
../../../../../../../Drivers/STM32WBxx_HAL_Driver/Inc/stm32wbxx_ll_ipcc.h:381:22:LL_C1_IPCC_DisableReceiveChannel	16	static
../../../../../../../Drivers/STM32WBxx_HAL_Driver/Inc/stm32wbxx_ll_ipcc.h:450:22:LL_C2_IPCC_DisableTransmitChannel	16	static
../../../../../../../Drivers/STM32WBxx_HAL_Driver/Inc/stm32wbxx_ll_ipcc.h:519:22:LL_C2_IPCC_DisableReceiveChannel	16	static
../../../../../../../Drivers/STM32WBxx_HAL_Driver/Inc/stm32wbxx_ll_ipcc.h:574:22:LL_C1_IPCC_ClearFlag_CHx	16	static
../../../../../../../Drivers/STM32WBxx_HAL_Driver/Inc/stm32wbxx_ll_ipcc.h:645:22:LL_C2_IPCC_ClearFlag_CHx	16	static
C:/Users/kolik/STM32Cube/Repository/STM32Cube_FW_WB_V1.13.3/Projects/P-NUCLEO-WB55.Nucleo/Applications/Phy_802_15_4 - SquareWaveVoltammetry/Phy_802_15_4_Cli/Core/Src/main.c:116:5:main	8	static
C:/Users/kolik/STM32Cube/Repository/STM32Cube_FW_WB_V1.13.3/Projects/P-NUCLEO-WB55.Nucleo/Applications/Phy_802_15_4 - SquareWaveVoltammetry/Phy_802_15_4_Cli/Core/Src/main.c:175:6:SystemClock_Config	88	static
C:/Users/kolik/STM32Cube/Repository/STM32Cube_FW_WB_V1.13.3/Projects/P-NUCLEO-WB55.Nucleo/Applications/Phy_802_15_4 - SquareWaveVoltammetry/Phy_802_15_4_Cli/Core/Src/main.c:212:6:SystemClock_Config_HSE	120	static
C:/Users/kolik/STM32Cube/Repository/STM32Cube_FW_WB_V1.13.3/Projects/P-NUCLEO-WB55.Nucleo/Applications/Phy_802_15_4 - SquareWaveVoltammetry/Phy_802_15_4_Cli/Core/Src/main.c:295:6:SystemClock_Config_MSI	120	static
C:/Users/kolik/STM32Cube/Repository/STM32Cube_FW_WB_V1.13.3/Projects/P-NUCLEO-WB55.Nucleo/Applications/Phy_802_15_4 - SquareWaveVoltammetry/Phy_802_15_4_Cli/Core/Src/main.c:379:6:MX_LPUART1_UART_Init	8	static
C:/Users/kolik/STM32Cube/Repository/STM32Cube_FW_WB_V1.13.3/Projects/P-NUCLEO-WB55.Nucleo/Applications/Phy_802_15_4 - SquareWaveVoltammetry/Phy_802_15_4_Cli/Core/Src/main.c:423:6:MX_LPUART1_UART_DeInit	8	static
C:/Users/kolik/STM32Cube/Repository/STM32Cube_FW_WB_V1.13.3/Projects/P-NUCLEO-WB55.Nucleo/Applications/Phy_802_15_4 - SquareWaveVoltammetry/Phy_802_15_4_Cli/Core/Src/main.c:450:6:MX_USART1_UART_Init	8	static
C:/Users/kolik/STM32Cube/Repository/STM32Cube_FW_WB_V1.13.3/Projects/P-NUCLEO-WB55.Nucleo/Applications/Phy_802_15_4 - SquareWaveVoltammetry/Phy_802_15_4_Cli/Core/Src/main.c:494:6:MX_USART1_UART_DeInit	8	static
C:/Users/kolik/STM32Cube/Repository/STM32Cube_FW_WB_V1.13.3/Projects/P-NUCLEO-WB55.Nucleo/Applications/Phy_802_15_4 - SquareWaveVoltammetry/Phy_802_15_4_Cli/Core/Src/main.c:519:13:MX_DMA_Init	8	static
C:/Users/kolik/STM32Cube/Repository/STM32Cube_FW_WB_V1.13.3/Projects/P-NUCLEO-WB55.Nucleo/Applications/Phy_802_15_4 - SquareWaveVoltammetry/Phy_802_15_4_Cli/Core/Src/main.c:547:13:EraseUserFlash	32	static
C:/Users/kolik/STM32Cube/Repository/STM32Cube_FW_WB_V1.13.3/Projects/P-NUCLEO-WB55.Nucleo/Applications/Phy_802_15_4 - SquareWaveVoltammetry/Phy_802_15_4_Cli/Core/Src/main.c:566:13:PeriphClock_Config	88	static
C:/Users/kolik/STM32Cube/Repository/STM32Cube_FW_WB_V1.13.3/Projects/P-NUCLEO-WB55.Nucleo/Applications/Phy_802_15_4 - SquareWaveVoltammetry/Phy_802_15_4_Cli/Core/Src/main.c:605:13:Config_HSE	16	static
C:/Users/kolik/STM32Cube/Repository/STM32Cube_FW_WB_V1.13.3/Projects/P-NUCLEO-WB55.Nucleo/Applications/Phy_802_15_4 - SquareWaveVoltammetry/Phy_802_15_4_Cli/Core/Src/main.c:628:13:Reset_Device	8	static
C:/Users/kolik/STM32Cube/Repository/STM32Cube_FW_WB_V1.13.3/Projects/P-NUCLEO-WB55.Nucleo/Applications/Phy_802_15_4 - SquareWaveVoltammetry/Phy_802_15_4_Cli/Core/Src/main.c:639:13:Reset_IPCC	8	static
C:/Users/kolik/STM32Cube/Repository/STM32Cube_FW_WB_V1.13.3/Projects/P-NUCLEO-WB55.Nucleo/Applications/Phy_802_15_4 - SquareWaveVoltammetry/Phy_802_15_4_Cli/Core/Src/main.c:676:13:Reset_BackupDomain	8	static
C:/Users/kolik/STM32Cube/Repository/STM32Cube_FW_WB_V1.13.3/Projects/P-NUCLEO-WB55.Nucleo/Applications/Phy_802_15_4 - SquareWaveVoltammetry/Phy_802_15_4_Cli/Core/Src/main.c:695:13:Init_Exti	8	static
C:/Users/kolik/STM32Cube/Repository/STM32Cube_FW_WB_V1.13.3/Projects/P-NUCLEO-WB55.Nucleo/Applications/Phy_802_15_4 - SquareWaveVoltammetry/Phy_802_15_4_Cli/Core/Src/main.c:713:6:HAL_Delay	16	static
C:/Users/kolik/STM32Cube/Repository/STM32Cube_FW_WB_V1.13.3/Projects/P-NUCLEO-WB55.Nucleo/Applications/Phy_802_15_4 - SquareWaveVoltammetry/Phy_802_15_4_Cli/Core/Src/main.c:725:19:HAL_InitTick	16	static
C:/Users/kolik/STM32Cube/Repository/STM32Cube_FW_WB_V1.13.3/Projects/P-NUCLEO-WB55.Nucleo/Applications/Phy_802_15_4 - SquareWaveVoltammetry/Phy_802_15_4_Cli/Core/Src/main.c:730:6:HAL_SuspendTick	4	static
C:/Users/kolik/STM32Cube/Repository/STM32Cube_FW_WB_V1.13.3/Projects/P-NUCLEO-WB55.Nucleo/Applications/Phy_802_15_4 - SquareWaveVoltammetry/Phy_802_15_4_Cli/Core/Src/main.c:734:6:HAL_ResumeTick	4	static
C:/Users/kolik/STM32Cube/Repository/STM32Cube_FW_WB_V1.13.3/Projects/P-NUCLEO-WB55.Nucleo/Applications/Phy_802_15_4 - SquareWaveVoltammetry/Phy_802_15_4_Cli/Core/Src/main.c:743:6:Error_Handler	4	static
C:/Users/kolik/STM32Cube/Repository/STM32Cube_FW_WB_V1.13.3/Projects/P-NUCLEO-WB55.Nucleo/Applications/Phy_802_15_4 - SquareWaveVoltammetry/Phy_802_15_4_Cli/Core/Src/main.c:774:6:Config_HSE_tuning	24	static
