C:/Users/kolik/STM32Cube/Repository/STM32Cube_FW_WB_V1.13.3/Projects/P-NUCLEO-WB55.Nucleo/Applications/Phy_802_15_4 - SquareWaveVoltammetry/Phy_802_15_4_Cli/Core/Src/stm32wbxx_it.c:73:6:NMI_Handler	4	static
C:/Users/kolik/STM32Cube/Repository/STM32Cube_FW_WB_V1.13.3/Projects/P-NUCLEO-WB55.Nucleo/Applications/Phy_802_15_4 - SquareWaveVoltammetry/Phy_802_15_4_Cli/Core/Src/stm32wbxx_it.c:86:6:HardFault_Handler	8	static
C:/Users/kolik/STM32Cube/Repository/STM32Cube_FW_WB_V1.13.3/Projects/P-NUCLEO-WB55.Nucleo/Applications/Phy_802_15_4 - SquareWaveVoltammetry/Phy_802_15_4_Cli/Core/Src/stm32wbxx_it.c:102:6:MemManage_Handler	4	static
C:/Users/kolik/STM32Cube/Repository/STM32Cube_FW_WB_V1.13.3/Projects/P-NUCLEO-WB55.Nucleo/Applications/Phy_802_15_4 - SquareWaveVoltammetry/Phy_802_15_4_Cli/Core/Src/stm32wbxx_it.c:117:6:BusFault_Handler	4	static
C:/Users/kolik/STM32Cube/Repository/STM32Cube_FW_WB_V1.13.3/Projects/P-NUCLEO-WB55.Nucleo/Applications/Phy_802_15_4 - SquareWaveVoltammetry/Phy_802_15_4_Cli/Core/Src/stm32wbxx_it.c:132:6:UsageFault_Handler	4	static
C:/Users/kolik/STM32Cube/Repository/STM32Cube_FW_WB_V1.13.3/Projects/P-NUCLEO-WB55.Nucleo/Applications/Phy_802_15_4 - SquareWaveVoltammetry/Phy_802_15_4_Cli/Core/Src/stm32wbxx_it.c:147:6:SVC_Handler	4	static
C:/Users/kolik/STM32Cube/Repository/STM32Cube_FW_WB_V1.13.3/Projects/P-NUCLEO-WB55.Nucleo/Applications/Phy_802_15_4 - SquareWaveVoltammetry/Phy_802_15_4_Cli/Core/Src/stm32wbxx_it.c:160:6:DebugMon_Handler	4	static
C:/Users/kolik/STM32Cube/Repository/STM32Cube_FW_WB_V1.13.3/Projects/P-NUCLEO-WB55.Nucleo/Applications/Phy_802_15_4 - SquareWaveVoltammetry/Phy_802_15_4_Cli/Core/Src/stm32wbxx_it.c:173:6:PendSV_Handler	4	static
C:/Users/kolik/STM32Cube/Repository/STM32Cube_FW_WB_V1.13.3/Projects/P-NUCLEO-WB55.Nucleo/Applications/Phy_802_15_4 - SquareWaveVoltammetry/Phy_802_15_4_Cli/Core/Src/stm32wbxx_it.c:186:6:SysTick_Handler	4	static
C:/Users/kolik/STM32Cube/Repository/STM32Cube_FW_WB_V1.13.3/Projects/P-NUCLEO-WB55.Nucleo/Applications/Phy_802_15_4 - SquareWaveVoltammetry/Phy_802_15_4_Cli/Core/Src/stm32wbxx_it.c:247:6:DMA1_Channel1_IRQHandler	8	static
C:/Users/kolik/STM32Cube/Repository/STM32Cube_FW_WB_V1.13.3/Projects/P-NUCLEO-WB55.Nucleo/Applications/Phy_802_15_4 - SquareWaveVoltammetry/Phy_802_15_4_Cli/Core/Src/stm32wbxx_it.c:265:6:DMA1_Channel2_IRQHandler	8	static
C:/Users/kolik/STM32Cube/Repository/STM32Cube_FW_WB_V1.13.3/Projects/P-NUCLEO-WB55.Nucleo/Applications/Phy_802_15_4 - SquareWaveVoltammetry/Phy_802_15_4_Cli/Core/Src/stm32wbxx_it.c:284:6:USART1_IRQHandler	8	static
C:/Users/kolik/STM32Cube/Repository/STM32Cube_FW_WB_V1.13.3/Projects/P-NUCLEO-WB55.Nucleo/Applications/Phy_802_15_4 - SquareWaveVoltammetry/Phy_802_15_4_Cli/Core/Src/stm32wbxx_it.c:300:6:LPUART1_IRQHandler	8	static
C:/Users/kolik/STM32Cube/Repository/STM32Cube_FW_WB_V1.13.3/Projects/P-NUCLEO-WB55.Nucleo/Applications/Phy_802_15_4 - SquareWaveVoltammetry/Phy_802_15_4_Cli/Core/Src/stm32wbxx_it.c:354:6:IPCC_C1_TX_IRQHandler	8	static
C:/Users/kolik/STM32Cube/Repository/STM32Cube_FW_WB_V1.13.3/Projects/P-NUCLEO-WB55.Nucleo/Applications/Phy_802_15_4 - SquareWaveVoltammetry/Phy_802_15_4_Cli/Core/Src/stm32wbxx_it.c:360:6:IPCC_C1_RX_IRQHandler	8	static
