../../../../../../../Drivers/STM32WBxx_HAL_Driver/Inc/stm32wbxx_ll_pwr.h:537:22:LL_PWR_SetPowerMode	16	static
../../../../../../../Drivers/STM32WBxx_HAL_Driver/Inc/stm32wbxx_ll_pwr.h:2001:22:LL_PWR_ClearFlag_WU	4	static
../../../../../../../Drivers/STM32WBxx_HAL_Driver/Inc/stm32wbxx_ll_pwr.h:2395:26:LL_PWR_IsActiveFlag_C2DS	4	static
../../../../../../../Drivers/STM32WBxx_HAL_Driver/Inc/stm32wbxx_ll_rcc.h:1305:22:LL_RCC_HSE_Enable	4	static
../../../../../../../Drivers/STM32WBxx_HAL_Driver/Inc/stm32wbxx_ll_rcc.h:1325:26:LL_RCC_HSE_IsReady	4	static
../../../../../../../Drivers/STM32WBxx_HAL_Driver/Inc/stm32wbxx_ll_rcc.h:1467:22:LL_RCC_HSI_Enable	4	static
../../../../../../../Drivers/STM32WBxx_HAL_Driver/Inc/stm32wbxx_ll_rcc.h:1487:26:LL_RCC_HSI_IsReady	4	static
../../../../../../../Drivers/STM32WBxx_HAL_Driver/Inc/stm32wbxx_ll_rcc.h:2045:22:LL_RCC_SetSysClkSource	16	static
../../../../../../../Drivers/STM32WBxx_HAL_Driver/Inc/stm32wbxx_ll_rcc.h:2059:26:LL_RCC_GetSysClkSource	4	static
../../../../../../../Drivers/STM32WBxx_HAL_Driver/Inc/stm32wbxx_ll_rcc.h:2369:22:LL_RCC_SetSMPSClockSource	16	static
../../../../../../../Drivers/STM32WBxx_HAL_Driver/Inc/stm32wbxx_ll_cortex.h:311:22:LL_LPM_EnableSleep	4	static
../../../../../../../Drivers/STM32WBxx_HAL_Driver/Inc/stm32wbxx_ll_cortex.h:322:22:LL_LPM_EnableDeepSleep	4	static
../../../../../../../Drivers/STM32WBxx_HAL_Driver/Inc/stm32wbxx_ll_hsem.h:233:26:LL_HSEM_1StepLock	16	static
../../../../../../../Drivers/STM32WBxx_HAL_Driver/Inc/stm32wbxx_ll_hsem.h:247:22:LL_HSEM_ReleaseLock	24	static
C:/Users/kolik/STM32Cube/Repository/STM32Cube_FW_WB_V1.13.3/Projects/P-NUCLEO-WB55.Nucleo/Applications/Phy_802_15_4 - SquareWaveVoltammetry/Phy_802_15_4_Cli/Core/Src/stm32_lpm_if.c:73:6:PWR_EnterOffMode	8	static,ignoring_inline_asm
C:/Users/kolik/STM32Cube/Repository/STM32Cube_FW_WB_V1.13.3/Projects/P-NUCLEO-WB55.Nucleo/Applications/Phy_802_15_4 - SquareWaveVoltammetry/Phy_802_15_4_Cli/Core/Src/stm32_lpm_if.c:116:6:PWR_ExitOffMode	8	static
C:/Users/kolik/STM32Cube/Repository/STM32Cube_FW_WB_V1.13.3/Projects/P-NUCLEO-WB55.Nucleo/Applications/Phy_802_15_4 - SquareWaveVoltammetry/Phy_802_15_4_Cli/Core/Src/stm32_lpm_if.c:132:6:PWR_EnterStopMode	8	static,ignoring_inline_asm
C:/Users/kolik/STM32Cube/Repository/STM32Cube_FW_WB_V1.13.3/Projects/P-NUCLEO-WB55.Nucleo/Applications/Phy_802_15_4 - SquareWaveVoltammetry/Phy_802_15_4_Cli/Core/Src/stm32_lpm_if.c:181:6:PWR_ExitStopMode	8	static
C:/Users/kolik/STM32Cube/Repository/STM32Cube_FW_WB_V1.13.3/Projects/P-NUCLEO-WB55.Nucleo/Applications/Phy_802_15_4 - SquareWaveVoltammetry/Phy_802_15_4_Cli/Core/Src/stm32_lpm_if.c:206:6:PWR_EnterSleepMode	8	static,ignoring_inline_asm
C:/Users/kolik/STM32Cube/Repository/STM32Cube_FW_WB_V1.13.3/Projects/P-NUCLEO-WB55.Nucleo/Applications/Phy_802_15_4 - SquareWaveVoltammetry/Phy_802_15_4_Cli/Core/Src/stm32_lpm_if.c:235:6:PWR_ExitSleepMode	8	static
C:/Users/kolik/STM32Cube/Repository/STM32Cube_FW_WB_V1.13.3/Projects/P-NUCLEO-WB55.Nucleo/Applications/Phy_802_15_4 - SquareWaveVoltammetry/Phy_802_15_4_Cli/Core/Src/stm32_lpm_if.c:250:13:Enter_Low_Power	8	static
C:/Users/kolik/STM32Cube/Repository/STM32Cube_FW_WB_V1.13.3/Projects/P-NUCLEO-WB55.Nucleo/Applications/Phy_802_15_4 - SquareWaveVoltammetry/Phy_802_15_4_Cli/Core/Src/stm32_lpm_if.c:276:13:Exit_Low_Power	8	static
C:/Users/kolik/STM32Cube/Repository/STM32Cube_FW_WB_V1.13.3/Projects/P-NUCLEO-WB55.Nucleo/Applications/Phy_802_15_4 - SquareWaveVoltammetry/Phy_802_15_4_Cli/Core/Src/stm32_lpm_if.c:311:13:Switch_On_HSI	8	static
