Archive member included to satisfy reference by file (symbol)

c:/st/stm32cubeide_1.9.0/stm32cubeide/plugins/com.st.stm32cube.ide.mcu.externaltools.gnu-tools-for-stm32.10.3-2021.10.win32_1.0.0.202111181127/tools/bin/../lib/gcc/arm-none-eabi/10.3.1/../../../../arm-none-eabi/lib/thumb/v7e-m+fp/hard\libc_nano.a(lib_a-atol.o)
                              ./Application/User/Core/app_lld_tests.o (atol)
c:/st/stm32cubeide_1.9.0/stm32cubeide/plugins/com.st.stm32cube.ide.mcu.externaltools.gnu-tools-for-stm32.10.3-2021.10.win32_1.0.0.202111181127/tools/bin/../lib/gcc/arm-none-eabi/10.3.1/../../../../arm-none-eabi/lib/thumb/v7e-m+fp/hard\libc_nano.a(lib_a-errno.o)
                              ./Application/User/Core/syscalls.o (__errno)
c:/st/stm32cubeide_1.9.0/stm32cubeide/plugins/com.st.stm32cube.ide.mcu.externaltools.gnu-tools-for-stm32.10.3-2021.10.win32_1.0.0.202111181127/tools/bin/../lib/gcc/arm-none-eabi/10.3.1/../../../../arm-none-eabi/lib/thumb/v7e-m+fp/hard\libc_nano.a(lib_a-exit.o)
                              c:/st/stm32cubeide_1.9.0/stm32cubeide/plugins/com.st.stm32cube.ide.mcu.externaltools.gnu-tools-for-stm32.10.3-2021.10.win32_1.0.0.202111181127/tools/bin/../lib/gcc/arm-none-eabi/10.3.1/../../../../arm-none-eabi/lib/thumb/v7e-m+fp/hard/crt0.o (exit)
c:/st/stm32cubeide_1.9.0/stm32cubeide/plugins/com.st.stm32cube.ide.mcu.externaltools.gnu-tools-for-stm32.10.3-2021.10.win32_1.0.0.202111181127/tools/bin/../lib/gcc/arm-none-eabi/10.3.1/../../../../arm-none-eabi/lib/thumb/v7e-m+fp/hard\libc_nano.a(lib_a-impure.o)
                              c:/st/stm32cubeide_1.9.0/stm32cubeide/plugins/com.st.stm32cube.ide.mcu.externaltools.gnu-tools-for-stm32.10.3-2021.10.win32_1.0.0.202111181127/tools/bin/../lib/gcc/arm-none-eabi/10.3.1/../../../../arm-none-eabi/lib/thumb/v7e-m+fp/hard\libc_nano.a(lib_a-exit.o) (_global_impure_ptr)
c:/st/stm32cubeide_1.9.0/stm32cubeide/plugins/com.st.stm32cube.ide.mcu.externaltools.gnu-tools-for-stm32.10.3-2021.10.win32_1.0.0.202111181127/tools/bin/../lib/gcc/arm-none-eabi/10.3.1/../../../../arm-none-eabi/lib/thumb/v7e-m+fp/hard\libc_nano.a(lib_a-init.o)
                              c:/st/stm32cubeide_1.9.0/stm32cubeide/plugins/com.st.stm32cube.ide.mcu.externaltools.gnu-tools-for-stm32.10.3-2021.10.win32_1.0.0.202111181127/tools/bin/../lib/gcc/arm-none-eabi/10.3.1/../../../../arm-none-eabi/lib/thumb/v7e-m+fp/hard/crt0.o (__libc_init_array)
c:/st/stm32cubeide_1.9.0/stm32cubeide/plugins/com.st.stm32cube.ide.mcu.externaltools.gnu-tools-for-stm32.10.3-2021.10.win32_1.0.0.202111181127/tools/bin/../lib/gcc/arm-none-eabi/10.3.1/../../../../arm-none-eabi/lib/thumb/v7e-m+fp/hard\libc_nano.a(lib_a-memcpy-stub.o)
                              ./Application/User/Core/app_lld_tests.o (memcpy)
c:/st/stm32cubeide_1.9.0/stm32cubeide/plugins/com.st.stm32cube.ide.mcu.externaltools.gnu-tools-for-stm32.10.3-2021.10.win32_1.0.0.202111181127/tools/bin/../lib/gcc/arm-none-eabi/10.3.1/../../../../arm-none-eabi/lib/thumb/v7e-m+fp/hard\libc_nano.a(lib_a-memset.o)
                              c:/st/stm32cubeide_1.9.0/stm32cubeide/plugins/com.st.stm32cube.ide.mcu.externaltools.gnu-tools-for-stm32.10.3-2021.10.win32_1.0.0.202111181127/tools/bin/../lib/gcc/arm-none-eabi/10.3.1/../../../../arm-none-eabi/lib/thumb/v7e-m+fp/hard/crt0.o (memset)
c:/st/stm32cubeide_1.9.0/stm32cubeide/plugins/com.st.stm32cube.ide.mcu.externaltools.gnu-tools-for-stm32.10.3-2021.10.win32_1.0.0.202111181127/tools/bin/../lib/gcc/arm-none-eabi/10.3.1/../../../../arm-none-eabi/lib/thumb/v7e-m+fp/hard\libc_nano.a(lib_a-printf.o)
                              ./Application/User/Core/stm_logging.o (printf)
c:/st/stm32cubeide_1.9.0/stm32cubeide/plugins/com.st.stm32cube.ide.mcu.externaltools.gnu-tools-for-stm32.10.3-2021.10.win32_1.0.0.202111181127/tools/bin/../lib/gcc/arm-none-eabi/10.3.1/../../../../arm-none-eabi/lib/thumb/v7e-m+fp/hard\libc_nano.a(lib_a-snprintf.o)
                              ./Application/User/Core/stm_logging.o (snprintf)
c:/st/stm32cubeide_1.9.0/stm32cubeide/plugins/com.st.stm32cube.ide.mcu.externaltools.gnu-tools-for-stm32.10.3-2021.10.win32_1.0.0.202111181127/tools/bin/../lib/gcc/arm-none-eabi/10.3.1/../../../../arm-none-eabi/lib/thumb/v7e-m+fp/hard\libc_nano.a(lib_a-sprintf.o)
                              ./Application/User/Core/app_lld_tests.o (sprintf)
c:/st/stm32cubeide_1.9.0/stm32cubeide/plugins/com.st.stm32cube.ide.mcu.externaltools.gnu-tools-for-stm32.10.3-2021.10.win32_1.0.0.202111181127/tools/bin/../lib/gcc/arm-none-eabi/10.3.1/../../../../arm-none-eabi/lib/thumb/v7e-m+fp/hard\libc_nano.a(lib_a-strcmp.o)
                              ./Application/User/Core/app_lld_tests.o (strcmp)
c:/st/stm32cubeide_1.9.0/stm32cubeide/plugins/com.st.stm32cube.ide.mcu.externaltools.gnu-tools-for-stm32.10.3-2021.10.win32_1.0.0.202111181127/tools/bin/../lib/gcc/arm-none-eabi/10.3.1/../../../../arm-none-eabi/lib/thumb/v7e-m+fp/hard\libc_nano.a(lib_a-strcpy.o)
[...]
Memory Configuration

Name             Origin             Length             Attributes
FLASH            0x0000000008000000 0x0000000000080000 xr
RAM1             0x0000000020000008 0x000000000002fff8 xrw
RAM_SHARED       0x0000000020030000 0x0000000000002800 xrw
*default*        0x0000000000000000 0xffffffffffffffff

Linker script and memory map

LOAD c:/st/stm32cubeide_1.9.0/stm32cubeide/plugins/com.st.stm32cube.ide.mcu.externaltools.gnu-tools-for-stm32.10.3-2021.10.win32_1.0.0.202111181127/tools/bin/../lib/gcc/arm-none-eabi/10.3.1/thumb/v7e-m+fp/hard/crti.o
LOAD c:/st/stm32cubeide_1.9.0/stm32cubeide/plugins/com.st.stm32cube.ide.mcu.externaltools.gnu-tools-for-stm32.10.3-2021.10.win32_1.0.0.202111181127/tools/bin/../lib/gcc/arm-none-eabi/10.3.1/thumb/v7e-m+fp/hard/crtbegin.o
LOAD c:/st/stm32cubeide_1.9.0/stm32cubeide/plugins/com.st.stm32cube.ide.mcu.externaltools.gnu-tools-for-stm32.10.3-2021.10.win32_1.0.0.202111181127/tools/bin/../lib/gcc/arm-none-eabi/10.3.1/../../../../arm-none-eabi/lib/thumb/v7e-m+fp/hard/crt0.o
LOAD ./Application/Startup/app_lld_tests_iar_asm.o
LOAD ./Application/Startup/startup_stm32wb55rgvx.o
LOAD ./Application/User/Core/app_entry.o
LOAD ./Application/User/Core/app_lld_tests.o
LOAD ./Application/User/Core/gpio_lld.o
LOAD ./Application/User/Core/hw_ipcc.o
LOAD ./Application/User/Core/hw_uart.o
LOAD ./Application/User/Core/main.o
LOAD ./Application/User/Core/stm32_lpm_if.o
LOAD ./Application/User/Core/stm32wbxx_hal_msp.o
LOAD ./Application/User/Core/stm32wbxx_it.o
LOAD ./Application/User/Core/stm_logging.o
LOAD ./Application/User/Core/syscalls.o
LOAD ./Application/User/Core/sysmem.o
LOAD ./Drivers/BSP/stm32wbxx_nucleo.o
LOAD ./Drivers/CMSIS/system_stm32wbxx.o
LOAD ./Drivers/STM32WBxx_HAL_Driver/stm32wbxx_hal.o
LOAD ./Drivers/STM32WBxx_HAL_Driver/stm32wbxx_hal_cortex.o
LOAD ./Drivers/STM32WBxx_HAL_Driver/stm32wbxx_hal_dma.o
LOAD ./Drivers/STM32WBxx_HAL_Driver/stm32wbxx_hal_dma_ex.o
LOAD ./Drivers/STM32WBxx_HAL_Driver/stm32wbxx_hal_exti.o
LOAD ./Drivers/STM32WBxx_HAL_Driver/stm32wbxx_hal_flash.o
LOAD ./Drivers/STM32WBxx_HAL_Driver/stm32wbxx_hal_flash_ex.o
LOAD ./Drivers/STM32WBxx_HAL_Driver/stm32wbxx_hal_gpio.o
LOAD ./Drivers/STM32WBxx_HAL_Driver/stm32wbxx_hal_hsem.o
LOAD ./Drivers/STM32WBxx_HAL_Driver/stm32wbxx_hal_pwr.o
LOAD ./Drivers/STM32WBxx_HAL_Driver/stm32wbxx_hal_pwr_ex.o
LOAD ./Drivers/STM32WBxx_HAL_Driver/stm32wbxx_hal_rcc.o
LOAD ./Drivers/STM32WBxx_HAL_Driver/stm32wbxx_hal_rcc_ex.o
LOAD ./Drivers/STM32WBxx_HAL_Driver/stm32wbxx_hal_tim.o
LOAD ./Drivers/STM32WBxx_HAL_Driver/stm32wbxx_hal_tim_ex.o
LOAD ./Drivers/STM32WBxx_HAL_Driver/stm32wbxx_hal_uart.o
LOAD ./Drivers/STM32WBxx_HAL_Driver/stm32wbxx_hal_uart_ex.o
LOAD ./Middlewares/STM32_WPAN/dbg_trace.o
LOAD ./Middlewares/STM32_WPAN/otp.o
LOAD ./Middlewares/STM32_WPAN/shci.o
LOAD ./Middlewares/STM32_WPAN/shci_tl.o
LOAD ./Middlewares/STM32_WPAN/shci_tl_if.o
LOAD ./Middlewares/STM32_WPAN/stm_list.o
LOAD ./Middlewares/STM32_WPAN/stm_queue.o
LOAD ./Middlewares/STM32_WPAN/tl_mbox.o
LOAD ./Utilities/stm32_lpm.o
LOAD ./Utilities/stm32_seq.o
START GROUP
LOAD c:/st/stm32cubeide_1.9.0/stm32cubeide/plugins/com.st.stm32cube.ide.mcu.externaltools.gnu-tools-for-stm32.10.3-2021.10.win32_1.0.0.202111181127/tools/bin/../lib/gcc/arm-none-eabi/10.3.1/../../../../arm-none-eabi/lib/thumb/v7e-m+fp/hard\libc_nano.a
LOAD c:/st/stm32cubeide_1.9.0/stm32cubeide/plugins/com.st.stm32cube.ide.mcu.externaltools.gnu-tools-for-stm32.10.3-2021.10.win32_1.0.0.202111181127/tools/bin/../lib/gcc/arm-none-eabi/10.3.1/../../../../arm-none-eabi/lib/thumb/v7e-m+fp/hard\libm.a
END GROUP
START GROUP
LOAD c:/st/stm32cubeide_1.9.0/stm32cubeide/plugins/com.st.stm32cube.ide.mcu.externaltools.gnu-tools-for-stm32.10.3-2021.10.win32_1.0.0.202111181127/tools/bin/../lib/gcc/arm-none-eabi/10.3.1/thumb/v7e-m+fp/hard\libgcc.a
LOAD c:/st/stm32cubeide_1.9.0/stm32cubeide/plugins/com.st.stm32cube.ide.mcu.externaltools.gnu-tools-for-stm32.10.3-2021.10.win32_1.0.0.202111181127/tools/bin/../lib/gcc/arm-none-eabi/10.3.1/../../../../arm-none-eabi/lib/thumb/v7e-m+fp/hard\libc_nano.a
END GROUP
START GROUP
LOAD c:/st/stm32cubeide_1.9.0/stm32cubeide/plugins/com.st.stm32cube.ide.mcu.externaltools.gnu-tools-for-stm32.10.3-2021.10.win32_1.0.0.202111181127/tools/bin/../lib/gcc/arm-none-eabi/10.3.1/thumb/v7e-m+fp/hard\libgcc.a
LOAD c:/st/stm32cubeide_1.9.0/stm32cubeide/plugins/com.st.stm32cube.ide.mcu.externaltools.gnu-tools-for-stm32.10.3-2021.10.win32_1.0.0.202111181127/tools/bin/../lib/gcc/arm-none-eabi/10.3.1/../../../../arm-none-eabi/lib/thumb/v7e-m+fp/hard\libc_nano.a
LOAD c:/st/stm32cubeide_1.9.0/stm32cubeide/plugins/com.st.stm32cube.ide.mcu.externaltools.gnu-tools-for-stm32.10.3-2021.10.win32_1.0.0.202111181127/tools/bin/../lib/gcc/arm-none-eabi/10.3.1/../../../../arm-none-eabi/lib/thumb/v7e-m+fp/hard\libnosys.a
END GROUP
START GROUP
LOAD c:/st/stm32cubeide_1.9.0/stm32cubeide/plugins/com.st.stm32cube.ide.mcu.externaltools.gnu-tools-for-stm32.10.3-2021.10.win32_1.0.0.202111181127/tools/bin/../lib/gcc/arm-none-eabi/10.3.1/thumb/v7e-m+fp/hard\libgcc.a
LOAD c:/st/stm32cubeide_1.9.0/stm32cubeide/plugins/com.st.stm32cube.ide.mcu.externaltools.gnu-tools-for-stm32.10.3-2021.10.win32_1.0.0.202111181127/tools/bin/../lib/gcc/arm-none-eabi/10.3.1/../../../../arm-none-eabi/lib/thumb/v7e-m+fp/hard\libc_nano.a
LOAD c:/st/stm32cubeide_1.9.0/stm32cubeide/plugins/com.st.stm32cube.ide.mcu.externaltools.gnu-tools-for-stm32.10.3-2021.10.win32_1.0.0.202111181127/tools/bin/../lib/gcc/arm-none-eabi/10.3.1/../../../../arm-none-eabi/lib/thumb/v7e-m+fp/hard\libnosys.a
END GROUP
LOAD c:/st/stm32cubeide_1.9.0/stm32cubeide/plugins/com.st.stm32cube.ide.mcu.externaltools.gnu-tools-for-stm32.10.3-2021.10.win32_1.0.0.202111181127/tools/bin/../lib/gcc/arm-none-eabi/10.3.1/thumb/v7e-m+fp/hard/crtend.o
LOAD c:/st/stm32cubeide_1.9.0/stm32cubeide/plugins/com.st.stm32cube.ide.mcu.externaltools.gnu-tools-for-stm32.10.3-2021.10.win32_1.0.0.202111181127/tools/bin/../lib/gcc/arm-none-eabi/10.3.1/thumb/v7e-m+fp/hard/crtn.o
                0x0000000020030000                _estack = 0x20030000
                0x0000000000000400                _Min_Heap_Size = 0x400
                0x0000000000001000                _Min_Stack_Size = 0x1000

.isr_vector     0x0000000008000000      0x13c
                0x0000000008000000                . = ALIGN (0x4)
 *(.isr_vector)
 .isr_vector    0x0000000008000000      0x13c ./Application/Startup/startup_stm32wb55rgvx.o
                0x0000000008000000                g_pfnVectors
                0x000000000800013c                . = ALIGN (0x4)

.text           0x0000000008000140     0xc06c
                0x0000000008000140                . = ALIGN (0x4)
 *(.text)
 .text          0x0000000008000140       0x40 c:/st/stm32cubeide_1.9.0/stm32cubeide/plugins/com.st.stm32cube.ide.mcu.externaltools.gnu-tools-for-stm32.10.3-2021.10.win32_1.0.0.202111181127/tools/bin/../lib/gcc/arm-none-eabi/10.3.1/thumb/v7e-m+fp/hard/crtbegin.o
 .text          0x0000000008000180       0x14 c:/st/stm32cubeide_1.9.0/stm32cubeide/plugins/com.st.stm32cube.ide.mcu.externaltools.gnu-tools-for-stm32.10.3-2021.10.win32_1.0.0.202111181127/tools/bin/../lib/gcc/arm-none-eabi/10.3.1/../../../../arm-none-eabi/lib/thumb/v7e-m+fp/hard\libc_nano.a(lib_a-strcmp.o)
                0x0000000008000180                strcmp
 .text          0x0000000008000194       0x10 c:/st/stm32cubeide_1.9.0/stm32cubeide/plugins/com.st.stm32cube.ide.mcu.externaltools.gnu-tools-for-stm32.10.3-2021.10.win32_1.0.0.202111181127/tools/bin/../lib/gcc/arm-none-eabi/10.3.1/../../../../arm-none-eabi/lib/thumb/v7e-m+fp/hard\libc_nano.a(lib_a-strlen.o)
                0x0000000008000194                strlen
 *fill*         0x00000000080001a4        0xc 
 .text          0x00000000080001b0       0xa0 c:/st/stm32cubeide_1.9.0/stm32cubeide/plugins/com.st.stm32cube.ide.mcu.externaltools.gnu-tools-for-stm32.10.3-2021.10.win32_1.0.0.202111181127/tools/bin/../lib/gcc/arm-none-eabi/10.3.1/../../../../arm-none-eabi/lib/thumb/v7e-m+fp/hard\libc_nano.a(lib_a-memchr.o)
                0x00000000080001b0                memchr
 .text          0x0000000008000250       0x30 c:/st/stm32cubeide_1.9.0/stm32cubeide/plugins/com.st.stm32cube.ide.mcu.externaltools.gnu-tools-for-stm32.10.3-2021.10.win32_1.0.0.202111181127/tools/bin/../lib/gcc/arm-none-eabi/10.3.1/thumb/v7e-m+fp/hard\libgcc.a(_aeabi_uldivmod.o)
                0x0000000008000250                __aeabi_uldivmod
 .text          0x0000000008000280      0x2d0 c:/st/stm32cubeide_1.9.0/stm32cubeide/plugins/com.st.stm32cube.ide.mcu.externaltools.gnu-tools-for-stm32.10.3-2021.10.win32_1.0.0.202111181127/tools/bin/../lib/gcc/arm-none-eabi/10.3.1/thumb/v7e-m+fp/hard\libgcc.a(_udivmoddi4.o)
                0x0000000008000280                __udivmoddi4
 .text          0x0000000008000550        0x4 c:/st/stm32cubeide_1.9.0/stm32cubeide/plugins/com.st.stm32cube.ide.mcu.externaltools.gnu-tools-for-stm32.10.3-2021.10.win32_1.0.0.202111181127/tools/bin/../lib/gcc/arm-none-eabi/10.3.1/thumb/v7e-m+fp/hard\libgcc.a(_dvmd_tls.o)
                0x0000000008000550                __aeabi_idiv0
                0x0000000008000550                __aeabi_ldiv0
 *(.text*)
 .text.us_delay_32m
                0x0000000008000554       0x3e ./Application/Startup/app_lld_tests_iar_asm.o
                0x0000000008000554                us_delay_32m
 .text.data_initializers
                0x0000000008000592       0x18 ./Application/Startup/startup_stm32wb55rgvx.o
 *fill*         0x00000000080005aa        0x2 
 .text.Reset_Handler
                0x00000000080005ac       0x54 ./Application/Startup/startup_stm32wb55rgvx.o
                0x00000000080005ac                Reset_Handler
 .text.Default_Handler
                0x0000000008000600        0x2 ./Application/Startup/startup_stm32wb55rgvx.o
                0x0000000008000600                RTC_Alarm_IRQHandler
                0x0000000008000600                EXTI2_IRQHandler
                0x0000000008000600                TIM1_CC_IRQHandler
                0x0000000008000600                TSC_IRQHandler
                0x0000000008000600                USB_HP_IRQHandler
                0x0000000008000600                EXTI3_IRQHandler
                0x0000000008000600                LPTIM2_IRQHandler
                0x0000000008000600                I2C3_ER_IRQHandler
                0x0000000008000600                EXTI0_IRQHandler
                0x0000000008000600                FPU_IRQHandler
                0x0000000008000600                TIM1_UP_TIM16_IRQHandler
                0x0000000008000600                AES1_IRQHandler
                0x0000000008000600                SPI1_IRQHandler
                0x0000000008000600                PWR_SOTF_BLEACT_802ACT_RFPHASE_IRQHandler
                0x0000000008000600                DMA2_Channel2_IRQHandler
                0x0000000008000600                DMA1_Channel4_IRQHandler
                0x0000000008000600                ADC1_IRQHandler
                0x0000000008000600                PKA_IRQHandler
                0x0000000008000600                DMA1_Channel7_IRQHandler
                0x0000000008000600                LCD_IRQHandler
                0x0000000008000600                DMA2_Channel1_IRQHandler
                0x0000000008000600                QUADSPI_IRQHandler
                0x0000000008000600                I2C1_EV_IRQHandler
                0x0000000008000600                DMAMUX1_OVR_IRQHandler
                0x0000000008000600                DMA1_Channel6_IRQHandler
                0x0000000008000600                DMA2_Channel4_IRQHandler
                0x0000000008000600                RCC_IRQHandler
                0x0000000008000600                Default_Handler
                0x0000000008000600                DMA2_Channel7_IRQHandler
                0x0000000008000600                EXTI15_10_IRQHandler
                0x0000000008000600                C2SEV_PWR_C2H_IRQHandler
                0x0000000008000600                AES2_IRQHandler
                0x0000000008000600                I2C3_EV_IRQHandler
                0x0000000008000600                EXTI9_5_IRQHandler
                0x0000000008000600                RTC_WKUP_IRQHandler
                0x0000000008000600                PVD_PVM_IRQHandler
                0x0000000008000600                SPI2_IRQHandler
                0x0000000008000600                DMA2_Channel5_IRQHandler
                0x0000000008000600                CRS_IRQHandler
                0x0000000008000600                DMA1_Channel5_IRQHandler
                0x0000000008000600                USB_LP_IRQHandler
                0x0000000008000600                EXTI4_IRQHandler
                0x0000000008000600                RNG_IRQHandler
                0x0000000008000600                TIM1_TRG_COM_TIM17_IRQHandler
                0x0000000008000600                TAMP_STAMP_LSECSS_IRQHandler
                0x0000000008000600                DMA1_Channel3_IRQHandler
                0x0000000008000600                COMP_IRQHandler
                0x0000000008000600                HSEM_IRQHandler
                0x0000000008000600                WWDG_IRQHandler
                0x0000000008000600                DMA2_Channel6_IRQHandler
                0x0000000008000600                TIM2_IRQHandler
                0x0000000008000600                TIM1_BRK_IRQHandler
                0x0000000008000600                EXTI1_IRQHandler
                0x0000000008000600                FLASH_IRQHandler
                0x0000000008000600                I2C1_ER_IRQHandler
                0x0000000008000600                LPTIM1_IRQHandler
                0x0000000008000600                SAI1_IRQHandler
                0x0000000008000600                DMA2_Channel3_IRQHandler
 *fill*         0x0000000008000602        0x2 
 .text.LL_EXTI_EnableIT_32_63
                0x0000000008000604       0x28 ./Application/User/Core/app_entry.o
 .text.LL_C2_EXTI_EnableIT_32_63
                0x000000000800062c       0x28 ./Application/User/Core/app_entry.o
 .text.LL_RCC_SetClkAfterWakeFromStop
                0x0000000008000654       0x28 ./Application/User/Core/app_entry.o
 .text.APPE_Init
                0x000000000800067c       0x24 ./Application/User/Core/app_entry.o
                0x000000000800067c                APPE_Init
 .text.Init_Debug
                0x00000000080006a0       0x48 ./Application/User/Core/app_entry.o
 .text.SystemPower_Config
                0x00000000080006e8       0x14 ./Application/User/Core/app_entry.o
 .text.appe_Tl_Init
                0x00000000080006fc       0x68 ./Application/User/Core/app_entry.o
 .text.APPE_SysStatusNot
                0x0000000008000764       0x16 ./Application/User/Core/app_entry.o
 .text.APPE_SysUserEvtRx
                0x000000000800077a       0x4a ./Application/User/Core/app_entry.o
 .text.APPE_SysEvtError
                0x00000000080007c4       0x50 ./Application/User/Core/app_entry.o
 .text.APPE_SysEvtReadyProcessing
                0x0000000008000814       0x18 ./Application/User/Core/app_entry.o
 .text.Led_Init
                0x000000000800082c       0x1a ./Application/User/Core/app_entry.o
 .text.Button_Init
                0x0000000008000846       0x20 ./Application/User/Core/app_entry.o
 .text.UTIL_SEQ_Idle
                0x0000000008000866        0xc ./Application/User/Core/app_entry.o
                0x0000000008000866                UTIL_SEQ_Idle
 .text.UTIL_SEQ_EvtIdle
                0x0000000008000872       0x1c ./Application/User/Core/app_entry.o
                0x0000000008000872                UTIL_SEQ_EvtIdle
 .text.shci_notify_asynch_evt
                0x000000000800088e       0x18 ./Application/User/Core/app_entry.o
                0x000000000800088e                shci_notify_asynch_evt
 .text.shci_cmd_resp_release
                0x00000000080008a6       0x16 ./Application/User/Core/app_entry.o
                0x00000000080008a6                shci_cmd_resp_release
 .text.shci_cmd_resp_wait
                0x00000000080008bc       0x16 ./Application/User/Core/app_entry.o
                0x00000000080008bc                shci_cmd_resp_wait
 .text.TL_TRACES_EvtReceived
                0x00000000080008d2       0x2a ./Application/User/Core/app_entry.o
                0x00000000080008d2                TL_TRACES_EvtReceived
 .text.DbgOutputInit
                0x00000000080008fc        0xc ./Application/User/Core/app_entry.o
                0x00000000080008fc                DbgOutputInit
 .text.DbgOutputTraces
                0x0000000008000908       0x22 ./Application/User/Core/app_entry.o
                0x0000000008000908                DbgOutputTraces
 *fill*         0x000000000800092a        0x2 
 .text.LL_RCC_HSE_SetCapacitorTuning
                0x000000000800092c       0x3c ./Application/User/Core/app_lld_tests.o
 .text.LL_RCC_HSE_GetCapacitorTuning
                0x0000000008000968       0x1c ./Application/User/Core/app_lld_tests.o
 .text.APP_LLDTESTS_Init
                0x0000000008000984      0x1c0 ./Application/User/Core/app_lld_tests.o
                0x0000000008000984                APP_LLDTESTS_Init
 .text.APP_LLDTESTS_Error
                0x0000000008000b44       0x64 ./Application/User/Core/app_lld_tests.o
                0x0000000008000b44                APP_LLDTESTS_Error
 .text.APP_LLDTESTS_TraceError
                0x0000000008000ba8       0x4c ./Application/User/Core/app_lld_tests.o
 .text.APP_LLDTESTS_CheckWirelessFirmwareInfo
                0x0000000008000bf4      0x148 ./Application/User/Core/app_lld_tests.o
 .text.APP_LLDTESTS_Init_UART_CLI
                0x0000000008000d3c       0x40 ./Application/User/Core/app_lld_tests.o
                0x0000000008000d3c                APP_LLDTESTS_Init_UART_CLI
 .text.APP_LLDTESTS_DeInit_UART_CLI
                0x0000000008000d7c        0xc ./Application/User/Core/app_lld_tests.o
                0x0000000008000d7c                APP_LLDTESTS_DeInit_UART_CLI
 .text.uartRxCpltCallback
                0x0000000008000d88       0x3c ./Application/User/Core/app_lld_tests.o
 .text.uartRxItProcess
                0x0000000008000dc4       0x3c ./Application/User/Core/app_lld_tests.o
 .text.uartClearChars
                0x0000000008000e00       0x38 ./Application/User/Core/app_lld_tests.o
 .text.uartRxBufferProcess
                0x0000000008000e38      0x250 ./Application/User/Core/app_lld_tests.o
 .text.uartTxLlAdd
                0x0000000008001088       0x48 ./Application/User/Core/app_lld_tests.o
 .text.uartTxBufferAdd
                0x00000000080010d0      0x10c ./Application/User/Core/app_lld_tests.o
 .text.uartTxCpltCallback
                0x00000000080011dc       0x60 ./Application/User/Core/app_lld_tests.o
 .text.uartTxItProcess
                0x000000000800123c       0x34 ./Application/User/Core/app_lld_tests.o
 .text.SendCliCmdToM0
                0x0000000008001270       0x50 ./Application/User/Core/app_lld_tests.o
 .text.APP_LLDTESTS_Init_TL
                0x00000000080012c0       0x28 ./Application/User/Core/app_lld_tests.o
                0x00000000080012c0                APP_LLDTESTS_Init_TL
 .text.m0CmdProcess
                0x00000000080012e8      0x168 ./Application/User/Core/app_lld_tests.o
 .text.m0CmdStopRequired
                0x0000000008001450      0x108 ./Application/User/Core/app_lld_tests.o
 .text.SendCliRspAckToM0
                0x0000000008001558        0xc ./Application/User/Core/app_lld_tests.o
 .text.TL_LLDTESTS_ReceiveCliRsp
                0x0000000008001564       0x8c ./Application/User/Core/app_lld_tests.o
                0x0000000008001564                TL_LLDTESTS_ReceiveCliRsp
 .text.SendM0CmdAckToM0
                0x00000000080015f0        0xc ./Application/User/Core/app_lld_tests.o
 .text.TL_LLDTESTS_ReceiveM0Cmd
                0x00000000080015fc      0x330 ./Application/User/Core/app_lld_tests.o
                0x00000000080015fc                TL_LLDTESTS_ReceiveM0Cmd
 .text.LL_AHB2_GRP1_EnableClock
                0x000000000800192c       0x32 ./Application/User/Core/gpio_lld.o
 .text.gpio_lld_phy_gpioHardFault_up
                0x000000000800195e       0x14 ./Application/User/Core/gpio_lld.o
                0x000000000800195e                gpio_lld_phy_gpioHardFault_up
 *fill*         0x0000000008001972        0x2 
 .text.gpio_lld_extPa_init
                0x0000000008001974       0x54 ./Application/User/Core/gpio_lld.o
                0x0000000008001974                gpio_lld_extPa_init
 .text.gpio_lld_extPa_deInit
                0x00000000080019c8       0x20 ./Application/User/Core/gpio_lld.o
                0x00000000080019c8                gpio_lld_extPa_deInit
 .text.gpio_lld_usart_init
                0x00000000080019e8       0x38 ./Application/User/Core/gpio_lld.o
                0x00000000080019e8                gpio_lld_usart_init
 .text.gpio_lld_usart_deInit
                0x0000000008001a20       0x1c ./Application/User/Core/gpio_lld.o
                0x0000000008001a20                gpio_lld_usart_deInit
 .text.gpio_lld_lpuart_init
                0x0000000008001a3c       0x38 ./Application/User/Core/gpio_lld.o
                0x0000000008001a3c                gpio_lld_lpuart_init
 .text.gpio_lld_lpuart_deInit
                0x0000000008001a74       0x14 ./Application/User/Core/gpio_lld.o
                0x0000000008001a74                gpio_lld_lpuart_deInit
 .text.LL_PWR_EnableBootC2
                0x0000000008001a88       0x20 ./Application/User/Core/hw_ipcc.o
 .text.LL_C2_EXTI_EnableEvent_32_63
                0x0000000008001aa8       0x28 ./Application/User/Core/hw_ipcc.o
 .text.LL_EXTI_EnableRisingTrig_32_63
                0x0000000008001ad0       0x24 ./Application/User/Core/hw_ipcc.o
 .text.LL_AHB3_GRP1_EnableClock
                0x0000000008001af4       0x32 ./Application/User/Core/hw_ipcc.o
 .text.LL_C2_AHB3_GRP1_EnableClock
                0x0000000008001b26       0x38 ./Application/User/Core/hw_ipcc.o
 .text.LL_C1_IPCC_EnableIT_TXF
                0x0000000008001b5e       0x20 ./Application/User/Core/hw_ipcc.o
 .text.LL_C1_IPCC_EnableIT_RXO
                0x0000000008001b7e       0x20 ./Application/User/Core/hw_ipcc.o
 .text.LL_C1_IPCC_EnableTransmitChannel
                0x0000000008001b9e       0x26 ./Application/User/Core/hw_ipcc.o
 .text.LL_C1_IPCC_DisableTransmitChannel
                0x0000000008001bc4       0x24 ./Application/User/Core/hw_ipcc.o
 .text.LL_C1_IPCC_EnableReceiveChannel
                0x0000000008001be8       0x24 ./Application/User/Core/hw_ipcc.o
 .text.LL_C1_IPCC_DisableReceiveChannel
                0x0000000008001c0c       0x22 ./Application/User/Core/hw_ipcc.o
 .text.LL_C1_IPCC_ClearFlag_CHx
                0x0000000008001c2e       0x1c ./Application/User/Core/hw_ipcc.o
 .text.LL_C1_IPCC_SetFlag_CHx
                0x0000000008001c4a       0x1e ./Application/User/Core/hw_ipcc.o
 .text.LL_C1_IPCC_IsActiveFlag_CHx
                0x0000000008001c68       0x2a ./Application/User/Core/hw_ipcc.o
 .text.LL_C2_IPCC_IsActiveFlag_CHx
                0x0000000008001c92       0x2a ./Application/User/Core/hw_ipcc.o
 .text.HW_IPCC_Rx_Handler
                0x0000000008001cbc       0xb4 ./Application/User/Core/hw_ipcc.o
                0x0000000008001cbc                HW_IPCC_Rx_Handler
 .text.HW_IPCC_Tx_Handler
                0x0000000008001d70       0x74 ./Application/User/Core/hw_ipcc.o
                0x0000000008001d70                HW_IPCC_Tx_Handler
 .text.HW_IPCC_Enable
                0x0000000008001de4       0x28 ./Application/User/Core/hw_ipcc.o
                0x0000000008001de4                HW_IPCC_Enable
 .text.HW_IPCC_Init
                0x0000000008001e0c       0x2c ./Application/User/Core/hw_ipcc.o
                0x0000000008001e0c                HW_IPCC_Init
 .text.HW_IPCC_BLE_EvtHandler
                0x0000000008001e38       0x18 ./Application/User/Core/hw_ipcc.o
 .text.HW_IPCC_BLE_AclDataEvtHandler
                0x0000000008001e50       0x18 ./Application/User/Core/hw_ipcc.o
 .text.HW_IPCC_SYS_Init
                0x0000000008001e68       0x14 ./Application/User/Core/hw_ipcc.o
                0x0000000008001e68                HW_IPCC_SYS_Init
 .text.HW_IPCC_SYS_SendCmd
                0x0000000008001e7c       0x1c ./Application/User/Core/hw_ipcc.o
                0x0000000008001e7c                HW_IPCC_SYS_SendCmd
 .text.HW_IPCC_SYS_CmdEvtHandler
                0x0000000008001e98       0x18 ./Application/User/Core/hw_ipcc.o
 .text.HW_IPCC_SYS_EvtHandler
                0x0000000008001eb0       0x18 ./Application/User/Core/hw_ipcc.o
 .text.HW_IPCC_LLDTESTS_Init
                0x0000000008001ec8       0x1c ./Application/User/Core/hw_ipcc.o
                0x0000000008001ec8                HW_IPCC_LLDTESTS_Init
 .text.HW_IPCC_LLDTESTS_SendCliCmd
                0x0000000008001ee4       0x14 ./Application/User/Core/hw_ipcc.o
                0x0000000008001ee4                HW_IPCC_LLDTESTS_SendCliCmd
 .text.HW_IPCC_LLDTESTS_ReceiveCliRspHandler
                0x0000000008001ef8       0x18 ./Application/User/Core/hw_ipcc.o
 .text.HW_IPCC_LLDTESTS_SendCliRspAck
                0x0000000008001f10       0x1c ./Application/User/Core/hw_ipcc.o
                0x0000000008001f10                HW_IPCC_LLDTESTS_SendCliRspAck
 .text.HW_IPCC_LLDTESTS_ReceiveM0CmdHandler
                0x0000000008001f2c       0x18 ./Application/User/Core/hw_ipcc.o
 .text.HW_IPCC_LLDTESTS_SendM0CmdAck
                0x0000000008001f44       0x1c ./Application/User/Core/hw_ipcc.o
                0x0000000008001f44                HW_IPCC_LLDTESTS_SendM0CmdAck
 .text.HW_IPCC_MM_SendFreeBuf
                0x0000000008001f60       0x44 ./Application/User/Core/hw_ipcc.o
                0x0000000008001f60                HW_IPCC_MM_SendFreeBuf
 .text.HW_IPCC_MM_FreeBufHandler
                0x0000000008001fa4       0x28 ./Application/User/Core/hw_ipcc.o
 .text.HW_IPCC_TRACES_Init
                0x0000000008001fcc       0x14 ./Application/User/Core/hw_ipcc.o
                0x0000000008001fcc                HW_IPCC_TRACES_Init
 .text.HW_IPCC_TRACES_EvtHandler
                0x0000000008001fe0       0x18 ./Application/User/Core/hw_ipcc.o
 .text.LL_USART_IsActiveFlag_TXE_TXFNF
                0x0000000008001ff8       0x26 ./Application/User/Core/hw_uart.o
 .text.LL_USART_TransmitData8
                0x000000000800201e       0x1e ./Application/User/Core/hw_uart.o
 .text.LL_LPUART_IsActiveFlag_TXE_TXFNF
                0x000000000800203c       0x26 ./Application/User/Core/hw_uart.o
 .text.LL_LPUART_TransmitData8
                0x0000000008002062       0x1e ./Application/User/Core/hw_uart.o
 .text.HW_UART_Receive_IT
                0x0000000008002080       0xbc ./Application/User/Core/hw_uart.o
                0x0000000008002080                HW_UART_Receive_IT
 .text.HW_UART_Transmit_IT
                0x000000000800213c       0xbc ./Application/User/Core/hw_uart.o
                0x000000000800213c                HW_UART_Transmit_IT
 .text.HW_UART_Transmit_LL
                0x00000000080021f8       0x68 ./Application/User/Core/hw_uart.o
                0x00000000080021f8                HW_UART_Transmit_LL
 .text.HW_UART_Transmit_DMA
                0x0000000008002260       0xbc ./Application/User/Core/hw_uart.o
                0x0000000008002260                HW_UART_Transmit_DMA
 .text.HAL_UART_RxCpltCallback
                0x000000000800231c       0x5c ./Application/User/Core/hw_uart.o
                0x000000000800231c                HAL_UART_RxCpltCallback
 .text.HAL_UART_TxCpltCallback
                0x0000000008002378       0x5c ./Application/User/Core/hw_uart.o
                0x0000000008002378                HAL_UART_TxCpltCallback
 .text.LL_EXTI_DisableIT_0_31
                0x00000000080023d4       0x2c ./Application/User/Core/main.o
 .text.LL_EXTI_DisableIT_32_63
                0x0000000008002400       0x2c ./Application/User/Core/main.o
 .text.LL_RCC_HSE_SetCapacitorTuning
                0x000000000800242c       0x3c ./Application/User/Core/main.o
 .text.LL_RCC_LSE_SetDriveCapability
                0x0000000008002468       0x2c ./Application/User/Core/main.o
 .text.LL_RCC_ForceBackupDomainReset
                0x0000000008002494       0x22 ./Application/User/Core/main.o
 .text.LL_RCC_ReleaseBackupDomainReset
                0x00000000080024b6       0x22 ./Application/User/Core/main.o
 .text.LL_RCC_IsActiveFlag_PINRST
                0x00000000080024d8       0x26 ./Application/User/Core/main.o
 .text.LL_RCC_IsActiveFlag_SFTRST
                0x00000000080024fe       0x26 ./Application/User/Core/main.o
 .text.LL_AHB1_GRP1_EnableClock
                0x0000000008002524       0x32 ./Application/User/Core/main.o
 .text.LL_AHB3_GRP1_EnableClock
                0x0000000008002556       0x32 ./Application/User/Core/main.o
 .text.LL_C1_IPCC_DisableTransmitChannel
                0x0000000008002588       0x24 ./Application/User/Core/main.o
 .text.LL_C1_IPCC_DisableReceiveChannel
                0x00000000080025ac       0x22 ./Application/User/Core/main.o
 .text.LL_C2_IPCC_DisableTransmitChannel
                0x00000000080025ce       0x24 ./Application/User/Core/main.o
 .text.LL_C2_IPCC_DisableReceiveChannel
                0x00000000080025f2       0x22 ./Application/User/Core/main.o
 .text.LL_C1_IPCC_ClearFlag_CHx
                0x0000000008002614       0x1c ./Application/User/Core/main.o
 .text.LL_C2_IPCC_ClearFlag_CHx
                0x0000000008002630       0x1c ./Application/User/Core/main.o
 .text.main     0x000000000800264c       0x3c ./Application/User/Core/main.o
                0x000000000800264c                main
 .text.SystemClock_Config
                0x0000000008002688       0x80 ./Application/User/Core/main.o
                0x0000000008002688                SystemClock_Config
 .text.SystemClock_Config_HSE
                0x0000000008002708      0x122 ./Application/User/Core/main.o
                0x0000000008002708                SystemClock_Config_HSE
 .text.SystemClock_Config_MSI
                0x000000000800282a      0x12a ./Application/User/Core/main.o
                0x000000000800282a                SystemClock_Config_MSI
 .text.MX_LPUART1_UART_Init
                0x0000000008002954       0xa0 ./Application/User/Core/main.o
                0x0000000008002954                MX_LPUART1_UART_Init
 .text.MX_LPUART1_UART_DeInit
                0x00000000080029f4       0x6c ./Application/User/Core/main.o
                0x00000000080029f4                MX_LPUART1_UART_DeInit
 .text.MX_USART1_UART_Init
                0x0000000008002a60       0xa0 ./Application/User/Core/main.o
                0x0000000008002a60                MX_USART1_UART_Init
 .text.MX_USART1_UART_DeInit
                0x0000000008002b00       0x6c ./Application/User/Core/main.o
                0x0000000008002b00                MX_USART1_UART_DeInit
 .text.MX_DMA_Init
                0x0000000008002b6c       0x34 ./Application/User/Core/main.o
 .text.EraseUserFlash
                0x0000000008002ba0       0x60 ./Application/User/Core/main.o
 .text.PeriphClock_Config
                0x0000000008002c00       0x42 ./Application/User/Core/main.o
 *fill*         0x0000000008002c42        0x2 
 .text.Config_HSE
                0x0000000008002c44       0x4c ./Application/User/Core/main.o
 .text.Reset_Device
                0x0000000008002c90       0x10 ./Application/User/Core/main.o
 .text.Reset_IPCC
                0x0000000008002ca0       0x44 ./Application/User/Core/main.o
 .text.Reset_BackupDomain
                0x0000000008002ce4       0x2e ./Application/User/Core/main.o
 .text.Init_Exti
                0x0000000008002d12       0x18 ./Application/User/Core/main.o
 .text.HAL_Delay
                0x0000000008002d2a       0x20 ./Application/User/Core/main.o
                0x0000000008002d2a                HAL_Delay
 .text.HAL_InitTick
                0x0000000008002d4a       0x16 ./Application/User/Core/main.o
                0x0000000008002d4a                HAL_InitTick
 .text.HAL_SuspendTick
                0x0000000008002d60        0xe ./Application/User/Core/main.o
                0x0000000008002d60                HAL_SuspendTick
 .text.HAL_ResumeTick
                0x0000000008002d6e        0xe ./Application/User/Core/main.o
                0x0000000008002d6e                HAL_ResumeTick
 .text.Error_Handler
                0x0000000008002d7c        0xe ./Application/User/Core/main.o
                0x0000000008002d7c                Error_Handler
 *fill*         0x0000000008002d8a        0x2 
 .text.Config_HSE_tuning
                0x0000000008002d8c       0x74 ./Application/User/Core/main.o
                0x0000000008002d8c                Config_HSE_tuning
 .text.LL_PWR_SetPowerMode
                0x0000000008002e00       0x28 ./Application/User/Core/stm32_lpm_if.o
 .text.LL_PWR_ClearFlag_WU
                0x0000000008002e28       0x18 ./Application/User/Core/stm32_lpm_if.o
 .text.LL_PWR_IsActiveFlag_C2DS
                0x0000000008002e40       0x28 ./Application/User/Core/stm32_lpm_if.o
 .text.LL_RCC_HSE_Enable
                0x0000000008002e68       0x1e ./Application/User/Core/stm32_lpm_if.o
 .text.LL_RCC_HSE_IsReady
                0x0000000008002e86       0x24 ./Application/User/Core/stm32_lpm_if.o
 .text.LL_RCC_HSI_Enable
                0x0000000008002eaa       0x1e ./Application/User/Core/stm32_lpm_if.o
 .text.LL_RCC_HSI_IsReady
                0x0000000008002ec8       0x24 ./Application/User/Core/stm32_lpm_if.o
 .text.LL_RCC_SetSysClkSource
                0x0000000008002eec       0x28 ./Application/User/Core/stm32_lpm_if.o
 .text.LL_RCC_GetSysClkSource
                0x0000000008002f14       0x18 ./Application/User/Core/stm32_lpm_if.o
 .text.LL_RCC_SetSMPSClockSource
                0x0000000008002f2c       0x28 ./Application/User/Core/stm32_lpm_if.o
 .text.LL_LPM_EnableSleep
                0x0000000008002f54       0x20 ./Application/User/Core/stm32_lpm_if.o
 .text.LL_LPM_EnableDeepSleep
                0x0000000008002f74       0x20 ./Application/User/Core/stm32_lpm_if.o
 .text.LL_HSEM_1StepLock
                0x0000000008002f94       0x30 ./Application/User/Core/stm32_lpm_if.o
 .text.LL_HSEM_ReleaseLock
                0x0000000008002fc4       0x26 ./Application/User/Core/stm32_lpm_if.o
 *fill*         0x0000000008002fea        0x2 
 .text.PWR_EnterOffMode
                0x0000000008002fec       0x28 ./Application/User/Core/stm32_lpm_if.o
                0x0000000008002fec                PWR_EnterOffMode
 .text.PWR_ExitOffMode
                0x0000000008003014       0x18 ./Application/User/Core/stm32_lpm_if.o
                0x0000000008003014                PWR_ExitOffMode
 .text.PWR_EnterStopMode
                0x000000000800302c       0x44 ./Application/User/Core/stm32_lpm_if.o
                0x000000000800302c                PWR_EnterStopMode
 .text.PWR_ExitStopMode
                0x0000000008003070       0x1c ./Application/User/Core/stm32_lpm_if.o
                0x0000000008003070                PWR_ExitStopMode
 .text.PWR_EnterSleepMode
                0x000000000800308c       0x1c ./Application/User/Core/stm32_lpm_if.o
                0x000000000800308c                PWR_EnterSleepMode
 .text.PWR_ExitSleepMode
                0x00000000080030a8       0x18 ./Application/User/Core/stm32_lpm_if.o
                0x00000000080030a8                PWR_ExitSleepMode
 .text.Enter_Low_Power
                0x00000000080030c0       0x54 ./Application/User/Core/stm32_lpm_if.o
 .text.Exit_Low_Power
                0x0000000008003114       0x5c ./Application/User/Core/stm32_lpm_if.o
 .text.Switch_On_HSI
                0x0000000008003170       0x32 ./Application/User/Core/stm32_lpm_if.o
 .text.LL_AHB3_GRP1_EnableClock
                0x00000000080031a2       0x32 ./Application/User/Core/stm32wbxx_hal_msp.o
 .text.LL_APB1_GRP2_EnableClock
                0x00000000080031d4       0x32 ./Application/User/Core/stm32wbxx_hal_msp.o
 .text.LL_APB1_GRP2_DisableClock
                0x0000000008003206       0x26 ./Application/User/Core/stm32wbxx_hal_msp.o
 .text.LL_APB2_GRP1_EnableClock
                0x000000000800322c       0x32 ./Application/User/Core/stm32wbxx_hal_msp.o
 .text.LL_APB2_GRP1_DisableClock
                0x000000000800325e       0x26 ./Application/User/Core/stm32wbxx_hal_msp.o
 .text.HAL_MspInit
                0x0000000008003284       0x20 ./Application/User/Core/stm32wbxx_hal_msp.o
                0x0000000008003284                HAL_MspInit
 .text.HAL_UART_MspInit
                0x00000000080032a4      0x144 ./Application/User/Core/stm32wbxx_hal_msp.o
                0x00000000080032a4                HAL_UART_MspInit
 .text.HAL_UART_MspDeInit
                0x00000000080033e8       0x64 ./Application/User/Core/stm32wbxx_hal_msp.o
                0x00000000080033e8                HAL_UART_MspDeInit
 .text.NMI_Handler
                0x000000000800344c        0xe ./Application/User/Core/stm32wbxx_it.o
                0x000000000800344c                NMI_Handler
 .text.HardFault_Handler
                0x000000000800345a        0xa ./Application/User/Core/stm32wbxx_it.o
                0x000000000800345a                HardFault_Handler
 .text.MemManage_Handler
                0x0000000008003464        0x6 ./Application/User/Core/stm32wbxx_it.o
                0x0000000008003464                MemManage_Handler
 .text.BusFault_Handler
                0x000000000800346a        0x6 ./Application/User/Core/stm32wbxx_it.o
                0x000000000800346a                BusFault_Handler
 .text.UsageFault_Handler
                0x0000000008003470        0x6 ./Application/User/Core/stm32wbxx_it.o
                0x0000000008003470                UsageFault_Handler
 .text.SVC_Handler
                0x0000000008003476        0xe ./Application/User/Core/stm32wbxx_it.o
                0x0000000008003476                SVC_Handler
 .text.DebugMon_Handler
                0x0000000008003484        0xe ./Application/User/Core/stm32wbxx_it.o
                0x0000000008003484                DebugMon_Handler
 .text.PendSV_Handler
                0x0000000008003492        0xe ./Application/User/Core/stm32wbxx_it.o
                0x0000000008003492                PendSV_Handler
 .text.SysTick_Handler
                0x00000000080034a0        0xe ./Application/User/Core/stm32wbxx_it.o
                0x00000000080034a0                SysTick_Handler
 *fill*         0x00000000080034ae        0x2 
 .text.DMA1_Channel1_IRQHandler
                0x00000000080034b0       0x14 ./Application/User/Core/stm32wbxx_it.o
                0x00000000080034b0                DMA1_Channel1_IRQHandler
 .text.DMA1_Channel2_IRQHandler
                0x00000000080034c4       0x14 ./Application/User/Core/stm32wbxx_it.o
                0x00000000080034c4                DMA1_Channel2_IRQHandler
 .text.USART1_IRQHandler
                0x00000000080034d8       0x14 ./Application/User/Core/stm32wbxx_it.o
                0x00000000080034d8                USART1_IRQHandler
 .text.LPUART1_IRQHandler
                0x00000000080034ec       0x14 ./Application/User/Core/stm32wbxx_it.o
                0x00000000080034ec                LPUART1_IRQHandler
 .text.IPCC_C1_TX_IRQHandler
                0x0000000008003500        0xc ./Application/User/Core/stm32wbxx_it.o
                0x0000000008003500                IPCC_C1_TX_IRQHandler
 .text.IPCC_C1_RX_IRQHandler
                0x000000000800350c        0xc ./Application/User/Core/stm32wbxx_it.o
                0x000000000800350c                IPCC_C1_RX_IRQHandler
 .text.logRegion
                0x0000000008003518       0xe0 ./Application/User/Core/stm_logging.o
 .text.levelToString
                0x00000000080035f8       0x48 ./Application/User/Core/stm_logging.o
 .text.logLevel
                0x0000000008003640       0x38 ./Application/User/Core/stm_logging.o
 .text.logApplication
                0x0000000008003678      0x140 ./Application/User/Core/stm_logging.o
                0x0000000008003678                logApplication
 .text._getpid  0x00000000080037b8       0x10 ./Application/User/Core/syscalls.o
                0x00000000080037b8                _getpid
 .text._kill    0x00000000080037c8       0x20 ./Application/User/Core/syscalls.o
                0x00000000080037c8                _kill
 .text._exit    0x00000000080037e8       0x14 ./Application/User/Core/syscalls.o
                0x00000000080037e8                _exit
 .text._read    0x00000000080037fc       0x3a ./Application/User/Core/syscalls.o
                0x00000000080037fc                _read
 .text._close   0x0000000008003836       0x18 ./Application/User/Core/syscalls.o
                0x0000000008003836                _close
 .text._fstat   0x000000000800384e       0x20 ./Application/User/Core/syscalls.o
                0x000000000800384e                _fstat
 .text._isatty  0x000000000800386e       0x16 ./Application/User/Core/syscalls.o
                0x000000000800386e                _isatty
 .text._lseek   0x0000000008003884       0x1a ./Application/User/Core/syscalls.o
                0x0000000008003884                _lseek
 *fill*         0x000000000800389e        0x2 
 .text._sbrk    0x00000000080038a0       0x6c ./Application/User/Core/sysmem.o
                0x00000000080038a0                _sbrk
 .text.LL_AHB2_GRP1_EnableClock
                0x000000000800390c       0x32 ./Drivers/BSP/stm32wbxx_nucleo.o
 *fill*         0x000000000800393e        0x2 
 .text.BSP_LED_Init
                0x0000000008003940       0x74 ./Drivers/BSP/stm32wbxx_nucleo.o
                0x0000000008003940                BSP_LED_Init
 .text.BSP_LED_On
                0x00000000080039b4       0x34 ./Drivers/BSP/stm32wbxx_nucleo.o
                0x00000000080039b4                BSP_LED_On
 .text.BSP_LED_Off
                0x00000000080039e8       0x34 ./Drivers/BSP/stm32wbxx_nucleo.o
                0x00000000080039e8                BSP_LED_Off
 .text.BSP_LED_Toggle
                0x0000000008003a1c       0x34 ./Drivers/BSP/stm32wbxx_nucleo.o
                0x0000000008003a1c                BSP_LED_Toggle
 .text.BSP_PB_Init
                0x0000000008003a50       0xe0 ./Drivers/BSP/stm32wbxx_nucleo.o
                0x0000000008003a50                BSP_PB_Init
 .text.SystemInit
                0x0000000008003b30       0xac ./Drivers/CMSIS/system_stm32wbxx.o
                0x0000000008003b30                SystemInit
 .text.LL_DBGMCU_GetDeviceID
                0x0000000008003bdc       0x1c ./Drivers/STM32WBxx_HAL_Driver/stm32wbxx_hal.o
 .text.LL_DBGMCU_GetRevisionID
                0x0000000008003bf8       0x1c ./Drivers/STM32WBxx_HAL_Driver/stm32wbxx_hal.o
 .text.LL_DBGMCU_EnableDBGSleepMode
                0x0000000008003c14       0x20 ./Drivers/STM32WBxx_HAL_Driver/stm32wbxx_hal.o
 .text.HAL_Init
                0x0000000008003c34       0x40 ./Drivers/STM32WBxx_HAL_Driver/stm32wbxx_hal.o
                0x0000000008003c34                HAL_Init
 .text.HAL_GetTick
                0x0000000008003c74       0x18 ./Drivers/STM32WBxx_HAL_Driver/stm32wbxx_hal.o
                0x0000000008003c74                HAL_GetTick
 .text.HAL_GetTickPrio
                0x0000000008003c8c       0x18 ./Drivers/STM32WBxx_HAL_Driver/stm32wbxx_hal.o
                0x0000000008003c8c                HAL_GetTickPrio
 .text.HAL_GetREVID
                0x0000000008003ca4        0xe ./Drivers/STM32WBxx_HAL_Driver/stm32wbxx_hal.o
                0x0000000008003ca4                HAL_GetREVID
 .text.HAL_GetDEVID
                0x0000000008003cb2        0xe ./Drivers/STM32WBxx_HAL_Driver/stm32wbxx_hal.o
                0x0000000008003cb2                HAL_GetDEVID
 .text.HAL_DBGMCU_EnableDBGSleepMode
                0x0000000008003cc0        0xc ./Drivers/STM32WBxx_HAL_Driver/stm32wbxx_hal.o
                0x0000000008003cc0                HAL_DBGMCU_EnableDBGSleepMode
 .text.__NVIC_SetPriorityGrouping
                0x0000000008003ccc       0x48 ./Drivers/STM32WBxx_HAL_Driver/stm32wbxx_hal_cortex.o
 .text.__NVIC_GetPriorityGrouping
                0x0000000008003d14       0x1c ./Drivers/STM32WBxx_HAL_Driver/stm32wbxx_hal_cortex.o
 .text.__NVIC_EnableIRQ
                0x0000000008003d30       0x3c ./Drivers/STM32WBxx_HAL_Driver/stm32wbxx_hal_cortex.o
 .text.__NVIC_DisableIRQ
                0x0000000008003d6c       0x48 ./Drivers/STM32WBxx_HAL_Driver/stm32wbxx_hal_cortex.o
 .text.__NVIC_SetPriority
                0x0000000008003db4       0x54 ./Drivers/STM32WBxx_HAL_Driver/stm32wbxx_hal_cortex.o
 .text.NVIC_EncodePriority
                0x0000000008003e08       0x66 ./Drivers/STM32WBxx_HAL_Driver/stm32wbxx_hal_cortex.o
 .text.HAL_NVIC_SetPriorityGrouping
                0x0000000008003e6e       0x16 ./Drivers/STM32WBxx_HAL_Driver/stm32wbxx_hal_cortex.o
                0x0000000008003e6e                HAL_NVIC_SetPriorityGrouping
 .text.HAL_NVIC_SetPriority
                0x0000000008003e84       0x34 ./Drivers/STM32WBxx_HAL_Driver/stm32wbxx_hal_cortex.o
                0x0000000008003e84                HAL_NVIC_SetPriority
 .text.HAL_NVIC_EnableIRQ
                0x0000000008003eb8       0x1c ./Drivers/STM32WBxx_HAL_Driver/stm32wbxx_hal_cortex.o
                0x0000000008003eb8                HAL_NVIC_EnableIRQ
 .text.HAL_NVIC_DisableIRQ
                0x0000000008003ed4       0x1c ./Drivers/STM32WBxx_HAL_Driver/stm32wbxx_hal_cortex.o
                0x0000000008003ed4                HAL_NVIC_DisableIRQ
 .text.HAL_DMA_Init
                0x0000000008003ef0      0x150 ./Drivers/STM32WBxx_HAL_Driver/stm32wbxx_hal_dma.o
                0x0000000008003ef0                HAL_DMA_Init
 .text.HAL_DMA_DeInit
                0x0000000008004040      0x12c ./Drivers/STM32WBxx_HAL_Driver/stm32wbxx_hal_dma.o
                0x0000000008004040                HAL_DMA_DeInit
 .text.HAL_DMA_Start_IT
                0x000000000800416c       0xf6 ./Drivers/STM32WBxx_HAL_Driver/stm32wbxx_hal_dma.o
                0x000000000800416c                HAL_DMA_Start_IT
 .text.HAL_DMA_Abort
                0x0000000008004262       0xbe ./Drivers/STM32WBxx_HAL_Driver/stm32wbxx_hal_dma.o
                0x0000000008004262                HAL_DMA_Abort
 .text.HAL_DMA_Abort_IT
                0x0000000008004320       0xbe ./Drivers/STM32WBxx_HAL_Driver/stm32wbxx_hal_dma.o
                0x0000000008004320                HAL_DMA_Abort_IT
 .text.HAL_DMA_IRQHandler
                0x00000000080043de      0x15e ./Drivers/STM32WBxx_HAL_Driver/stm32wbxx_hal_dma.o
                0x00000000080043de                HAL_DMA_IRQHandler
 .text.DMA_SetConfig
                0x000000000800453c       0x7c ./Drivers/STM32WBxx_HAL_Driver/stm32wbxx_hal_dma.o
 .text.DMA_CalcDMAMUXChannelBaseAndMask
                0x00000000080045b8       0x7c ./Drivers/STM32WBxx_HAL_Driver/stm32wbxx_hal_dma.o
 .text.DMA_CalcDMAMUXRequestGenBaseAndMask
                0x0000000008004634       0x4c ./Drivers/STM32WBxx_HAL_Driver/stm32wbxx_hal_dma.o
 .text.HAL_DMAEx_ConfigMuxSync
                0x0000000008004680       0x80 ./Drivers/STM32WBxx_HAL_Driver/stm32wbxx_hal_dma_ex.o
                0x0000000008004680                HAL_DMAEx_ConfigMuxSync
 .text.HAL_FLASH_Program
                0x0000000008004700       0x88 ./Drivers/STM32WBxx_HAL_Driver/stm32wbxx_hal_flash.o
                0x0000000008004700                HAL_FLASH_Program
 .text.HAL_FLASH_Unlock
                0x0000000008004788       0x44 ./Drivers/STM32WBxx_HAL_Driver/stm32wbxx_hal_flash.o
                0x0000000008004788                HAL_FLASH_Unlock
 .text.FLASH_WaitForLastOperation
                0x00000000080047cc       0xe0 ./Drivers/STM32WBxx_HAL_Driver/stm32wbxx_hal_flash.o
                0x00000000080047cc                FLASH_WaitForLastOperation
 .text.FLASH_Program_DoubleWord
                0x00000000080048ac       0x4c ./Drivers/STM32WBxx_HAL_Driver/stm32wbxx_hal_flash.o
 .text.HAL_FLASHEx_Erase
                0x00000000080048f8       0xa0 ./Drivers/STM32WBxx_HAL_Driver/stm32wbxx_hal_flash_ex.o
                0x00000000080048f8                HAL_FLASHEx_Erase
 .text.FLASH_PageErase
                0x0000000008004998       0x34 ./Drivers/STM32WBxx_HAL_Driver/stm32wbxx_hal_flash_ex.o
                0x0000000008004998                FLASH_PageErase
 .text.FLASH_FlushCaches
                0x00000000080049cc       0x90 ./Drivers/STM32WBxx_HAL_Driver/stm32wbxx_hal_flash_ex.o
 .text.FLASH_AcknowledgePageErase
                0x0000000008004a5c       0x24 ./Drivers/STM32WBxx_HAL_Driver/stm32wbxx_hal_flash_ex.o
 .text.HAL_GPIO_Init
                0x0000000008004a80      0x2e0 ./Drivers/STM32WBxx_HAL_Driver/stm32wbxx_hal_gpio.o
                0x0000000008004a80                HAL_GPIO_Init
 .text.HAL_GPIO_DeInit
                0x0000000008004d60      0x1bc ./Drivers/STM32WBxx_HAL_Driver/stm32wbxx_hal_gpio.o
                0x0000000008004d60                HAL_GPIO_DeInit
 .text.HAL_GPIO_WritePin
                0x0000000008004f1c       0x30 ./Drivers/STM32WBxx_HAL_Driver/stm32wbxx_hal_gpio.o
                0x0000000008004f1c                HAL_GPIO_WritePin
 .text.HAL_GPIO_TogglePin
                0x0000000008004f4c       0x34 ./Drivers/STM32WBxx_HAL_Driver/stm32wbxx_hal_gpio.o
                0x0000000008004f4c                HAL_GPIO_TogglePin
 .text.HAL_PWR_EnableBkUpAccess
                0x0000000008004f80       0x20 ./Drivers/STM32WBxx_HAL_Driver/stm32wbxx_hal_pwr.o
                0x0000000008004f80                HAL_PWR_EnableBkUpAccess
 .text.HAL_PWREx_GetVoltageRange
                0x0000000008004fa0       0x1c ./Drivers/STM32WBxx_HAL_Driver/stm32wbxx_hal_pwr_ex.o
                0x0000000008004fa0                HAL_PWREx_GetVoltageRange
 .text.LL_RCC_HSE_IsEnabledDiv2
                0x0000000008004fbc       0x24 ./Drivers/STM32WBxx_HAL_Driver/stm32wbxx_hal_rcc.o
 .text.LL_RCC_HSE_Enable
                0x0000000008004fe0       0x1e ./Drivers/STM32WBxx_HAL_Driver/stm32wbxx_hal_rcc.o
 .text.LL_RCC_HSE_Disable
                0x0000000008004ffe       0x1e ./Drivers/STM32WBxx_HAL_Driver/stm32wbxx_hal_rcc.o
 .text.LL_RCC_HSE_IsReady
                0x000000000800501c       0x24 ./Drivers/STM32WBxx_HAL_Driver/stm32wbxx_hal_rcc.o
 .text.LL_RCC_HSI_Enable
                0x0000000008005040       0x1e ./Drivers/STM32WBxx_HAL_Driver/stm32wbxx_hal_rcc.o
 .text.LL_RCC_HSI_Disable
                0x000000000800505e       0x1e ./Drivers/STM32WBxx_HAL_Driver/stm32wbxx_hal_rcc.o
 .text.LL_RCC_HSI_IsReady
                0x000000000800507c       0x24 ./Drivers/STM32WBxx_HAL_Driver/stm32wbxx_hal_rcc.o
 .text.LL_RCC_HSI_SetCalibTrimming
                0x00000000080050a0       0x2a ./Drivers/STM32WBxx_HAL_Driver/stm32wbxx_hal_rcc.o
 .text.LL_RCC_HSI48_Enable
                0x00000000080050ca       0x22 ./Drivers/STM32WBxx_HAL_Driver/stm32wbxx_hal_rcc.o
 .text.LL_RCC_HSI48_Disable
                0x00000000080050ec       0x22 ./Drivers/STM32WBxx_HAL_Driver/stm32wbxx_hal_rcc.o
 .text.LL_RCC_HSI48_IsReady
                0x000000000800510e       0x24 ./Drivers/STM32WBxx_HAL_Driver/stm32wbxx_hal_rcc.o
 .text.LL_RCC_LSE_Enable
                0x0000000008005132       0x22 ./Drivers/STM32WBxx_HAL_Driver/stm32wbxx_hal_rcc.o
 .text.LL_RCC_LSE_Disable
                0x0000000008005154       0x22 ./Drivers/STM32WBxx_HAL_Driver/stm32wbxx_hal_rcc.o
 .text.LL_RCC_LSE_EnableBypass
                0x0000000008005176       0x22 ./Drivers/STM32WBxx_HAL_Driver/stm32wbxx_hal_rcc.o
 .text.LL_RCC_LSE_DisableBypass
                0x0000000008005198       0x22 ./Drivers/STM32WBxx_HAL_Driver/stm32wbxx_hal_rcc.o
 .text.LL_RCC_LSE_IsReady
                0x00000000080051ba       0x24 ./Drivers/STM32WBxx_HAL_Driver/stm32wbxx_hal_rcc.o
 .text.LL_RCC_LSI1_Enable
                0x00000000080051de       0x22 ./Drivers/STM32WBxx_HAL_Driver/stm32wbxx_hal_rcc.o
 .text.LL_RCC_LSI1_Disable
                0x0000000008005200       0x22 ./Drivers/STM32WBxx_HAL_Driver/stm32wbxx_hal_rcc.o
 .text.LL_RCC_LSI1_IsReady
                0x0000000008005222       0x24 ./Drivers/STM32WBxx_HAL_Driver/stm32wbxx_hal_rcc.o
 .text.LL_RCC_LSI2_Enable
                0x0000000008005246       0x22 ./Drivers/STM32WBxx_HAL_Driver/stm32wbxx_hal_rcc.o
 .text.LL_RCC_LSI2_Disable
                0x0000000008005268       0x22 ./Drivers/STM32WBxx_HAL_Driver/stm32wbxx_hal_rcc.o
 .text.LL_RCC_LSI2_IsReady
                0x000000000800528a       0x24 ./Drivers/STM32WBxx_HAL_Driver/stm32wbxx_hal_rcc.o
 .text.LL_RCC_LSI2_SetTrimming
                0x00000000080052ae       0x2e ./Drivers/STM32WBxx_HAL_Driver/stm32wbxx_hal_rcc.o
 .text.LL_RCC_MSI_Enable
                0x00000000080052dc       0x1e ./Drivers/STM32WBxx_HAL_Driver/stm32wbxx_hal_rcc.o
 .text.LL_RCC_MSI_Disable
                0x00000000080052fa       0x1e ./Drivers/STM32WBxx_HAL_Driver/stm32wbxx_hal_rcc.o
 .text.LL_RCC_MSI_IsReady
                0x0000000008005318       0x22 ./Drivers/STM32WBxx_HAL_Driver/stm32wbxx_hal_rcc.o
 .text.LL_RCC_MSI_SetRange
                0x000000000800533a       0x28 ./Drivers/STM32WBxx_HAL_Driver/stm32wbxx_hal_rcc.o
 .text.LL_RCC_MSI_GetRange
                0x0000000008005362       0x2a ./Drivers/STM32WBxx_HAL_Driver/stm32wbxx_hal_rcc.o
 .text.LL_RCC_MSI_SetCalibTrimming
                0x000000000800538c       0x2a ./Drivers/STM32WBxx_HAL_Driver/stm32wbxx_hal_rcc.o
 .text.LL_RCC_SetSysClkSource
                0x00000000080053b6       0x28 ./Drivers/STM32WBxx_HAL_Driver/stm32wbxx_hal_rcc.o
 .text.LL_RCC_GetSysClkSource
                0x00000000080053de       0x18 ./Drivers/STM32WBxx_HAL_Driver/stm32wbxx_hal_rcc.o
 .text.LL_RCC_SetAHBPrescaler
                0x00000000080053f6       0x28 ./Drivers/STM32WBxx_HAL_Driver/stm32wbxx_hal_rcc.o
 .text.LL_C2_RCC_SetAHBPrescaler
                0x000000000800541e       0x2c ./Drivers/STM32WBxx_HAL_Driver/stm32wbxx_hal_rcc.o
 .text.LL_RCC_SetAHB4Prescaler
                0x000000000800544a       0x2e ./Drivers/STM32WBxx_HAL_Driver/stm32wbxx_hal_rcc.o
 .text.LL_RCC_SetAPB1Prescaler
                0x0000000008005478       0x28 ./Drivers/STM32WBxx_HAL_Driver/stm32wbxx_hal_rcc.o
 .text.LL_RCC_SetAPB2Prescaler
                0x00000000080054a0       0x28 ./Drivers/STM32WBxx_HAL_Driver/stm32wbxx_hal_rcc.o
 .text.LL_RCC_GetAHBPrescaler
                0x00000000080054c8       0x18 ./Drivers/STM32WBxx_HAL_Driver/stm32wbxx_hal_rcc.o
 .text.LL_RCC_GetAHB4Prescaler
                0x00000000080054e0       0x1c ./Drivers/STM32WBxx_HAL_Driver/stm32wbxx_hal_rcc.o
 .text.LL_RCC_GetAPB1Prescaler
                0x00000000080054fc       0x18 ./Drivers/STM32WBxx_HAL_Driver/stm32wbxx_hal_rcc.o
 .text.LL_RCC_GetAPB2Prescaler
                0x0000000008005514       0x18 ./Drivers/STM32WBxx_HAL_Driver/stm32wbxx_hal_rcc.o
 .text.LL_RCC_PLL_Enable
                0x000000000800552c       0x1e ./Drivers/STM32WBxx_HAL_Driver/stm32wbxx_hal_rcc.o
 .text.LL_RCC_PLL_Disable
                0x000000000800554a       0x1e ./Drivers/STM32WBxx_HAL_Driver/stm32wbxx_hal_rcc.o
 .text.LL_RCC_PLL_IsReady
                0x0000000008005568       0x24 ./Drivers/STM32WBxx_HAL_Driver/stm32wbxx_hal_rcc.o
 .text.LL_RCC_PLL_GetN
                0x000000000800558c       0x1a ./Drivers/STM32WBxx_HAL_Driver/stm32wbxx_hal_rcc.o
 .text.LL_RCC_PLL_GetR
                0x00000000080055a6       0x18 ./Drivers/STM32WBxx_HAL_Driver/stm32wbxx_hal_rcc.o
 .text.LL_RCC_PLL_GetDivider
                0x00000000080055be       0x18 ./Drivers/STM32WBxx_HAL_Driver/stm32wbxx_hal_rcc.o
 .text.LL_RCC_PLL_GetMainSource
                0x00000000080055d6       0x18 ./Drivers/STM32WBxx_HAL_Driver/stm32wbxx_hal_rcc.o
 .text.LL_RCC_IsActiveFlag_HPRE
                0x00000000080055ee       0x24 ./Drivers/STM32WBxx_HAL_Driver/stm32wbxx_hal_rcc.o
 .text.LL_RCC_IsActiveFlag_C2HPRE
                0x0000000008005612       0x26 ./Drivers/STM32WBxx_HAL_Driver/stm32wbxx_hal_rcc.o
 .text.LL_RCC_IsActiveFlag_SHDHPRE
                0x0000000008005638       0x26 ./Drivers/STM32WBxx_HAL_Driver/stm32wbxx_hal_rcc.o
 .text.LL_RCC_IsActiveFlag_PPRE1
                0x000000000800565e       0x24 ./Drivers/STM32WBxx_HAL_Driver/stm32wbxx_hal_rcc.o
 .text.LL_RCC_IsActiveFlag_PPRE2
                0x0000000008005682       0x24 ./Drivers/STM32WBxx_HAL_Driver/stm32wbxx_hal_rcc.o
 *fill*         0x00000000080056a6        0x2 
 .text.HAL_RCC_OscConfig
                0x00000000080056a8      0x71c ./Drivers/STM32WBxx_HAL_Driver/stm32wbxx_hal_rcc.o
                0x00000000080056a8                HAL_RCC_OscConfig
 .text.HAL_RCC_ClockConfig
                0x0000000008005dc4      0x280 ./Drivers/STM32WBxx_HAL_Driver/stm32wbxx_hal_rcc.o
                0x0000000008005dc4                HAL_RCC_ClockConfig
 .text.HAL_RCC_GetSysClockFreq
                0x0000000008006044       0xd8 ./Drivers/STM32WBxx_HAL_Driver/stm32wbxx_hal_rcc.o
                0x0000000008006044                HAL_RCC_GetSysClockFreq
 .text.HAL_RCC_GetHCLKFreq
                0x000000000800611c       0x28 ./Drivers/STM32WBxx_HAL_Driver/stm32wbxx_hal_rcc.o
                0x000000000800611c                HAL_RCC_GetHCLKFreq
 .text.HAL_RCC_GetPCLK1Freq
                0x0000000008006144       0x2c ./Drivers/STM32WBxx_HAL_Driver/stm32wbxx_hal_rcc.o
                0x0000000008006144                HAL_RCC_GetPCLK1Freq
 .text.HAL_RCC_GetPCLK2Freq
                0x0000000008006170       0x2c ./Drivers/STM32WBxx_HAL_Driver/stm32wbxx_hal_rcc.o
                0x0000000008006170                HAL_RCC_GetPCLK2Freq
 .text.RCC_SetFlashLatencyFromMSIRange
                0x000000000800619c       0x70 ./Drivers/STM32WBxx_HAL_Driver/stm32wbxx_hal_rcc.o
 .text.RCC_SetFlashLatency
                0x000000000800620c       0xf8 ./Drivers/STM32WBxx_HAL_Driver/stm32wbxx_hal_rcc.o
 .text.LL_RCC_LSE_IsEnabled
                0x0000000008006304       0x24 ./Drivers/STM32WBxx_HAL_Driver/stm32wbxx_hal_rcc_ex.o
 .text.LL_RCC_LSE_IsReady
                0x0000000008006328       0x24 ./Drivers/STM32WBxx_HAL_Driver/stm32wbxx_hal_rcc_ex.o
 .text.LL_RCC_SetRFWKPClockSource
                0x000000000800634c       0x2c ./Drivers/STM32WBxx_HAL_Driver/stm32wbxx_hal_rcc_ex.o
 .text.LL_RCC_SetSMPSClockSource
                0x0000000008006378       0x28 ./Drivers/STM32WBxx_HAL_Driver/stm32wbxx_hal_rcc_ex.o
 .text.LL_RCC_SetSMPSPrescaler
                0x00000000080063a0       0x28 ./Drivers/STM32WBxx_HAL_Driver/stm32wbxx_hal_rcc_ex.o
 .text.LL_RCC_SetUSARTClockSource
                0x00000000080063c8       0x2c ./Drivers/STM32WBxx_HAL_Driver/stm32wbxx_hal_rcc_ex.o
 .text.LL_RCC_SetLPUARTClockSource
                0x00000000080063f4       0x2c ./Drivers/STM32WBxx_HAL_Driver/stm32wbxx_hal_rcc_ex.o
 .text.LL_RCC_SetI2CClockSource
                0x0000000008006420       0x3a ./Drivers/STM32WBxx_HAL_Driver/stm32wbxx_hal_rcc_ex.o
 .text.LL_RCC_SetLPTIMClockSource
                0x000000000800645a       0x34 ./Drivers/STM32WBxx_HAL_Driver/stm32wbxx_hal_rcc_ex.o
 .text.LL_RCC_SetSAIClockSource
                0x000000000800648e       0x2c ./Drivers/STM32WBxx_HAL_Driver/stm32wbxx_hal_rcc_ex.o
 .text.LL_RCC_SetRNGClockSource
                0x00000000080064ba       0x2c ./Drivers/STM32WBxx_HAL_Driver/stm32wbxx_hal_rcc_ex.o
 .text.LL_RCC_SetCLK48ClockSource
                0x00000000080064e6       0x2c ./Drivers/STM32WBxx_HAL_Driver/stm32wbxx_hal_rcc_ex.o
 .text.LL_RCC_SetUSBClockSource
                0x0000000008006512       0x16 ./Drivers/STM32WBxx_HAL_Driver/stm32wbxx_hal_rcc_ex.o
 .text.LL_RCC_SetADCClockSource
                0x0000000008006528       0x2c ./Drivers/STM32WBxx_HAL_Driver/stm32wbxx_hal_rcc_ex.o
 .text.LL_RCC_SetRTCClockSource
                0x0000000008006554       0x2c ./Drivers/STM32WBxx_HAL_Driver/stm32wbxx_hal_rcc_ex.o
 .text.LL_RCC_GetRTCClockSource
                0x0000000008006580       0x1a ./Drivers/STM32WBxx_HAL_Driver/stm32wbxx_hal_rcc_ex.o
 .text.LL_RCC_ForceBackupDomainReset
                0x000000000800659a       0x22 ./Drivers/STM32WBxx_HAL_Driver/stm32wbxx_hal_rcc_ex.o
 .text.LL_RCC_ReleaseBackupDomainReset
                0x00000000080065bc       0x22 ./Drivers/STM32WBxx_HAL_Driver/stm32wbxx_hal_rcc_ex.o
 .text.LL_RCC_PLLSAI1_Enable
                0x00000000080065de       0x1e ./Drivers/STM32WBxx_HAL_Driver/stm32wbxx_hal_rcc_ex.o
 .text.LL_RCC_PLLSAI1_Disable
                0x00000000080065fc       0x1e ./Drivers/STM32WBxx_HAL_Driver/stm32wbxx_hal_rcc_ex.o
 .text.LL_RCC_PLLSAI1_IsReady
                0x000000000800661a       0x24 ./Drivers/STM32WBxx_HAL_Driver/stm32wbxx_hal_rcc_ex.o
 .text.HAL_RCCEx_PeriphCLKConfig
                0x000000000800663e      0x2ec ./Drivers/STM32WBxx_HAL_Driver/stm32wbxx_hal_rcc_ex.o
                0x000000000800663e                HAL_RCCEx_PeriphCLKConfig
 .text.RCCEx_PLLSAI1_ConfigNP
                0x000000000800692a       0xb6 ./Drivers/STM32WBxx_HAL_Driver/stm32wbxx_hal_rcc_ex.o
 .text.RCCEx_PLLSAI1_ConfigNQ
                0x00000000080069e0       0xb6 ./Drivers/STM32WBxx_HAL_Driver/stm32wbxx_hal_rcc_ex.o
 .text.RCCEx_PLLSAI1_ConfigNR
                0x0000000008006a96       0xb6 ./Drivers/STM32WBxx_HAL_Driver/stm32wbxx_hal_rcc_ex.o
 .text.LL_RCC_GetUSARTClockSource
                0x0000000008006b4c       0x20 ./Drivers/STM32WBxx_HAL_Driver/stm32wbxx_hal_uart.o
 .text.LL_RCC_GetLPUARTClockSource
                0x0000000008006b6c       0x20 ./Drivers/STM32WBxx_HAL_Driver/stm32wbxx_hal_uart.o
 .text.HAL_UART_Init
                0x0000000008006b8c       0xa0 ./Drivers/STM32WBxx_HAL_Driver/stm32wbxx_hal_uart.o
                0x0000000008006b8c                HAL_UART_Init
 .text.HAL_UART_DeInit
                0x0000000008006c2c       0x78 ./Drivers/STM32WBxx_HAL_Driver/stm32wbxx_hal_uart.o
                0x0000000008006c2c                HAL_UART_DeInit
 .text.HAL_UART_Transmit_IT
                0x0000000008006ca4      0x150 ./Drivers/STM32WBxx_HAL_Driver/stm32wbxx_hal_uart.o
                0x0000000008006ca4                HAL_UART_Transmit_IT
 .text.HAL_UART_Receive_IT
                0x0000000008006df4       0xac ./Drivers/STM32WBxx_HAL_Driver/stm32wbxx_hal_uart.o
                0x0000000008006df4                HAL_UART_Receive_IT
 .text.HAL_UART_Transmit_DMA
                0x0000000008006ea0      0x124 ./Drivers/STM32WBxx_HAL_Driver/stm32wbxx_hal_uart.o
                0x0000000008006ea0                HAL_UART_Transmit_DMA
 .text.HAL_UART_IRQHandler
                0x0000000008006fc4      0x630 ./Drivers/STM32WBxx_HAL_Driver/stm32wbxx_hal_uart.o
                0x0000000008006fc4                HAL_UART_IRQHandler
 .text.HAL_UART_TxHalfCpltCallback
                0x00000000080075f4       0x14 ./Drivers/STM32WBxx_HAL_Driver/stm32wbxx_hal_uart.o
                0x00000000080075f4                HAL_UART_TxHalfCpltCallback
 .text.HAL_UART_ErrorCallback
                0x0000000008007608       0x14 ./Drivers/STM32WBxx_HAL_Driver/stm32wbxx_hal_uart.o
                0x0000000008007608                HAL_UART_ErrorCallback
 .text.HAL_UARTEx_RxEventCallback
                0x000000000800761c       0x18 ./Drivers/STM32WBxx_HAL_Driver/stm32wbxx_hal_uart.o
                0x000000000800761c                HAL_UARTEx_RxEventCallback
 .text.UART_SetConfig
                0x0000000008007634      0x450 ./Drivers/STM32WBxx_HAL_Driver/stm32wbxx_hal_uart.o
                0x0000000008007634                UART_SetConfig
 .text.UART_AdvFeatureConfig
                0x0000000008007a84      0x144 ./Drivers/STM32WBxx_HAL_Driver/stm32wbxx_hal_uart.o
                0x0000000008007a84                UART_AdvFeatureConfig
 .text.UART_CheckIdleState
                0x0000000008007bc8       0x96 ./Drivers/STM32WBxx_HAL_Driver/stm32wbxx_hal_uart.o
                0x0000000008007bc8                UART_CheckIdleState
 .text.UART_WaitOnFlagUntilTimeout
                0x0000000008007c5e      0x190 ./Drivers/STM32WBxx_HAL_Driver/stm32wbxx_hal_uart.o
                0x0000000008007c5e                UART_WaitOnFlagUntilTimeout
 *fill*         0x0000000008007dee        0x2 
 .text.UART_Start_Receive_IT
                0x0000000008007df0      0x208 ./Drivers/STM32WBxx_HAL_Driver/stm32wbxx_hal_uart.o
                0x0000000008007df0                UART_Start_Receive_IT
 .text.UART_EndTxTransfer
                0x0000000008007ff8       0x82 ./Drivers/STM32WBxx_HAL_Driver/stm32wbxx_hal_uart.o
 .text.UART_EndRxTransfer
                0x000000000800807a       0xcc ./Drivers/STM32WBxx_HAL_Driver/stm32wbxx_hal_uart.o
 .text.UART_DMATransmitCplt
                0x0000000008008146       0x9a ./Drivers/STM32WBxx_HAL_Driver/stm32wbxx_hal_uart.o
 .text.UART_DMATxHalfCplt
                0x00000000080081e0       0x1c ./Drivers/STM32WBxx_HAL_Driver/stm32wbxx_hal_uart.o
 .text.UART_DMAError
                0x00000000080081fc       0x80 ./Drivers/STM32WBxx_HAL_Driver/stm32wbxx_hal_uart.o
 .text.UART_DMAAbortOnError
                0x000000000800827c       0x2c ./Drivers/STM32WBxx_HAL_Driver/stm32wbxx_hal_uart.o
 .text.UART_TxISR_8BIT
                0x00000000080082a8       0xb8 ./Drivers/STM32WBxx_HAL_Driver/stm32wbxx_hal_uart.o
 .text.UART_TxISR_16BIT
                0x0000000008008360       0xc2 ./Drivers/STM32WBxx_HAL_Driver/stm32wbxx_hal_uart.o
 .text.UART_TxISR_8BIT_FIFOEN
                0x0000000008008422       0xe0 ./Drivers/STM32WBxx_HAL_Driver/stm32wbxx_hal_uart.o
 .text.UART_TxISR_16BIT_FIFOEN
                0x0000000008008502       0xea ./Drivers/STM32WBxx_HAL_Driver/stm32wbxx_hal_uart.o
 .text.UART_EndTransmit_IT
                0x00000000080085ec       0x56 ./Drivers/STM32WBxx_HAL_Driver/stm32wbxx_hal_uart.o
 .text.UART_RxISR_8BIT
                0x0000000008008642      0x160 ./Drivers/STM32WBxx_HAL_Driver/stm32wbxx_hal_uart.o
 .text.UART_RxISR_16BIT
                0x00000000080087a2      0x160 ./Drivers/STM32WBxx_HAL_Driver/stm32wbxx_hal_uart.o
 *fill*         0x0000000008008902        0x2 
 .text.UART_RxISR_8BIT_FIFOEN
                0x0000000008008904      0x2f8 ./Drivers/STM32WBxx_HAL_Driver/stm32wbxx_hal_uart.o
 .text.UART_RxISR_16BIT_FIFOEN
                0x0000000008008bfc      0x300 ./Drivers/STM32WBxx_HAL_Driver/stm32wbxx_hal_uart.o
 .text.HAL_UARTEx_WakeupCallback
                0x0000000008008efc       0x14 ./Drivers/STM32WBxx_HAL_Driver/stm32wbxx_hal_uart_ex.o
                0x0000000008008efc                HAL_UARTEx_WakeupCallback
 .text.HAL_UARTEx_RxFifoFullCallback
                0x0000000008008f10       0x14 ./Drivers/STM32WBxx_HAL_Driver/stm32wbxx_hal_uart_ex.o
                0x0000000008008f10                HAL_UARTEx_RxFifoFullCallback
 .text.HAL_UARTEx_TxFifoEmptyCallback
                0x0000000008008f24       0x14 ./Drivers/STM32WBxx_HAL_Driver/stm32wbxx_hal_uart_ex.o
                0x0000000008008f24                HAL_UARTEx_TxFifoEmptyCallback
 .text.HAL_UARTEx_DisableFifoMode
                0x0000000008008f38       0x72 ./Drivers/STM32WBxx_HAL_Driver/stm32wbxx_hal_uart_ex.o
                0x0000000008008f38                HAL_UARTEx_DisableFifoMode
 .text.HAL_UARTEx_SetTxFifoThreshold
                0x0000000008008faa       0x7c ./Drivers/STM32WBxx_HAL_Driver/stm32wbxx_hal_uart_ex.o
                0x0000000008008faa                HAL_UARTEx_SetTxFifoThreshold
 .text.HAL_UARTEx_SetRxFifoThreshold
                0x0000000008009026       0x7c ./Drivers/STM32WBxx_HAL_Driver/stm32wbxx_hal_uart_ex.o
                0x0000000008009026                HAL_UARTEx_SetRxFifoThreshold
 *fill*         0x00000000080090a2        0x2 
 .text.UARTEx_SetNbDataToProcess
                0x00000000080090a4       0x9c ./Drivers/STM32WBxx_HAL_Driver/stm32wbxx_hal_uart_ex.o
 .text.DbgTrace_TxCpltCallback
                0x0000000008009140       0x70 ./Middlewares/STM32_WPAN/dbg_trace.o
 .text.DbgTraceInit
                0x00000000080091b0       0x2c ./Middlewares/STM32_WPAN/dbg_trace.o
                0x00000000080091b0                DbgTraceInit
 .text._write   0x00000000080091dc       0x20 ./Middlewares/STM32_WPAN/dbg_trace.o
                0x00000000080091dc                _write
 .text.DbgTraceWrite
                0x00000000080091fc       0xb0 ./Middlewares/STM32_WPAN/dbg_trace.o
                0x00000000080091fc                DbgTraceWrite
 .text.OTP_Read
                0x00000000080092ac       0x50 ./Middlewares/STM32_WPAN/otp.o
                0x00000000080092ac                OTP_Read
 .text.SHCI_C2_LLDTESTS_Init
                0x00000000080092fc       0x2e ./Middlewares/STM32_WPAN/shci.o
                0x00000000080092fc                SHCI_C2_LLDTESTS_Init
 .text.SHCI_C2_ExtpaConfig
                0x000000000800932a       0x5e ./Middlewares/STM32_WPAN/shci.o
                0x000000000800932a                SHCI_C2_ExtpaConfig
 .text.SHCI_GetWirelessFwInfo
                0x0000000008009388      0x15c ./Middlewares/STM32_WPAN/shci.o
                0x0000000008009388                SHCI_GetWirelessFwInfo
 .text.shci_init
                0x00000000080094e4       0x38 ./Middlewares/STM32_WPAN/shci_tl.o
                0x00000000080094e4                shci_init
 .text.shci_user_evt_proc
                0x000000000800951c       0x9c ./Middlewares/STM32_WPAN/shci_tl.o
                0x000000000800951c                shci_user_evt_proc
 .text.shci_send
                0x00000000080095b8       0x7c ./Middlewares/STM32_WPAN/shci_tl.o
                0x00000000080095b8                shci_send
 .text.TlInit   0x0000000008009634       0x64 ./Middlewares/STM32_WPAN/shci_tl.o
 .text.Cmd_SetStatus
                0x0000000008009698       0x50 ./Middlewares/STM32_WPAN/shci_tl.o
 .text.TlCmdEvtReceived
                0x00000000080096e8       0x16 ./Middlewares/STM32_WPAN/shci_tl.o
 *fill*         0x00000000080096fe        0x2 
 .text.TlUserEvtReceived
                0x0000000008009700       0x24 ./Middlewares/STM32_WPAN/shci_tl.o
 .text.shci_register_io_bus
                0x0000000008009724       0x28 ./Middlewares/STM32_WPAN/shci_tl_if.o
                0x0000000008009724                shci_register_io_bus
 .text.LST_init_head
                0x000000000800974c       0x20 ./Middlewares/STM32_WPAN/stm_list.o
                0x000000000800974c                LST_init_head
 .text.LST_is_empty
                0x000000000800976c       0x44 ./Middlewares/STM32_WPAN/stm_list.o
                0x000000000800976c                LST_is_empty
 .text.LST_insert_head
                0x00000000080097b0       0x4c ./Middlewares/STM32_WPAN/stm_list.o
                0x00000000080097b0                LST_insert_head
 .text.LST_insert_tail
                0x00000000080097fc       0x4c ./Middlewares/STM32_WPAN/stm_list.o
                0x00000000080097fc                LST_insert_tail
 .text.LST_remove_node
                0x0000000008009848       0x42 ./Middlewares/STM32_WPAN/stm_list.o
                0x0000000008009848                LST_remove_node
 .text.LST_remove_head
                0x000000000800988a       0x3e ./Middlewares/STM32_WPAN/stm_list.o
                0x000000000800988a                LST_remove_head
 .text.CircularQueue_Init
                0x00000000080098c8       0x64 ./Middlewares/STM32_WPAN/stm_queue.o
                0x00000000080098c8                CircularQueue_Init
 .text.CircularQueue_Add
                0x000000000800992c      0x44e ./Middlewares/STM32_WPAN/stm_queue.o
                0x000000000800992c                CircularQueue_Add
 .text.CircularQueue_Remove
                0x0000000008009d7a      0x1e2 ./Middlewares/STM32_WPAN/stm_queue.o
                0x0000000008009d7a                CircularQueue_Remove
 .text.CircularQueue_Sense
                0x0000000008009f5c      0x16e ./Middlewares/STM32_WPAN/stm_queue.o
                0x0000000008009f5c                CircularQueue_Sense
 .text.TL_Enable
                0x000000000800a0ca        0xc ./Middlewares/STM32_WPAN/tl_mbox.o
                0x000000000800a0ca                TL_Enable
 *fill*         0x000000000800a0d6        0x2 
 .text.TL_Init  0x000000000800a0d8       0x74 ./Middlewares/STM32_WPAN/tl_mbox.o
                0x000000000800a0d8                TL_Init
 .text.HW_IPCC_BLE_RxEvtNot
                0x000000000800a14c       0x60 ./Middlewares/STM32_WPAN/tl_mbox.o
                0x000000000800a14c                HW_IPCC_BLE_RxEvtNot
 .text.HW_IPCC_BLE_AclDataAckNot
                0x000000000800a1ac       0x14 ./Middlewares/STM32_WPAN/tl_mbox.o
                0x000000000800a1ac                HW_IPCC_BLE_AclDataAckNot
 .text.TL_SYS_Init
                0x000000000800a1c0       0x54 ./Middlewares/STM32_WPAN/tl_mbox.o
                0x000000000800a1c0                TL_SYS_Init
 .text.TL_SYS_SendCmd
                0x000000000800a214       0x38 ./Middlewares/STM32_WPAN/tl_mbox.o
                0x000000000800a214                TL_SYS_SendCmd
 .text.HW_IPCC_SYS_CmdEvtNot
                0x000000000800a24c       0x2c ./Middlewares/STM32_WPAN/tl_mbox.o
                0x000000000800a24c                HW_IPCC_SYS_CmdEvtNot
 .text.HW_IPCC_SYS_EvtNot
                0x000000000800a278       0x44 ./Middlewares/STM32_WPAN/tl_mbox.o
                0x000000000800a278                HW_IPCC_SYS_EvtNot
 .text.TL_LLDTESTS_Init
                0x000000000800a2bc       0x30 ./Middlewares/STM32_WPAN/tl_mbox.o
                0x000000000800a2bc                TL_LLDTESTS_Init
 .text.TL_LLDTESTS_SendCliCmd
                0x000000000800a2ec       0x1c ./Middlewares/STM32_WPAN/tl_mbox.o
                0x000000000800a2ec                TL_LLDTESTS_SendCliCmd
 .text.HW_IPCC_LLDTESTS_ReceiveCliRsp
                0x000000000800a308       0x18 ./Middlewares/STM32_WPAN/tl_mbox.o
                0x000000000800a308                HW_IPCC_LLDTESTS_ReceiveCliRsp
 .text.TL_LLDTESTS_SendCliRspAck
                0x000000000800a320        0xc ./Middlewares/STM32_WPAN/tl_mbox.o
                0x000000000800a320                TL_LLDTESTS_SendCliRspAck
 .text.HW_IPCC_LLDTESTS_ReceiveM0Cmd
                0x000000000800a32c       0x18 ./Middlewares/STM32_WPAN/tl_mbox.o
                0x000000000800a32c                HW_IPCC_LLDTESTS_ReceiveM0Cmd
 .text.TL_LLDTESTS_SendM0CmdAck
                0x000000000800a344        0xc ./Middlewares/STM32_WPAN/tl_mbox.o
                0x000000000800a344                TL_LLDTESTS_SendM0CmdAck
 .text.TL_MM_Init
                0x000000000800a350       0x78 ./Middlewares/STM32_WPAN/tl_mbox.o
                0x000000000800a350                TL_MM_Init
 .text.TL_MM_EvtDone
                0x000000000800a3c8       0x30 ./Middlewares/STM32_WPAN/tl_mbox.o
                0x000000000800a3c8                TL_MM_EvtDone
 .text.SendFreeBuf
                0x000000000800a3f8       0x40 ./Middlewares/STM32_WPAN/tl_mbox.o
 .text.TL_TRACES_Init
                0x000000000800a438       0x24 ./Middlewares/STM32_WPAN/tl_mbox.o
                0x000000000800a438                TL_TRACES_Init
 .text.HW_IPCC_TRACES_EvtNot
                0x000000000800a45c       0x34 ./Middlewares/STM32_WPAN/tl_mbox.o
                0x000000000800a45c                HW_IPCC_TRACES_EvtNot
 .text.OutputDbgTrace
                0x000000000800a490       0xac ./Middlewares/STM32_WPAN/tl_mbox.o
 .text.UTIL_LPM_Init
                0x000000000800a53c       0x24 ./Utilities/stm32_lpm.o
                0x000000000800a53c                UTIL_LPM_Init
 .text.UTIL_LPM_SetStopMode
                0x000000000800a560       0x60 ./Utilities/stm32_lpm.o
                0x000000000800a560                UTIL_LPM_SetStopMode
 .text.UTIL_LPM_SetOffMode
                0x000000000800a5c0       0x60 ./Utilities/stm32_lpm.o
                0x000000000800a5c0                UTIL_LPM_SetOffMode
 .text.UTIL_LPM_EnterLowPower
                0x000000000800a620       0x6c ./Utilities/stm32_lpm.o
                0x000000000800a620                UTIL_LPM_EnterLowPower
 .text.UTIL_SEQ_Run
                0x000000000800a68c      0x1d4 ./Utilities/stm32_seq.o
                0x000000000800a68c                UTIL_SEQ_Run
 .text.UTIL_SEQ_RegTask
                0x000000000800a860       0x44 ./Utilities/stm32_seq.o
                0x000000000800a860                UTIL_SEQ_RegTask
 .text.UTIL_SEQ_SetTask
                0x000000000800a8a4       0x58 ./Utilities/stm32_seq.o
                0x000000000800a8a4                UTIL_SEQ_SetTask
 .text.UTIL_SEQ_SetEvt
                0x000000000800a8fc       0x40 ./Utilities/stm32_seq.o
                0x000000000800a8fc                UTIL_SEQ_SetEvt
 .text.UTIL_SEQ_WaitEvt
                0x000000000800a93c       0x9c ./Utilities/stm32_seq.o
                0x000000000800a93c                UTIL_SEQ_WaitEvt
 .text.UTIL_SEQ_PreIdle
                0x000000000800a9d8        0xe ./Utilities/stm32_seq.o
                0x000000000800a9d8                UTIL_SEQ_PreIdle
 .text.UTIL_SEQ_PostIdle
                0x000000000800a9e6        0xe ./Utilities/stm32_seq.o
                0x000000000800a9e6                UTIL_SEQ_PostIdle
 .text.SEQ_BitPosition
                0x000000000800a9f4       0x74 ./Utilities/stm32_seq.o
                0x000000000800a9f4                SEQ_BitPosition
 .text.atol     0x000000000800aa68        0x8 c:/st/stm32cubeide_1.9.0/stm32cubeide/plugins/com.st.stm32cube.ide.mcu.externaltools.gnu-tools-for-stm32.10.3-2021.10.win32_1.0.0.202111181127/tools/bin/../lib/gcc/arm-none-eabi/10.3.1/../../../../arm-none-eabi/lib/thumb/v7e-m+fp/hard\libc_nano.a(lib_a-atol.o)
                0x000000000800aa68                atol
 .text.__errno  0x000000000800aa70        0xc c:/st/stm32cubeide_1.9.0/stm32cubeide/plugins/com.st.stm32cube.ide.mcu.externaltools.gnu-tools-for-stm32.10.3-2021.10.win32_1.0.0.202111181127/tools/bin/../lib/gcc/arm-none-eabi/10.3.1/../../../../arm-none-eabi/lib/thumb/v7e-m+fp/hard\libc_nano.a(lib_a-errno.o)
                0x000000000800aa70                __errno
 .text.__libc_init_array
                0x000000000800aa7c       0x48 c:/st/stm32cubeide_1.9.0/stm32cubeide/plugins/com.st.stm32cube.ide.mcu.externaltools.gnu-tools-for-stm32.10.3-2021.10.win32_1.0.0.202111181127/tools/bin/../lib/gcc/arm-none-eabi/10.3.1/../../../../arm-none-eabi/lib/thumb/v7e-m+fp/hard\libc_nano.a(lib_a-init.o)
                0x000000000800aa7c                __libc_init_array
 .text.memcpy   0x000000000800aac4       0x1c c:/st/stm32cubeide_1.9.0/stm32cubeide/plugins/com.st.stm32cube.ide.mcu.externaltools.gnu-tools-for-stm32.10.3-2021.10.win32_1.0.0.202111181127/tools/bin/../lib/gcc/arm-none-eabi/10.3.1/../../../../arm-none-eabi/lib/thumb/v7e-m+fp/hard\libc_nano.a(lib_a-memcpy-stub.o)
                0x000000000800aac4                memcpy
 .text.memset   0x000000000800aae0       0x10 c:/st/stm32cubeide_1.9.0/stm32cubeide/plugins/com.st.stm32cube.ide.mcu.externaltools.gnu-tools-for-stm32.10.3-2021.10.win32_1.0.0.202111181127/tools/bin/../lib/gcc/arm-none-eabi/10.3.1/../../../../arm-none-eabi/lib/thumb/v7e-m+fp/hard\libc_nano.a(lib_a-memset.o)
                0x000000000800aae0                memset
 .text.printf   0x000000000800aaf0       0x30 c:/st/stm32cubeide_1.9.0/stm32cubeide/plugins/com.st.stm32cube.ide.mcu.externaltools.gnu-tools-for-stm32.10.3-2021.10.win32_1.0.0.202111181127/tools/bin/../lib/gcc/arm-none-eabi/10.3.1/../../../../arm-none-eabi/lib/thumb/v7e-m+fp/hard\libc_nano.a(lib_a-printf.o)
                0x000000000800aaf0                iprintf
                0x000000000800aaf0                printf
 .text.snprintf
                0x000000000800ab20       0x68 c:/st/stm32cubeide_1.9.0/stm32cubeide/plugins/com.st.stm32cube.ide.mcu.externaltools.gnu-tools-for-stm32.10.3-2021.10.win32_1.0.0.202111181127/tools/bin/../lib/gcc/arm-none-eabi/10.3.1/../../../../arm-none-eabi/lib/thumb/v7e-m+fp/hard\libc_nano.a(lib_a-snprintf.o)
                0x000000000800ab20                sniprintf
                0x000000000800ab20                snprintf
 .text.sprintf  0x000000000800ab88       0x40 c:/st/stm32cubeide_1.9.0/stm32cubeide/plugins/com.st.stm32cube.ide.mcu.externaltools.gnu-tools-for-stm32.10.3-2021.10.win32_1.0.0.202111181127/tools/bin/../lib/gcc/arm-none-eabi/10.3.1/../../../../arm-none-eabi/lib/thumb/v7e-m+fp/hard\libc_nano.a(lib_a-sprintf.o)
                0x000000000800ab88                siprintf
                0x000000000800ab88                sprintf
 .text.strcpy   0x000000000800abc8       0x10 c:/st/stm32cubeide_1.9.0/stm32cubeide/plugins/com.st.stm32cube.ide.mcu.externaltools.gnu-tools-for-stm32.10.3-2021.10.win32_1.0.0.202111181127/tools/bin/../lib/gcc/arm-none-eabi/10.3.1/../../../../arm-none-eabi/lib/thumb/v7e-m+fp/hard\libc_nano.a(lib_a-strcpy.o)
                0x000000000800abc8                strcpy
 .text.strncmp  0x000000000800abd8       0x28 c:/st/stm32cubeide_1.9.0/stm32cubeide/plugins/com.st.stm32cube.ide.mcu.externaltools.gnu-tools-for-stm32.10.3-2021.10.win32_1.0.0.202111181127/tools/bin/../lib/gcc/arm-none-eabi/10.3.1/../../../../arm-none-eabi/lib/thumb/v7e-m+fp/hard\libc_nano.a(lib_a-strncmp.o)
                0x000000000800abd8                strncmp
 .text.strtok   0x000000000800ac00       0x68 c:/st/stm32cubeide_1.9.0/stm32cubeide/plugins/com.st.stm32cube.ide.mcu.externaltools.gnu-tools-for-stm32.10.3-2021.10.win32_1.0.0.202111181127/tools/bin/../lib/gcc/arm-none-eabi/10.3.1/../../../../arm-none-eabi/lib/thumb/v7e-m+fp/hard\libc_nano.a(lib_a-strtok.o)
                0x000000000800ac00                strtok
 .text.__strtok_r
                0x000000000800ac68       0x50 c:/st/stm32cubeide_1.9.0/stm32cubeide/plugins/com.st.stm32cube.ide.mcu.externaltools.gnu-tools-for-stm32.10.3-2021.10.win32_1.0.0.202111181127/tools/bin/../lib/gcc/arm-none-eabi/10.3.1/../../../../arm-none-eabi/lib/thumb/v7e-m+fp/hard\libc_nano.a(lib_a-strtok_r.o)
                0x000000000800ac68                __strtok_r
 .text._strtol_l.constprop.0
                0x000000000800acb8      0x104 c:/st/stm32cubeide_1.9.0/stm32cubeide/plugins/com.st.stm32cube.ide.mcu.externaltools.gnu-tools-for-stm32.10.3-2021.10.win32_1.0.0.202111181127/tools/bin/../lib/gcc/arm-none-eabi/10.3.1/../../../../arm-none-eabi/lib/thumb/v7e-m+fp/hard\libc_nano.a(lib_a-strtol.o)
 .text.strtol   0x000000000800adbc       0x14 c:/st/stm32cubeide_1.9.0/stm32cubeide/plugins/com.st.stm32cube.ide.mcu.externaltools.gnu-tools-for-stm32.10.3-2021.10.win32_1.0.0.202111181127/tools/bin/../lib/gcc/arm-none-eabi/10.3.1/../../../../arm-none-eabi/lib/thumb/v7e-m+fp/hard\libc_nano.a(lib_a-strtol.o)
                0x000000000800adbc                strtol
 .text._vsnprintf_r
                0x000000000800add0       0x56 c:/st/stm32cubeide_1.9.0/stm32cubeide/plugins/com.st.stm32cube.ide.mcu.externaltools.gnu-tools-for-stm32.10.3-2021.10.win32_1.0.0.202111181127/tools/bin/../lib/gcc/arm-none-eabi/10.3.1/../../../../arm-none-eabi/lib/thumb/v7e-m+fp/hard\libc_nano.a(lib_a-vsnprintf.o)
                0x000000000800add0                _vsniprintf_r
                0x000000000800add0                _vsnprintf_r
 *fill*         0x000000000800ae26        0x2 
 .text.vsnprintf
                0x000000000800ae28       0x1c c:/st/stm32cubeide_1.9.0/stm32cubeide/plugins/com.st.stm32cube.ide.mcu.externaltools.gnu-tools-for-stm32.10.3-2021.10.win32_1.0.0.202111181127/tools/bin/../lib/gcc/arm-none-eabi/10.3.1/../../../../arm-none-eabi/lib/thumb/v7e-m+fp/hard\libc_nano.a(lib_a-vsnprintf.o)
                0x000000000800ae28                vsniprintf
                0x000000000800ae28                vsnprintf
 .text.__assert_func
                0x000000000800ae44       0x3c c:/st/stm32cubeide_1.9.0/stm32cubeide/plugins/com.st.stm32cube.ide.mcu.externaltools.gnu-tools-for-stm32.10.3-2021.10.win32_1.0.0.202111181127/tools/bin/../lib/gcc/arm-none-eabi/10.3.1/../../../../arm-none-eabi/lib/thumb/v7e-m+fp/hard\libc_nano.a(lib_a-assert.o)
                0x000000000800ae44                __assert_func
 .text.std      0x000000000800ae80       0x48 c:/st/stm32cubeide_1.9.0/stm32cubeide/plugins/com.st.stm32cube.ide.mcu.externaltools.gnu-tools-for-stm32.10.3-2021.10.win32_1.0.0.202111181127/tools/bin/../lib/gcc/arm-none-eabi/10.3.1/../../../../arm-none-eabi/lib/thumb/v7e-m+fp/hard\libc_nano.a(lib_a-findfp.o)
 .text._cleanup_r
                0x000000000800aec8        0xc c:/st/stm32cubeide_1.9.0/stm32cubeide/plugins/com.st.stm32cube.ide.mcu.externaltools.gnu-tools-for-stm32.10.3-2021.10.win32_1.0.0.202111181127/tools/bin/../lib/gcc/arm-none-eabi/10.3.1/../../../../arm-none-eabi/lib/thumb/v7e-m+fp/hard\libc_nano.a(lib_a-findfp.o)
                0x000000000800aec8                _cleanup_r
 .text.__sfmoreglue
                0x000000000800aed4       0x2c c:/st/stm32cubeide_1.9.0/stm32cubeide/plugins/com.st.stm32cube.ide.mcu.externaltools.gnu-tools-for-stm32.10.3-2021.10.win32_1.0.0.202111181127/tools/bin/../lib/gcc/arm-none-eabi/10.3.1/../../../../arm-none-eabi/lib/thumb/v7e-m+fp/hard\libc_nano.a(lib_a-findfp.o)
                0x000000000800aed4                __sfmoreglue
 .text.__sfp_lock_acquire
                0x000000000800af00        0xc c:/st/stm32cubeide_1.9.0/stm32cubeide/plugins/com.st.stm32cube.ide.mcu.externaltools.gnu-tools-for-stm32.10.3-2021.10.win32_1.0.0.202111181127/tools/bin/../lib/gcc/arm-none-eabi/10.3.1/../../../../arm-none-eabi/lib/thumb/v7e-m+fp/hard\libc_nano.a(lib_a-findfp.o)
                0x000000000800af00                __sfp_lock_acquire
 .text.__sfp_lock_release
                0x000000000800af0c        0xc c:/st/stm32cubeide_1.9.0/stm32cubeide/plugins/com.st.stm32cube.ide.mcu.externaltools.gnu-tools-for-stm32.10.3-2021.10.win32_1.0.0.202111181127/tools/bin/../lib/gcc/arm-none-eabi/10.3.1/../../../../arm-none-eabi/lib/thumb/v7e-m+fp/hard\libc_nano.a(lib_a-findfp.o)
                0x000000000800af0c                __sfp_lock_release
 .text.__sinit_lock_acquire
                0x000000000800af18        0xc c:/st/stm32cubeide_1.9.0/stm32cubeide/plugins/com.st.stm32cube.ide.mcu.externaltools.gnu-tools-for-stm32.10.3-2021.10.win32_1.0.0.202111181127/tools/bin/../lib/gcc/arm-none-eabi/10.3.1/../../../../arm-none-eabi/lib/thumb/v7e-m+fp/hard\libc_nano.a(lib_a-findfp.o)
                0x000000000800af18                __sinit_lock_acquire
 .text.__sinit_lock_release
                0x000000000800af24        0xc c:/st/stm32cubeide_1.9.0/stm32cubeide/plugins/com.st.stm32cube.ide.mcu.externaltools.gnu-tools-for-stm32.10.3-2021.10.win32_1.0.0.202111181127/tools/bin/../lib/gcc/arm-none-eabi/10.3.1/../../../../arm-none-eabi/lib/thumb/v7e-m+fp/hard\libc_nano.a(lib_a-findfp.o)
                0x000000000800af24                __sinit_lock_release
 .text.__sinit  0x000000000800af30       0x70 c:/st/stm32cubeide_1.9.0/stm32cubeide/plugins/com.st.stm32cube.ide.mcu.externaltools.gnu-tools-for-stm32.10.3-2021.10.win32_1.0.0.202111181127/tools/bin/../lib/gcc/arm-none-eabi/10.3.1/../../../../arm-none-eabi/lib/thumb/v7e-m+fp/hard\libc_nano.a(lib_a-findfp.o)
                0x000000000800af30                __sinit
 .text.__sfp    0x000000000800afa0       0x8c c:/st/stm32cubeide_1.9.0/stm32cubeide/plugins/com.st.stm32cube.ide.mcu.externaltools.gnu-tools-for-stm32.10.3-2021.10.win32_1.0.0.202111181127/tools/bin/../lib/gcc/arm-none-eabi/10.3.1/../../../../arm-none-eabi/lib/thumb/v7e-m+fp/hard\libc_nano.a(lib_a-findfp.o)
                0x000000000800afa0                __sfp
 .text.fprintf  0x000000000800b02c       0x24 c:/st/stm32cubeide_1.9.0/stm32cubeide/plugins/com.st.stm32cube.ide.mcu.externaltools.gnu-tools-for-stm32.10.3-2021.10.win32_1.0.0.202111181127/tools/bin/../lib/gcc/arm-none-eabi/10.3.1/../../../../arm-none-eabi/lib/thumb/v7e-m+fp/hard\libc_nano.a(lib_a-fprintf.o)
                0x000000000800b02c                fiprintf
                0x000000000800b02c                fprintf
 .text._fwalk_reent
                0x000000000800b050       0x3e c:/st/stm32cubeide_1.9.0/stm32cubeide/plugins/com.st.stm32cube.ide.mcu.externaltools.gnu-tools-for-stm32.10.3-2021.10.win32_1.0.0.202111181127/tools/bin/../lib/gcc/arm-none-eabi/10.3.1/../../../../arm-none-eabi/lib/thumb/v7e-m+fp/hard\libc_nano.a(lib_a-fwalk.o)
                0x000000000800b050                _fwalk_reent
 .text.__retarget_lock_init_recursive
                0x000000000800b08e        0x2 c:/st/stm32cubeide_1.9.0/stm32cubeide/plugins/com.st.stm32cube.ide.mcu.externaltools.gnu-tools-for-stm32.10.3-2021.10.win32_1.0.0.202111181127/tools/bin/../lib/gcc/arm-none-eabi/10.3.1/../../../../arm-none-eabi/lib/thumb/v7e-m+fp/hard\libc_nano.a(lib_a-lock.o)
                0x000000000800b08e                __retarget_lock_init_recursive
 .text.__retarget_lock_acquire_recursive
                0x000000000800b090        0x2 c:/st/stm32cubeide_1.9.0/stm32cubeide/plugins/com.st.stm32cube.ide.mcu.externaltools.gnu-tools-for-stm32.10.3-2021.10.win32_1.0.0.202111181127/tools/bin/../lib/gcc/arm-none-eabi/10.3.1/../../../../arm-none-eabi/lib/thumb/v7e-m+fp/hard\libc_nano.a(lib_a-lock.o)
                0x000000000800b090                __retarget_lock_acquire_recursive
 .text.__retarget_lock_release_recursive
                0x000000000800b092        0x2 c:/st/stm32cubeide_1.9.0/stm32cubeide/plugins/com.st.stm32cube.ide.mcu.externaltools.gnu-tools-for-stm32.10.3-2021.10.win32_1.0.0.202111181127/tools/bin/../lib/gcc/arm-none-eabi/10.3.1/../../../../arm-none-eabi/lib/thumb/v7e-m+fp/hard\libc_nano.a(lib_a-lock.o)
                0x000000000800b092                __retarget_lock_release_recursive
 .text.malloc   0x000000000800b094       0x10 c:/st/stm32cubeide_1.9.0/stm32cubeide/plugins/com.st.stm32cube.ide.mcu.externaltools.gnu-tools-for-stm32.10.3-2021.10.win32_1.0.0.202111181127/tools/bin/../lib/gcc/arm-none-eabi/10.3.1/../../../../arm-none-eabi/lib/thumb/v7e-m+fp/hard\libc_nano.a(lib_a-malloc.o)
                0x000000000800b094                malloc
 .text._free_r  0x000000000800b0a4       0x98 c:/st/stm32cubeide_1.9.0/stm32cubeide/plugins/com.st.stm32cube.ide.mcu.externaltools.gnu-tools-for-stm32.10.3-2021.10.win32_1.0.0.202111181127/tools/bin/../lib/gcc/arm-none-eabi/10.3.1/../../../../arm-none-eabi/lib/thumb/v7e-m+fp/hard\libc_nano.a(lib_a-nano-freer.o)
                0x000000000800b0a4                _free_r
 .text.sbrk_aligned
                0x000000000800b13c       0x40 c:/st/stm32cubeide_1.9.0/stm32cubeide/plugins/com.st.stm32cube.ide.mcu.externaltools.gnu-tools-for-stm32.10.3-2021.10.win32_1.0.0.202111181127/tools/bin/../lib/gcc/arm-none-eabi/10.3.1/../../../../arm-none-eabi/lib/thumb/v7e-m+fp/hard\libc_nano.a(lib_a-nano-mallocr.o)
 .text._malloc_r
                0x000000000800b17c       0xe8 c:/st/stm32cubeide_1.9.0/stm32cubeide/plugins/com.st.stm32cube.ide.mcu.externaltools.gnu-tools-for-stm32.10.3-2021.10.win32_1.0.0.202111181127/tools/bin/../lib/gcc/arm-none-eabi/10.3.1/../../../../arm-none-eabi/lib/thumb/v7e-m+fp/hard\libc_nano.a(lib_a-nano-mallocr.o)
                0x000000000800b17c                _malloc_r
 .text.__ssputs_r
                0x000000000800b264       0xb6 c:/st/stm32cubeide_1.9.0/stm32cubeide/plugins/com.st.stm32cube.ide.mcu.externaltools.gnu-tools-for-stm32.10.3-2021.10.win32_1.0.0.202111181127/tools/bin/../lib/gcc/arm-none-eabi/10.3.1/../../../../arm-none-eabi/lib/thumb/v7e-m+fp/hard\libc_nano.a(lib_a-nano-svfprintf.o)
                0x000000000800b264                __ssputs_r
 *fill*         0x000000000800b31a        0x2 
 .text._svfprintf_r
                0x000000000800b31c      0x200 c:/st/stm32cubeide_1.9.0/stm32cubeide/plugins/com.st.stm32cube.ide.mcu.externaltools.gnu-tools-for-stm32.10.3-2021.10.win32_1.0.0.202111181127/tools/bin/../lib/gcc/arm-none-eabi/10.3.1/../../../../arm-none-eabi/lib/thumb/v7e-m+fp/hard\libc_nano.a(lib_a-nano-svfprintf.o)
                0x000000000800b31c                _svfiprintf_r
                0x000000000800b31c                _svfprintf_r
 .text.__sfputc_r
                0x000000000800b51c       0x2e c:/st/stm32cubeide_1.9.0/stm32cubeide/plugins/com.st.stm32cube.ide.mcu.externaltools.gnu-tools-for-stm32.10.3-2021.10.win32_1.0.0.202111181127/tools/bin/../lib/gcc/arm-none-eabi/10.3.1/../../../../arm-none-eabi/lib/thumb/v7e-m+fp/hard\libc_nano.a(lib_a-nano-vfprintf.o)
 .text.__sfputs_r
                0x000000000800b54a       0x24 c:/st/stm32cubeide_1.9.0/stm32cubeide/plugins/com.st.stm32cube.ide.mcu.externaltools.gnu-tools-for-stm32.10.3-2021.10.win32_1.0.0.202111181127/tools/bin/../lib/gcc/arm-none-eabi/10.3.1/../../../../arm-none-eabi/lib/thumb/v7e-m+fp/hard\libc_nano.a(lib_a-nano-vfprintf.o)
                0x000000000800b54a                __sfputs_r
 *fill*         0x000000000800b56e        0x2 
 .text._vfprintf_r
                0x000000000800b570      0x260 c:/st/stm32cubeide_1.9.0/stm32cubeide/plugins/com.st.stm32cube.ide.mcu.externaltools.gnu-tools-for-stm32.10.3-2021.10.win32_1.0.0.202111181127/tools/bin/../lib/gcc/arm-none-eabi/10.3.1/../../../../arm-none-eabi/lib/thumb/v7e-m+fp/hard\libc_nano.a(lib_a-nano-vfprintf.o)
                0x000000000800b570                _vfprintf_r
                0x000000000800b570                _vfiprintf_r
 .text._printf_common
                0x000000000800b7d0       0xda c:/st/stm32cubeide_1.9.0/stm32cubeide/plugins/com.st.stm32cube.ide.mcu.externaltools.gnu-tools-for-stm32.10.3-2021.10.win32_1.0.0.202111181127/tools/bin/../lib/gcc/arm-none-eabi/10.3.1/../../../../arm-none-eabi/lib/thumb/v7e-m+fp/hard\libc_nano.a(lib_a-nano-vfprintf_i.o)
                0x000000000800b7d0                _printf_common
 *fill*         0x000000000800b8aa        0x2 
 .text._printf_i
                0x000000000800b8ac      0x24c c:/st/stm32cubeide_1.9.0/stm32cubeide/plugins/com.st.stm32cube.ide.mcu.externaltools.gnu-tools-for-stm32.10.3-2021.10.win32_1.0.0.202111181127/tools/bin/../lib/gcc/arm-none-eabi/10.3.1/../../../../arm-none-eabi/lib/thumb/v7e-m+fp/hard\libc_nano.a(lib_a-nano-vfprintf_i.o)
                0x000000000800b8ac                _printf_i
 .text._sbrk_r  0x000000000800baf8       0x20 c:/st/stm32cubeide_1.9.0/stm32cubeide/plugins/com.st.stm32cube.ide.mcu.externaltools.gnu-tools-for-stm32.10.3-2021.10.win32_1.0.0.202111181127/tools/bin/../lib/gcc/arm-none-eabi/10.3.1/../../../../arm-none-eabi/lib/thumb/v7e-m+fp/hard\libc_nano.a(lib_a-sbrkr.o)
                0x000000000800baf8                _sbrk_r
 .text.__sread  0x000000000800bb18       0x22 c:/st/stm32cubeide_1.9.0/stm32cubeide/plugins/com.st.stm32cube.ide.mcu.externaltools.gnu-tools-for-stm32.10.3-2021.10.win32_1.0.0.202111181127/tools/bin/../lib/gcc/arm-none-eabi/10.3.1/../../../../arm-none-eabi/lib/thumb/v7e-m+fp/hard\libc_nano.a(lib_a-stdio.o)
                0x000000000800bb18                __sread
 .text.__swrite